Archive member included to satisfy reference by file (symbol)

e:/cubemx/gcc-arm-none-eabi/bin/../lib/gcc/arm-none-eabi/9.2.1/../../../../arm-none-eabi/lib/thumb/v7e-m+fp/hard\libm.a(lib_a-s_cos.o)
                              CMakeFiles/Gimbal_Board.elf.dir/module/M_Gimbal.cpp.obj (cos)
e:/cubemx/gcc-arm-none-eabi/bin/../lib/gcc/arm-none-eabi/9.2.1/../../../../arm-none-eabi/lib/thumb/v7e-m+fp/hard\libm.a(lib_a-s_sin.o)
                              CMakeFiles/Gimbal_Board.elf.dir/module/M_Gimbal.cpp.obj (sin)
e:/cubemx/gcc-arm-none-eabi/bin/../lib/gcc/arm-none-eabi/9.2.1/../../../../arm-none-eabi/lib/thumb/v7e-m+fp/hard\libm.a(lib_a-sf_cos.o)
                              CMakeFiles/Gimbal_Board.elf.dir/components/Include/AHRS_middleware.c.obj (cosf)
e:/cubemx/gcc-arm-none-eabi/bin/../lib/gcc/arm-none-eabi/9.2.1/../../../../arm-none-eabi/lib/thumb/v7e-m+fp/hard\libm.a(lib_a-sf_sin.o)
                              CMakeFiles/Gimbal_Board.elf.dir/components/Include/AHRS_middleware.c.obj (sinf)
e:/cubemx/gcc-arm-none-eabi/bin/../lib/gcc/arm-none-eabi/9.2.1/../../../../arm-none-eabi/lib/thumb/v7e-m+fp/hard\libm.a(lib_a-sf_tan.o)
                              CMakeFiles/Gimbal_Board.elf.dir/components/Include/AHRS_middleware.c.obj (tanf)
e:/cubemx/gcc-arm-none-eabi/bin/../lib/gcc/arm-none-eabi/9.2.1/../../../../arm-none-eabi/lib/thumb/v7e-m+fp/hard\libm.a(lib_a-w_sqrt.o)
                              CMakeFiles/Gimbal_Board.elf.dir/components/devices/MahonyAHRS.c.obj (sqrt)
e:/cubemx/gcc-arm-none-eabi/bin/../lib/gcc/arm-none-eabi/9.2.1/../../../../arm-none-eabi/lib/thumb/v7e-m+fp/hard\libm.a(lib_a-wf_acos.o)
                              CMakeFiles/Gimbal_Board.elf.dir/components/Include/AHRS_middleware.c.obj (acosf)
e:/cubemx/gcc-arm-none-eabi/bin/../lib/gcc/arm-none-eabi/9.2.1/../../../../arm-none-eabi/lib/thumb/v7e-m+fp/hard\libm.a(lib_a-wf_asin.o)
                              CMakeFiles/Gimbal_Board.elf.dir/Application/INS_task.c.obj (asinf)
e:/cubemx/gcc-arm-none-eabi/bin/../lib/gcc/arm-none-eabi/9.2.1/../../../../arm-none-eabi/lib/thumb/v7e-m+fp/hard\libm.a(lib_a-wf_atan2.o)
                              CMakeFiles/Gimbal_Board.elf.dir/Application/INS_task.c.obj (atan2f)
e:/cubemx/gcc-arm-none-eabi/bin/../lib/gcc/arm-none-eabi/9.2.1/../../../../arm-none-eabi/lib/thumb/v7e-m+fp/hard\libm.a(lib_a-wf_sqrt.o)
                              CMakeFiles/Gimbal_Board.elf.dir/components/Include/AHRS_middleware.c.obj (sqrtf)
e:/cubemx/gcc-arm-none-eabi/bin/../lib/gcc/arm-none-eabi/9.2.1/../../../../arm-none-eabi/lib/thumb/v7e-m+fp/hard\libm.a(lib_a-e_rem_pio2.o)
                              e:/cubemx/gcc-arm-none-eabi/bin/../lib/gcc/arm-none-eabi/9.2.1/../../../../arm-none-eabi/lib/thumb/v7e-m+fp/hard\libm.a(lib_a-s_cos.o) (__ieee754_rem_pio2)
e:/cubemx/gcc-arm-none-eabi/bin/../lib/gcc/arm-none-eabi/9.2.1/../../../../arm-none-eabi/lib/thumb/v7e-m+fp/hard\libm.a(lib_a-e_sqrt.o)
                              e:/cubemx/gcc-arm-none-eabi/bin/../lib/gcc/arm-none-eabi/9.2.1/../../../../arm-none-eabi/lib/thumb/v7e-m+fp/hard\libm.a(lib_a-w_sqrt.o) (__ieee754_sqrt)
e:/cubemx/gcc-arm-none-eabi/bin/../lib/gcc/arm-none-eabi/9.2.1/../../../../arm-none-eabi/lib/thumb/v7e-m+fp/hard\libm.a(lib_a-ef_acos.o)
                              e:/cubemx/gcc-arm-none-eabi/bin/../lib/gcc/arm-none-eabi/9.2.1/../../../../arm-none-eabi/lib/thumb/v7e-m+fp/hard\libm.a(lib_a-wf_acos.o) (__ieee754_acosf)
e:/cubemx/gcc-arm-none-eabi/bin/../lib/gcc/arm-none-eabi/9.2.1/../../../../arm-none-eabi/lib/thumb/v7e-m+fp/hard\libm.a(lib_a-ef_asin.o)
                              e:/cubemx/gcc-arm-none-eabi/bin/../lib/gcc/arm-none-eabi/9.2.1/../../../../arm-none-eabi/lib/thumb/v7e-m+fp/hard\libm.a(lib_a-wf_asin.o) (__ieee754_asinf)
e:/cubemx/gcc-arm-none-eabi/bin/../lib/gcc/arm-none-eabi/9.2.1/../../../../arm-none-eabi/lib/thumb/v7e-m+fp/hard\libm.a(lib_a-ef_atan2.o)
                              e:/cubemx/gcc-arm-none-eabi/bin/../lib/gcc/arm-none-eabi/9.2.1/../../../../arm-none-eabi/lib/thumb/v7e-m+fp/hard\libm.a(lib_a-wf_atan2.o) (__ieee754_atan2f)
e:/cubemx/gcc-arm-none-eabi/bin/../lib/gcc/arm-none-eabi/9.2.1/../../../../arm-none-eabi/lib/thumb/v7e-m+fp/hard\libm.a(lib_a-ef_rem_pio2.o)
                              e:/cubemx/gcc-arm-none-eabi/bin/../lib/gcc/arm-none-eabi/9.2.1/../../../../arm-none-eabi/lib/thumb/v7e-m+fp/hard\libm.a(lib_a-sf_cos.o) (__ieee754_rem_pio2f)
e:/cubemx/gcc-arm-none-eabi/bin/../lib/gcc/arm-none-eabi/9.2.1/../../../../arm-none-eabi/lib/thumb/v7e-m+fp/hard\libm.a(lib_a-ef_sqrt.o)
                              e:/cubemx/gcc-arm-none-eabi/bin/../lib/gcc/arm-none-eabi/9.2.1/../../../../arm-none-eabi/lib/thumb/v7e-m+fp/hard\libm.a(lib_a-wf_sqrt.o) (__ieee754_sqrtf)
e:/cubemx/gcc-arm-none-eabi/bin/../lib/gcc/arm-none-eabi/9.2.1/../../../../arm-none-eabi/lib/thumb/v7e-m+fp/hard\libm.a(lib_a-k_cos.o)
[...]
Memory Configuration

Name             Origin             Length             Attributes
RAM              0x20000000         0x00020000         xrw
CCMRAM           0x10000000         0x00010000         xrw
FLASH            0x08000000         0x00100000         xr
*default*        0x00000000         0xffffffff

Linker script and memory map

LOAD e:/cubemx/gcc-arm-none-eabi/bin/../lib/gcc/arm-none-eabi/9.2.1/thumb/v7e-m+fp/hard/crti.o
LOAD e:/cubemx/gcc-arm-none-eabi/bin/../lib/gcc/arm-none-eabi/9.2.1/thumb/v7e-m+fp/hard/crtbegin.o
LOAD e:/cubemx/gcc-arm-none-eabi/bin/../lib/gcc/arm-none-eabi/9.2.1/../../../../arm-none-eabi/lib/thumb/v7e-m+fp/hard/crt0.o
LOAD CMakeFiles/Gimbal_Board.elf.dir/Application/Communication_task.cpp.obj
LOAD CMakeFiles/Gimbal_Board.elf.dir/Application/IMU_data.cpp.obj
LOAD CMakeFiles/Gimbal_Board.elf.dir/Application/INS_task.c.obj
LOAD CMakeFiles/Gimbal_Board.elf.dir/Application/System_Config.cpp.obj
LOAD CMakeFiles/Gimbal_Board.elf.dir/Application/gimbal_task.cpp.obj
LOAD CMakeFiles/Gimbal_Board.elf.dir/Drivers/STM32F4xx_HAL_Driver/Src/stm32f4xx_hal.c.obj
LOAD CMakeFiles/Gimbal_Board.elf.dir/Drivers/STM32F4xx_HAL_Driver/Src/stm32f4xx_hal_adc.c.obj
LOAD CMakeFiles/Gimbal_Board.elf.dir/Drivers/STM32F4xx_HAL_Driver/Src/stm32f4xx_hal_adc_ex.c.obj
LOAD CMakeFiles/Gimbal_Board.elf.dir/Drivers/STM32F4xx_HAL_Driver/Src/stm32f4xx_hal_can.c.obj
LOAD CMakeFiles/Gimbal_Board.elf.dir/Drivers/STM32F4xx_HAL_Driver/Src/stm32f4xx_hal_cortex.c.obj
LOAD CMakeFiles/Gimbal_Board.elf.dir/Drivers/STM32F4xx_HAL_Driver/Src/stm32f4xx_hal_crc.c.obj
LOAD CMakeFiles/Gimbal_Board.elf.dir/Drivers/STM32F4xx_HAL_Driver/Src/stm32f4xx_hal_dma.c.obj
LOAD CMakeFiles/Gimbal_Board.elf.dir/Drivers/STM32F4xx_HAL_Driver/Src/stm32f4xx_hal_dma_ex.c.obj
LOAD CMakeFiles/Gimbal_Board.elf.dir/Drivers/STM32F4xx_HAL_Driver/Src/stm32f4xx_hal_exti.c.obj
LOAD CMakeFiles/Gimbal_Board.elf.dir/Drivers/STM32F4xx_HAL_Driver/Src/stm32f4xx_hal_flash.c.obj
LOAD CMakeFiles/Gimbal_Board.elf.dir/Drivers/STM32F4xx_HAL_Driver/Src/stm32f4xx_hal_flash_ex.c.obj
LOAD CMakeFiles/Gimbal_Board.elf.dir/Drivers/STM32F4xx_HAL_Driver/Src/stm32f4xx_hal_flash_ramfunc.c.obj
LOAD CMakeFiles/Gimbal_Board.elf.dir/Drivers/STM32F4xx_HAL_Driver/Src/stm32f4xx_hal_gpio.c.obj
LOAD CMakeFiles/Gimbal_Board.elf.dir/Drivers/STM32F4xx_HAL_Driver/Src/stm32f4xx_hal_i2c.c.obj
LOAD CMakeFiles/Gimbal_Board.elf.dir/Drivers/STM32F4xx_HAL_Driver/Src/stm32f4xx_hal_i2c_ex.c.obj
LOAD CMakeFiles/Gimbal_Board.elf.dir/Drivers/STM32F4xx_HAL_Driver/Src/stm32f4xx_hal_pcd.c.obj
LOAD CMakeFiles/Gimbal_Board.elf.dir/Drivers/STM32F4xx_HAL_Driver/Src/stm32f4xx_hal_pcd_ex.c.obj
LOAD CMakeFiles/Gimbal_Board.elf.dir/Drivers/STM32F4xx_HAL_Driver/Src/stm32f4xx_hal_pwr.c.obj
LOAD CMakeFiles/Gimbal_Board.elf.dir/Drivers/STM32F4xx_HAL_Driver/Src/stm32f4xx_hal_pwr_ex.c.obj
LOAD CMakeFiles/Gimbal_Board.elf.dir/Drivers/STM32F4xx_HAL_Driver/Src/stm32f4xx_hal_rcc.c.obj
LOAD CMakeFiles/Gimbal_Board.elf.dir/Drivers/STM32F4xx_HAL_Driver/Src/stm32f4xx_hal_rcc_ex.c.obj
LOAD CMakeFiles/Gimbal_Board.elf.dir/Drivers/STM32F4xx_HAL_Driver/Src/stm32f4xx_hal_rng.c.obj
LOAD CMakeFiles/Gimbal_Board.elf.dir/Drivers/STM32F4xx_HAL_Driver/Src/stm32f4xx_hal_rtc.c.obj
LOAD CMakeFiles/Gimbal_Board.elf.dir/Drivers/STM32F4xx_HAL_Driver/Src/stm32f4xx_hal_rtc_ex.c.obj
LOAD CMakeFiles/Gimbal_Board.elf.dir/Drivers/STM32F4xx_HAL_Driver/Src/stm32f4xx_hal_spi.c.obj
LOAD CMakeFiles/Gimbal_Board.elf.dir/Drivers/STM32F4xx_HAL_Driver/Src/stm32f4xx_hal_tim.c.obj
LOAD CMakeFiles/Gimbal_Board.elf.dir/Drivers/STM32F4xx_HAL_Driver/Src/stm32f4xx_hal_tim_ex.c.obj
LOAD CMakeFiles/Gimbal_Board.elf.dir/Drivers/STM32F4xx_HAL_Driver/Src/stm32f4xx_hal_uart.c.obj
LOAD CMakeFiles/Gimbal_Board.elf.dir/Drivers/STM32F4xx_HAL_Driver/Src/stm32f4xx_ll_usb.c.obj
LOAD CMakeFiles/Gimbal_Board.elf.dir/Middlewares/ST/STM32_USB_Device_Library/Class/CDC/Src/usbd_cdc.c.obj
LOAD CMakeFiles/Gimbal_Board.elf.dir/Middlewares/ST/STM32_USB_Device_Library/Core/Src/usbd_core.c.obj
LOAD CMakeFiles/Gimbal_Board.elf.dir/Middlewares/ST/STM32_USB_Device_Library/Core/Src/usbd_ctlreq.c.obj
LOAD CMakeFiles/Gimbal_Board.elf.dir/Middlewares/ST/STM32_USB_Device_Library/Core/Src/usbd_ioreq.c.obj
LOAD CMakeFiles/Gimbal_Board.elf.dir/Middlewares/Third_Party/FreeRTOS/Source/CMSIS_RTOS/cmsis_os.c.obj
LOAD CMakeFiles/Gimbal_Board.elf.dir/Middlewares/Third_Party/FreeRTOS/Source/croutine.c.obj
LOAD CMakeFiles/Gimbal_Board.elf.dir/Middlewares/Third_Party/FreeRTOS/Source/event_groups.c.obj
LOAD CMakeFiles/Gimbal_Board.elf.dir/Middlewares/Third_Party/FreeRTOS/Source/list.c.obj
LOAD CMakeFiles/Gimbal_Board.elf.dir/Middlewares/Third_Party/FreeRTOS/Source/portable/GCC/ARM_CM4F/port.c.obj
LOAD CMakeFiles/Gimbal_Board.elf.dir/Middlewares/Third_Party/FreeRTOS/Source/portable/MemMang/heap_4.c.obj
LOAD CMakeFiles/Gimbal_Board.elf.dir/Middlewares/Third_Party/FreeRTOS/Source/queue.c.obj
LOAD CMakeFiles/Gimbal_Board.elf.dir/Middlewares/Third_Party/FreeRTOS/Source/stream_buffer.c.obj
LOAD CMakeFiles/Gimbal_Board.elf.dir/Middlewares/Third_Party/FreeRTOS/Source/tasks.c.obj
LOAD CMakeFiles/Gimbal_Board.elf.dir/Middlewares/Third_Party/FreeRTOS/Source/timers.c.obj
LOAD CMakeFiles/Gimbal_Board.elf.dir/Src/adc.c.obj
LOAD CMakeFiles/Gimbal_Board.elf.dir/Src/can.c.obj
LOAD CMakeFiles/Gimbal_Board.elf.dir/Src/crc.c.obj
LOAD CMakeFiles/Gimbal_Board.elf.dir/Src/dma.c.obj
LOAD CMakeFiles/Gimbal_Board.elf.dir/Src/freertos.c.obj
LOAD CMakeFiles/Gimbal_Board.elf.dir/Src/gpio.c.obj
LOAD CMakeFiles/Gimbal_Board.elf.dir/Src/i2c.c.obj
LOAD CMakeFiles/Gimbal_Board.elf.dir/Src/main.c.obj
LOAD CMakeFiles/Gimbal_Board.elf.dir/Src/rng.c.obj
LOAD CMakeFiles/Gimbal_Board.elf.dir/Src/rtc.c.obj
LOAD CMakeFiles/Gimbal_Board.elf.dir/Src/spi.c.obj
LOAD CMakeFiles/Gimbal_Board.elf.dir/Src/stm32f4xx_hal_msp.c.obj
LOAD CMakeFiles/Gimbal_Board.elf.dir/Src/stm32f4xx_it.c.obj
LOAD CMakeFiles/Gimbal_Board.elf.dir/Src/syscalls.c.obj
LOAD CMakeFiles/Gimbal_Board.elf.dir/Src/system_stm32f4xx.c.obj
LOAD CMakeFiles/Gimbal_Board.elf.dir/Src/tim.c.obj
LOAD CMakeFiles/Gimbal_Board.elf.dir/Src/usart.c.obj
LOAD CMakeFiles/Gimbal_Board.elf.dir/Src/usb_device.c.obj
LOAD CMakeFiles/Gimbal_Board.elf.dir/Src/usbd_cdc_if.c.obj
LOAD CMakeFiles/Gimbal_Board.elf.dir/Src/usbd_conf.c.obj
LOAD CMakeFiles/Gimbal_Board.elf.dir/Src/usbd_desc.c.obj
LOAD CMakeFiles/Gimbal_Board.elf.dir/components/Include/AHRS_middleware.c.obj
LOAD CMakeFiles/Gimbal_Board.elf.dir/components/devices/BMI088Middleware.c.obj
LOAD CMakeFiles/Gimbal_Board.elf.dir/components/devices/BMI088driver.c.obj
LOAD CMakeFiles/Gimbal_Board.elf.dir/components/devices/MahonyAHRS.c.obj
LOAD CMakeFiles/Gimbal_Board.elf.dir/components/devices/ist8310driver.c.obj
LOAD CMakeFiles/Gimbal_Board.elf.dir/components/devices/ist8310driver_middleware.c.obj
LOAD CMakeFiles/Gimbal_Board.elf.dir/components/support/CRC8_CRC16.c.obj
LOAD CMakeFiles/Gimbal_Board.elf.dir/components/support/fifo.c.obj
LOAD CMakeFiles/Gimbal_Board.elf.dir/components/support/mem_mang4.c.obj
LOAD CMakeFiles/Gimbal_Board.elf.dir/hardware/bsp_adc.c.obj
LOAD CMakeFiles/Gimbal_Board.elf.dir/hardware/bsp_buzzer.c.obj
LOAD CMakeFiles/Gimbal_Board.elf.dir/hardware/bsp_can.c.obj
LOAD CMakeFiles/Gimbal_Board.elf.dir/hardware/bsp_delay.c.obj
LOAD CMakeFiles/Gimbal_Board.elf.dir/hardware/bsp_fric.c.obj
LOAD CMakeFiles/Gimbal_Board.elf.dir/hardware/bsp_i2c.c.obj
LOAD CMakeFiles/Gimbal_Board.elf.dir/hardware/bsp_imu_pwm.c.obj
LOAD CMakeFiles/Gimbal_Board.elf.dir/hardware/bsp_laser.c.obj
LOAD CMakeFiles/Gimbal_Board.elf.dir/hardware/bsp_servo_pwm.c.obj
LOAD CMakeFiles/Gimbal_Board.elf.dir/hardware/bsp_spi.c.obj
LOAD CMakeFiles/Gimbal_Board.elf.dir/hardware/bsp_usart.c.obj
LOAD CMakeFiles/Gimbal_Board.elf.dir/hardware/bsp_usart.cpp.obj
LOAD CMakeFiles/Gimbal_Board.elf.dir/hardware/buzzer.cpp.obj
LOAD CMakeFiles/Gimbal_Board.elf.dir/hardware/led.cpp.obj
LOAD CMakeFiles/Gimbal_Board.elf.dir/module/M_Gimbal.cpp.obj
LOAD CMakeFiles/Gimbal_Board.elf.dir/module/can.cpp.obj
LOAD CMakeFiles/Gimbal_Board.elf.dir/module/first_order_filter.cpp.obj
LOAD CMakeFiles/Gimbal_Board.elf.dir/module/motor_3508.cpp.obj
LOAD CMakeFiles/Gimbal_Board.elf.dir/module/motor_6020.cpp.obj
LOAD CMakeFiles/Gimbal_Board.elf.dir/module/motor_measure.cpp.obj
LOAD CMakeFiles/Gimbal_Board.elf.dir/module/pid.c.obj
LOAD CMakeFiles/Gimbal_Board.elf.dir/module/remote_control.cpp.obj
LOAD CMakeFiles/Gimbal_Board.elf.dir/module/remote_data.c.obj
LOAD CMakeFiles/Gimbal_Board.elf.dir/module/user_lib.cpp.obj
LOAD CMakeFiles/Gimbal_Board.elf.dir/startup/startup_stm32f407xx.s.obj
LOAD e:/cubemx/gcc-arm-none-eabi/bin/../lib/gcc/arm-none-eabi/9.2.1/../../../../arm-none-eabi/lib/thumb/v7e-m+fp/hard\libstdc++.a
LOAD e:/cubemx/gcc-arm-none-eabi/bin/../lib/gcc/arm-none-eabi/9.2.1/../../../../arm-none-eabi/lib/thumb/v7e-m+fp/hard\libm.a
START GROUP
LOAD e:/cubemx/gcc-arm-none-eabi/bin/../lib/gcc/arm-none-eabi/9.2.1/thumb/v7e-m+fp/hard\libgcc.a
LOAD e:/cubemx/gcc-arm-none-eabi/bin/../lib/gcc/arm-none-eabi/9.2.1/../../../../arm-none-eabi/lib/thumb/v7e-m+fp/hard\libg.a
LOAD e:/cubemx/gcc-arm-none-eabi/bin/../lib/gcc/arm-none-eabi/9.2.1/../../../../arm-none-eabi/lib/thumb/v7e-m+fp/hard\libc.a
END GROUP
LOAD e:/cubemx/gcc-arm-none-eabi/bin/../lib/gcc/arm-none-eabi/9.2.1/thumb/v7e-m+fp/hard/crtend.o
LOAD e:/cubemx/gcc-arm-none-eabi/bin/../lib/gcc/arm-none-eabi/9.2.1/thumb/v7e-m+fp/hard/crtn.o
                0x20020000                _estack = 0x20020000
                0x00002000                _Min_Heap_Size = 0x2000
                0x00002000                _Min_Stack_Size = 0x2000

.isr_vector     0x08000000      0x188
                0x08000000                . = ALIGN (0x4)
 *(.isr_vector)
 .isr_vector    0x08000000      0x188 CMakeFiles/Gimbal_Board.elf.dir/startup/startup_stm32f407xx.s.obj
                0x08000000                g_pfnVectors
                0x08000188                . = ALIGN (0x4)

.text           0x080001c0    0x10d80
                0x080001c0                . = ALIGN (0x4)
 *(.text)
 .text          0x080001c0       0x40 e:/cubemx/gcc-arm-none-eabi/bin/../lib/gcc/arm-none-eabi/9.2.1/thumb/v7e-m+fp/hard/crtbegin.o
 .text          0x08000200      0x378 e:/cubemx/gcc-arm-none-eabi/bin/../lib/gcc/arm-none-eabi/9.2.1/thumb/v7e-m+fp/hard\libgcc.a(_arm_addsubdf3.o)
                0x08000200                __aeabi_drsub
                0x08000208                __aeabi_dsub
                0x08000208                __subdf3
                0x0800020c                __aeabi_dadd
                0x0800020c                __adddf3
                0x08000484                __floatunsidf
                0x08000484                __aeabi_ui2d
                0x080004a4                __floatsidf
                0x080004a4                __aeabi_i2d
                0x080004c8                __aeabi_f2d
                0x080004c8                __extendsfdf2
                0x0800050c                __floatundidf
                0x0800050c                __aeabi_ul2d
                0x0800051c                __floatdidf
                0x0800051c                __aeabi_l2d
 .text          0x08000578      0x424 e:/cubemx/gcc-arm-none-eabi/bin/../lib/gcc/arm-none-eabi/9.2.1/thumb/v7e-m+fp/hard\libgcc.a(_arm_muldivdf3.o)
                0x08000578                __aeabi_dmul
                0x08000578                __muldf3
                0x080007cc                __divdf3
                0x080007cc                __aeabi_ddiv
 .text          0x0800099c      0x110 e:/cubemx/gcc-arm-none-eabi/bin/../lib/gcc/arm-none-eabi/9.2.1/thumb/v7e-m+fp/hard\libgcc.a(_arm_cmpdf2.o)
                0x0800099c                __gtdf2
                0x0800099c                __gedf2
                0x080009a4                __ltdf2
                0x080009a4                __ledf2
                0x080009ac                __nedf2
                0x080009ac                __eqdf2
                0x080009ac                __cmpdf2
                0x08000a28                __aeabi_cdrcmple
                0x08000a38                __aeabi_cdcmpeq
                0x08000a38                __aeabi_cdcmple
                0x08000a48                __aeabi_dcmpeq
                0x08000a5c                __aeabi_dcmplt
                0x08000a70                __aeabi_dcmple
                0x08000a84                __aeabi_dcmpge
                0x08000a98                __aeabi_dcmpgt
 .text          0x08000aac       0x2c e:/cubemx/gcc-arm-none-eabi/bin/../lib/gcc/arm-none-eabi/9.2.1/thumb/v7e-m+fp/hard\libgcc.a(_arm_unorddf2.o)
                0x08000aac                __unorddf2
                0x08000aac                __aeabi_dcmpun
 .text          0x08000ad8       0x50 e:/cubemx/gcc-arm-none-eabi/bin/../lib/gcc/arm-none-eabi/9.2.1/thumb/v7e-m+fp/hard\libgcc.a(_arm_fixdfsi.o)
                0x08000ad8                __aeabi_d2iz
                0x08000ad8                __fixdfsi
 .text          0x08000b28       0xa0 e:/cubemx/gcc-arm-none-eabi/bin/../lib/gcc/arm-none-eabi/9.2.1/thumb/v7e-m+fp/hard\libgcc.a(_arm_truncdfsf2.o)
                0x08000b28                __truncdfsf2
                0x08000b28                __aeabi_d2f
 .text          0x08000bc8       0x30 e:/cubemx/gcc-arm-none-eabi/bin/../lib/gcc/arm-none-eabi/9.2.1/thumb/v7e-m+fp/hard\libgcc.a(_aeabi_uldivmod.o)
                0x08000bc8                __aeabi_uldivmod
 .text          0x08000bf8      0x2c4 e:/cubemx/gcc-arm-none-eabi/bin/../lib/gcc/arm-none-eabi/9.2.1/thumb/v7e-m+fp/hard\libgcc.a(_udivmoddi4.o)
                0x08000bf8                __udivmoddi4
 .text          0x08000ebc      0x9b8 e:/cubemx/gcc-arm-none-eabi/bin/../lib/gcc/arm-none-eabi/9.2.1/thumb/v7e-m+fp/hard\libgcc.a(unwind-arm.o)
                0x08001164                _Unwind_GetCFA
                0x08001168                __gnu_Unwind_RaiseException
                0x080011c8                __gnu_Unwind_ForcedUnwind
                0x080011dc                __gnu_Unwind_Resume
                0x08001220                __gnu_Unwind_Resume_or_Rethrow
                0x08001230                _Unwind_Complete
                0x08001234                _Unwind_DeleteException
                0x08001240                _Unwind_VRS_Get
                0x08001288                _Unwind_VRS_Set
                0x080012d0                __gnu_Unwind_Backtrace
                0x080015f0                __aeabi_unwind_cpp_pr0
                0x080015f4                __aeabi_unwind_cpp_pr1
                0x080015f8                __aeabi_unwind_cpp_pr2
                0x080015fc                _Unwind_VRS_Pop
 .text          0x08001874      0x1ac e:/cubemx/gcc-arm-none-eabi/bin/../lib/gcc/arm-none-eabi/9.2.1/thumb/v7e-m+fp/hard\libgcc.a(libunwind.o)
                0x08001874                __restore_core_regs
                0x08001874                restore_core_regs
                0x0800188c                __gnu_Unwind_Restore_VFP
                0x08001894                __gnu_Unwind_Save_VFP
                0x0800189c                __gnu_Unwind_Restore_VFP_D
                0x080018a4                __gnu_Unwind_Save_VFP_D
                0x080018ac                __gnu_Unwind_Restore_VFP_D_16_to_31
                0x080018b4                __gnu_Unwind_Save_VFP_D_16_to_31
                0x080018bc                __gnu_Unwind_Restore_WMMXD
                0x08001900                __gnu_Unwind_Save_WMMXD
                0x08001944                __gnu_Unwind_Restore_WMMXC
                0x08001958                __gnu_Unwind_Save_WMMXC
                0x0800196c                ___Unwind_RaiseException
                0x0800196c                _Unwind_RaiseException
                0x08001990                _Unwind_Resume
                0x08001990                ___Unwind_Resume
                0x080019b4                _Unwind_Resume_or_Rethrow
                0x080019b4                ___Unwind_Resume_or_Rethrow
                0x080019d8                _Unwind_ForcedUnwind
                0x080019d8                ___Unwind_ForcedUnwind
                0x080019fc                ___Unwind_Backtrace
                0x080019fc                _Unwind_Backtrace
 .text          0x08001a20      0x340 e:/cubemx/gcc-arm-none-eabi/bin/../lib/gcc/arm-none-eabi/9.2.1/thumb/v7e-m+fp/hard\libgcc.a(pr-support.o)
                0x08001a78                __gnu_unwind_execute
                0x08001d14                __gnu_unwind_frame
                0x08001d40                _Unwind_GetRegionStart
                0x08001d4c                _Unwind_GetLanguageSpecificData
 .text          0x08001d60        0x4 e:/cubemx/gcc-arm-none-eabi/bin/../lib/gcc/arm-none-eabi/9.2.1/thumb/v7e-m+fp/hard\libgcc.a(_dvmd_tls.o)
                0x08001d60                __aeabi_idiv0
                0x08001d60                __aeabi_ldiv0
 .text          0x08001d64      0x134 e:/cubemx/gcc-arm-none-eabi/bin/../lib/gcc/arm-none-eabi/9.2.1/../../../../arm-none-eabi/lib/thumb/v7e-m+fp/hard\libg.a(lib_a-memcpy.o)
                0x08001d64                memcpy
 *fill*         0x08001e98       0x28 
 .text          0x08001ec0       0xdc e:/cubemx/gcc-arm-none-eabi/bin/../lib/gcc/arm-none-eabi/9.2.1/../../../../arm-none-eabi/lib/thumb/v7e-m+fp/hard\libg.a(lib_a-strlen.o)
                0x08001ec0                strlen
 *(.text*)
 .text.imu_cali_slove
                0x08001f9c      0x108 CMakeFiles/Gimbal_Board.elf.dir/Application/INS_task.c.obj
 .text.imu_temp_control
                0x080020a4       0x84 CMakeFiles/Gimbal_Board.elf.dir/Application/INS_task.c.obj
 .text.imu_cmd_spi_dma
                0x08002128      0x180 CMakeFiles/Gimbal_Board.elf.dir/Application/INS_task.c.obj
 .text.AHRS_init
                0x080022a8       0x10 CMakeFiles/Gimbal_Board.elf.dir/Application/INS_task.c.obj
                0x080022a8                AHRS_init
 .text.AHRS_update
                0x080022b8       0x2c CMakeFiles/Gimbal_Board.elf.dir/Application/INS_task.c.obj
                0x080022b8                AHRS_update
 .text.get_angle
                0x080022e4       0xbc CMakeFiles/Gimbal_Board.elf.dir/Application/INS_task.c.obj
                0x080022e4                get_angle
 .text.INS_task
                0x080023a0      0x288 CMakeFiles/Gimbal_Board.elf.dir/Application/INS_task.c.obj
                0x080023a0                INS_task
 .text.get_INS_angle_point
                0x08002628        0x8 CMakeFiles/Gimbal_Board.elf.dir/Application/INS_task.c.obj
                0x08002628                get_INS_angle_point
 .text.get_gyro_data_point
                0x08002630        0x8 CMakeFiles/Gimbal_Board.elf.dir/Application/INS_task.c.obj
                0x08002630                get_gyro_data_point
 .text.HAL_GPIO_EXTI_Callback
                0x08002638       0xd0 CMakeFiles/Gimbal_Board.elf.dir/Application/INS_task.c.obj
                0x08002638                HAL_GPIO_EXTI_Callback
 .text.DMA2_Stream2_IRQHandler
                0x08002708      0x6b0 CMakeFiles/Gimbal_Board.elf.dir/Application/INS_task.c.obj
                0x08002708                DMA2_Stream2_IRQHandler
 .text.Task_start
                0x08002db8       0x2c CMakeFiles/Gimbal_Board.elf.dir/Application/System_Config.cpp.obj
                0x08002db8                Task_start
 .text._Z11gimbal_taskPv
                0x08002de4       0x74 CMakeFiles/Gimbal_Board.elf.dir/Application/gimbal_task.cpp.obj
                0x08002de4                gimbal_task(void*)
 .text.HAL_InitTick
                0x08002e58       0x4c CMakeFiles/Gimbal_Board.elf.dir/Drivers/STM32F4xx_HAL_Driver/Src/stm32f4xx_hal.c.obj
                0x08002e58                HAL_InitTick
 .text.HAL_Init
                0x08002ea4       0x34 CMakeFiles/Gimbal_Board.elf.dir/Drivers/STM32F4xx_HAL_Driver/Src/stm32f4xx_hal.c.obj
                0x08002ea4                HAL_Init
 .text.HAL_IncTick
                0x08002ed8       0x18 CMakeFiles/Gimbal_Board.elf.dir/Drivers/STM32F4xx_HAL_Driver/Src/stm32f4xx_hal.c.obj
                0x08002ed8                HAL_IncTick
 .text.HAL_GetTick
                0x08002ef0        0xc CMakeFiles/Gimbal_Board.elf.dir/Drivers/STM32F4xx_HAL_Driver/Src/stm32f4xx_hal.c.obj
                0x08002ef0                HAL_GetTick
 .text.ADC_Init
                0x08002efc      0x134 CMakeFiles/Gimbal_Board.elf.dir/Drivers/STM32F4xx_HAL_Driver/Src/stm32f4xx_hal_adc.c.obj
 .text.HAL_ADC_Init
                0x08003030       0x56 CMakeFiles/Gimbal_Board.elf.dir/Drivers/STM32F4xx_HAL_Driver/Src/stm32f4xx_hal_adc.c.obj
                0x08003030                HAL_ADC_Init
 *fill*         0x08003086        0x2 
 .text.HAL_ADC_ConfigChannel
                0x08003088      0x190 CMakeFiles/Gimbal_Board.elf.dir/Drivers/STM32F4xx_HAL_Driver/Src/stm32f4xx_hal_adc.c.obj
                0x08003088                HAL_ADC_ConfigChannel
 .text.HAL_CAN_Init
                0x08003218      0x14c CMakeFiles/Gimbal_Board.elf.dir/Drivers/STM32F4xx_HAL_Driver/Src/stm32f4xx_hal_can.c.obj
                0x08003218                HAL_CAN_Init
 .text.HAL_CAN_AddTxMessage
                0x08003364       0xec CMakeFiles/Gimbal_Board.elf.dir/Drivers/STM32F4xx_HAL_Driver/Src/stm32f4xx_hal_can.c.obj
                0x08003364                HAL_CAN_AddTxMessage
 .text.HAL_CAN_GetRxMessage
                0x08003450      0x140 CMakeFiles/Gimbal_Board.elf.dir/Drivers/STM32F4xx_HAL_Driver/Src/stm32f4xx_hal_can.c.obj
                0x08003450                HAL_CAN_GetRxMessage
 .text.HAL_CAN_TxMailbox0CompleteCallback
                0x08003590        0x2 CMakeFiles/Gimbal_Board.elf.dir/Drivers/STM32F4xx_HAL_Driver/Src/stm32f4xx_hal_can.c.obj
                0x08003590                HAL_CAN_TxMailbox0CompleteCallback
 .text.HAL_CAN_TxMailbox1CompleteCallback
                0x08003592        0x2 CMakeFiles/Gimbal_Board.elf.dir/Drivers/STM32F4xx_HAL_Driver/Src/stm32f4xx_hal_can.c.obj
                0x08003592                HAL_CAN_TxMailbox1CompleteCallback
 .text.HAL_CAN_TxMailbox2CompleteCallback
                0x08003594        0x2 CMakeFiles/Gimbal_Board.elf.dir/Drivers/STM32F4xx_HAL_Driver/Src/stm32f4xx_hal_can.c.obj
                0x08003594                HAL_CAN_TxMailbox2CompleteCallback
 .text.HAL_CAN_TxMailbox0AbortCallback
                0x08003596        0x2 CMakeFiles/Gimbal_Board.elf.dir/Drivers/STM32F4xx_HAL_Driver/Src/stm32f4xx_hal_can.c.obj
                0x08003596                HAL_CAN_TxMailbox0AbortCallback
 .text.HAL_CAN_TxMailbox1AbortCallback
                0x08003598        0x2 CMakeFiles/Gimbal_Board.elf.dir/Drivers/STM32F4xx_HAL_Driver/Src/stm32f4xx_hal_can.c.obj
                0x08003598                HAL_CAN_TxMailbox1AbortCallback
 .text.HAL_CAN_TxMailbox2AbortCallback
                0x0800359a        0x2 CMakeFiles/Gimbal_Board.elf.dir/Drivers/STM32F4xx_HAL_Driver/Src/stm32f4xx_hal_can.c.obj
                0x0800359a                HAL_CAN_TxMailbox2AbortCallback
 .text.HAL_CAN_RxFifo0FullCallback
                0x0800359c        0x2 CMakeFiles/Gimbal_Board.elf.dir/Drivers/STM32F4xx_HAL_Driver/Src/stm32f4xx_hal_can.c.obj
                0x0800359c                HAL_CAN_RxFifo0FullCallback
 .text.HAL_CAN_RxFifo1MsgPendingCallback
                0x0800359e        0x2 CMakeFiles/Gimbal_Board.elf.dir/Drivers/STM32F4xx_HAL_Driver/Src/stm32f4xx_hal_can.c.obj
                0x0800359e                HAL_CAN_RxFifo1MsgPendingCallback
 .text.HAL_CAN_RxFifo1FullCallback
                0x080035a0        0x2 CMakeFiles/Gimbal_Board.elf.dir/Drivers/STM32F4xx_HAL_Driver/Src/stm32f4xx_hal_can.c.obj
                0x080035a0                HAL_CAN_RxFifo1FullCallback
 .text.HAL_CAN_SleepCallback
                0x080035a2        0x2 CMakeFiles/Gimbal_Board.elf.dir/Drivers/STM32F4xx_HAL_Driver/Src/stm32f4xx_hal_can.c.obj
                0x080035a2                HAL_CAN_SleepCallback
 .text.HAL_CAN_WakeUpFromRxMsgCallback
                0x080035a4        0x2 CMakeFiles/Gimbal_Board.elf.dir/Drivers/STM32F4xx_HAL_Driver/Src/stm32f4xx_hal_can.c.obj
                0x080035a4                HAL_CAN_WakeUpFromRxMsgCallback
 .text.HAL_CAN_ErrorCallback
                0x080035a6        0x2 CMakeFiles/Gimbal_Board.elf.dir/Drivers/STM32F4xx_HAL_Driver/Src/stm32f4xx_hal_can.c.obj
                0x080035a6                HAL_CAN_ErrorCallback
 .text.HAL_CAN_IRQHandler
                0x080035a8      0x24a CMakeFiles/Gimbal_Board.elf.dir/Drivers/STM32F4xx_HAL_Driver/Src/stm32f4xx_hal_can.c.obj
                0x080035a8                HAL_CAN_IRQHandler
 *fill*         0x080037f2        0x2 
 .text.HAL_NVIC_SetPriorityGrouping
                0x080037f4       0x24 CMakeFiles/Gimbal_Board.elf.dir/Drivers/STM32F4xx_HAL_Driver/Src/stm32f4xx_hal_cortex.c.obj
                0x080037f4                HAL_NVIC_SetPriorityGrouping
 .text.HAL_NVIC_SetPriority
                0x08003818       0x68 CMakeFiles/Gimbal_Board.elf.dir/Drivers/STM32F4xx_HAL_Driver/Src/stm32f4xx_hal_cortex.c.obj
                0x08003818                HAL_NVIC_SetPriority
 .text.HAL_NVIC_EnableIRQ
                0x08003880       0x1c CMakeFiles/Gimbal_Board.elf.dir/Drivers/STM32F4xx_HAL_Driver/Src/stm32f4xx_hal_cortex.c.obj
                0x08003880                HAL_NVIC_EnableIRQ
 .text.HAL_SYSTICK_Config
                0x0800389c       0x2c CMakeFiles/Gimbal_Board.elf.dir/Drivers/STM32F4xx_HAL_Driver/Src/stm32f4xx_hal_cortex.c.obj
                0x0800389c                HAL_SYSTICK_Config
 .text.HAL_CRC_Init
                0x080038c8       0x22 CMakeFiles/Gimbal_Board.elf.dir/Drivers/STM32F4xx_HAL_Driver/Src/stm32f4xx_hal_crc.c.obj
                0x080038c8                HAL_CRC_Init
 *fill*         0x080038ea        0x2 
 .text.DMA_CalcBaseAndBitshift
                0x080038ec       0x44 CMakeFiles/Gimbal_Board.elf.dir/Drivers/STM32F4xx_HAL_Driver/Src/stm32f4xx_hal_dma.c.obj
 .text.DMA_CheckFifoParam
                0x08003930       0x8e CMakeFiles/Gimbal_Board.elf.dir/Drivers/STM32F4xx_HAL_Driver/Src/stm32f4xx_hal_dma.c.obj
 *fill*         0x080039be        0x2 
 .text.HAL_DMA_Init
                0x080039c0       0xcc CMakeFiles/Gimbal_Board.elf.dir/Drivers/STM32F4xx_HAL_Driver/Src/stm32f4xx_hal_dma.c.obj
                0x080039c0                HAL_DMA_Init
 .text.HAL_DMA_IRQHandler
                0x08003a8c      0x1dc CMakeFiles/Gimbal_Board.elf.dir/Drivers/STM32F4xx_HAL_Driver/Src/stm32f4xx_hal_dma.c.obj
                0x08003a8c                HAL_DMA_IRQHandler
 .text.HAL_GPIO_Init
                0x08003c68      0x1cc CMakeFiles/Gimbal_Board.elf.dir/Drivers/STM32F4xx_HAL_Driver/Src/stm32f4xx_hal_gpio.c.obj
                0x08003c68                HAL_GPIO_Init
 .text.HAL_GPIO_WritePin
                0x08003e34        0xc CMakeFiles/Gimbal_Board.elf.dir/Drivers/STM32F4xx_HAL_Driver/Src/stm32f4xx_hal_gpio.c.obj
                0x08003e34                HAL_GPIO_WritePin
 .text.HAL_GPIO_EXTI_IRQHandler
                0x08003e40       0x1c CMakeFiles/Gimbal_Board.elf.dir/Drivers/STM32F4xx_HAL_Driver/Src/stm32f4xx_hal_gpio.c.obj
                0x08003e40                HAL_GPIO_EXTI_IRQHandler
 .text.I2C_IsAcknowledgeFailed
                0x08003e5c       0x32 CMakeFiles/Gimbal_Board.elf.dir/Drivers/STM32F4xx_HAL_Driver/Src/stm32f4xx_hal_i2c.c.obj
 .text.I2C_WaitOnFlagUntilTimeout
                0x08003e8e       0x74 CMakeFiles/Gimbal_Board.elf.dir/Drivers/STM32F4xx_HAL_Driver/Src/stm32f4xx_hal_i2c.c.obj
 .text.I2C_WaitOnMasterAddressFlagUntilTimeout
                0x08003f02       0xaa CMakeFiles/Gimbal_Board.elf.dir/Drivers/STM32F4xx_HAL_Driver/Src/stm32f4xx_hal_i2c.c.obj
 .text.I2C_WaitOnTXEFlagUntilTimeout
                0x08003fac       0x54 CMakeFiles/Gimbal_Board.elf.dir/Drivers/STM32F4xx_HAL_Driver/Src/stm32f4xx_hal_i2c.c.obj
 .text.I2C_RequestMemoryWrite
                0x08004000       0xc8 CMakeFiles/Gimbal_Board.elf.dir/Drivers/STM32F4xx_HAL_Driver/Src/stm32f4xx_hal_i2c.c.obj
 .text.I2C_RequestMemoryRead
                0x080040c8      0x130 CMakeFiles/Gimbal_Board.elf.dir/Drivers/STM32F4xx_HAL_Driver/Src/stm32f4xx_hal_i2c.c.obj
 .text.I2C_WaitOnBTFFlagUntilTimeout
                0x080041f8       0x54 CMakeFiles/Gimbal_Board.elf.dir/Drivers/STM32F4xx_HAL_Driver/Src/stm32f4xx_hal_i2c.c.obj
 .text.I2C_WaitOnRXNEFlagUntilTimeout
                0x0800424c       0x6a CMakeFiles/Gimbal_Board.elf.dir/Drivers/STM32F4xx_HAL_Driver/Src/stm32f4xx_hal_i2c.c.obj
 *fill*         0x080042b6        0x2 
 .text.HAL_I2C_Init
                0x080042b8      0x1a8 CMakeFiles/Gimbal_Board.elf.dir/Drivers/STM32F4xx_HAL_Driver/Src/stm32f4xx_hal_i2c.c.obj
                0x080042b8                HAL_I2C_Init
 .text.HAL_I2C_Mem_Write
                0x08004460      0x164 CMakeFiles/Gimbal_Board.elf.dir/Drivers/STM32F4xx_HAL_Driver/Src/stm32f4xx_hal_i2c.c.obj
                0x08004460                HAL_I2C_Mem_Write
 .text.HAL_I2C_Mem_Read
                0x080045c4      0x2e4 CMakeFiles/Gimbal_Board.elf.dir/Drivers/STM32F4xx_HAL_Driver/Src/stm32f4xx_hal_i2c.c.obj
                0x080045c4                HAL_I2C_Mem_Read
 .text.PCD_WriteEmptyTxFifo
                0x080048a8       0xd2 CMakeFiles/Gimbal_Board.elf.dir/Drivers/STM32F4xx_HAL_Driver/Src/stm32f4xx_hal_pcd.c.obj
 *fill*         0x0800497a        0x2 
 .text.PCD_EP_OutXfrComplete_int
                0x0800497c       0xf8 CMakeFiles/Gimbal_Board.elf.dir/Drivers/STM32F4xx_HAL_Driver/Src/stm32f4xx_hal_pcd.c.obj
 .text.PCD_EP_OutSetupPacket_int
                0x08004a74       0x6c CMakeFiles/Gimbal_Board.elf.dir/Drivers/STM32F4xx_HAL_Driver/Src/stm32f4xx_hal_pcd.c.obj
 .text.HAL_PCD_IRQHandler
                0x08004ae0      0x498 CMakeFiles/Gimbal_Board.elf.dir/Drivers/STM32F4xx_HAL_Driver/Src/stm32f4xx_hal_pcd.c.obj
                0x08004ae0                HAL_PCD_IRQHandler
 .text.HAL_PCD_SetAddress
                0x08004f78       0x28 CMakeFiles/Gimbal_Board.elf.dir/Drivers/STM32F4xx_HAL_Driver/Src/stm32f4xx_hal_pcd.c.obj
                0x08004f78                HAL_PCD_SetAddress
 .text.HAL_PCD_EP_Open
                0x08004fa0       0x86 CMakeFiles/Gimbal_Board.elf.dir/Drivers/STM32F4xx_HAL_Driver/Src/stm32f4xx_hal_pcd.c.obj
                0x08004fa0                HAL_PCD_EP_Open
 .text.HAL_PCD_EP_Receive
                0x08005026       0x5e CMakeFiles/Gimbal_Board.elf.dir/Drivers/STM32F4xx_HAL_Driver/Src/stm32f4xx_hal_pcd.c.obj
                0x08005026                HAL_PCD_EP_Receive
 .text.HAL_PCD_EP_Transmit
                0x08005084       0x56 CMakeFiles/Gimbal_Board.elf.dir/Drivers/STM32F4xx_HAL_Driver/Src/stm32f4xx_hal_pcd.c.obj
                0x08005084                HAL_PCD_EP_Transmit
 .text.HAL_PCD_EP_SetStall
                0x080050da       0x88 CMakeFiles/Gimbal_Board.elf.dir/Drivers/STM32F4xx_HAL_Driver/Src/stm32f4xx_hal_pcd.c.obj
                0x080050da                HAL_PCD_EP_SetStall
 .text.HAL_PCD_EP_ClrStall
                0x08005162       0x76 CMakeFiles/Gimbal_Board.elf.dir/Drivers/STM32F4xx_HAL_Driver/Src/stm32f4xx_hal_pcd.c.obj
                0x08005162                HAL_PCD_EP_ClrStall
 .text.HAL_PCDEx_LPM_Callback
                0x080051d8        0x2 CMakeFiles/Gimbal_Board.elf.dir/Drivers/STM32F4xx_HAL_Driver/Src/stm32f4xx_hal_pcd_ex.c.obj
                0x080051d8                HAL_PCDEx_LPM_Callback
 *fill*         0x080051da        0x2 
 .text.HAL_RCC_OscConfig
                0x080051dc      0x398 CMakeFiles/Gimbal_Board.elf.dir/Drivers/STM32F4xx_HAL_Driver/Src/stm32f4xx_hal_rcc.c.obj
                0x080051dc                HAL_RCC_OscConfig
 .text.HAL_RCC_GetSysClockFreq
                0x08005574       0xa0 CMakeFiles/Gimbal_Board.elf.dir/Drivers/STM32F4xx_HAL_Driver/Src/stm32f4xx_hal_rcc.c.obj
                0x08005574                HAL_RCC_GetSysClockFreq
 .text.HAL_RCC_ClockConfig
                0x08005614      0x15c CMakeFiles/Gimbal_Board.elf.dir/Drivers/STM32F4xx_HAL_Driver/Src/stm32f4xx_hal_rcc.c.obj
                0x08005614                HAL_RCC_ClockConfig
 .text.HAL_RCC_GetHCLKFreq
                0x08005770        0xc CMakeFiles/Gimbal_Board.elf.dir/Drivers/STM32F4xx_HAL_Driver/Src/stm32f4xx_hal_rcc.c.obj
                0x08005770                HAL_RCC_GetHCLKFreq
 .text.HAL_RCC_GetPCLK1Freq
                0x0800577c       0x20 CMakeFiles/Gimbal_Board.elf.dir/Drivers/STM32F4xx_HAL_Driver/Src/stm32f4xx_hal_rcc.c.obj
                0x0800577c                HAL_RCC_GetPCLK1Freq
 .text.HAL_RCC_GetPCLK2Freq
                0x0800579c       0x20 CMakeFiles/Gimbal_Board.elf.dir/Drivers/STM32F4xx_HAL_Driver/Src/stm32f4xx_hal_rcc.c.obj
                0x0800579c                HAL_RCC_GetPCLK2Freq
 .text.HAL_RCCEx_PeriphCLKConfig
                0x080057bc      0x154 CMakeFiles/Gimbal_Board.elf.dir/Drivers/STM32F4xx_HAL_Driver/Src/stm32f4xx_hal_rcc_ex.c.obj
                0x080057bc                HAL_RCCEx_PeriphCLKConfig
 .text.HAL_RNG_Init
                0x08005910       0x2e CMakeFiles/Gimbal_Board.elf.dir/Drivers/STM32F4xx_HAL_Driver/Src/stm32f4xx_hal_rng.c.obj
                0x08005910                HAL_RNG_Init
 .text.HAL_RTC_WaitForSynchro
                0x0800593e       0x32 CMakeFiles/Gimbal_Board.elf.dir/Drivers/STM32F4xx_HAL_Driver/Src/stm32f4xx_hal_rtc.c.obj
                0x0800593e                HAL_RTC_WaitForSynchro
 .text.RTC_EnterInitMode
                0x08005970       0x3c CMakeFiles/Gimbal_Board.elf.dir/Drivers/STM32F4xx_HAL_Driver/Src/stm32f4xx_hal_rtc.c.obj
                0x08005970                RTC_EnterInitMode
 .text.HAL_RTC_Init
                0x080059ac       0xc4 CMakeFiles/Gimbal_Board.elf.dir/Drivers/STM32F4xx_HAL_Driver/Src/stm32f4xx_hal_rtc.c.obj
                0x080059ac                HAL_RTC_Init
 .text.SPI_WaitFlagStateUntilTimeout
                0x08005a70       0x94 CMakeFiles/Gimbal_Board.elf.dir/Drivers/STM32F4xx_HAL_Driver/Src/stm32f4xx_hal_spi.c.obj
 .text.SPI_EndRxTxTransaction
                0x08005b04       0x68 CMakeFiles/Gimbal_Board.elf.dir/Drivers/STM32F4xx_HAL_Driver/Src/stm32f4xx_hal_spi.c.obj
 .text.HAL_SPI_Init
                0x08005b6c       0x80 CMakeFiles/Gimbal_Board.elf.dir/Drivers/STM32F4xx_HAL_Driver/Src/stm32f4xx_hal_spi.c.obj
                0x08005b6c                HAL_SPI_Init
 .text.HAL_SPI_TransmitReceive
                0x08005bec      0x238 CMakeFiles/Gimbal_Board.elf.dir/Drivers/STM32F4xx_HAL_Driver/Src/stm32f4xx_hal_spi.c.obj
                0x08005bec                HAL_SPI_TransmitReceive
 .text.TIM_OC1_SetConfig
                0x08005e24       0x68 CMakeFiles/Gimbal_Board.elf.dir/Drivers/STM32F4xx_HAL_Driver/Src/stm32f4xx_hal_tim.c.obj
 .text.TIM_OC3_SetConfig
                0x08005e8c       0x70 CMakeFiles/Gimbal_Board.elf.dir/Drivers/STM32F4xx_HAL_Driver/Src/stm32f4xx_hal_tim.c.obj
 .text.TIM_OC4_SetConfig
                0x08005efc       0x50 CMakeFiles/Gimbal_Board.elf.dir/Drivers/STM32F4xx_HAL_Driver/Src/stm32f4xx_hal_tim.c.obj
 .text.TIM_TI1_ConfigInputStage
                0x08005f4c       0x24 CMakeFiles/Gimbal_Board.elf.dir/Drivers/STM32F4xx_HAL_Driver/Src/stm32f4xx_hal_tim.c.obj
 .text.TIM_TI2_ConfigInputStage
                0x08005f70       0x26 CMakeFiles/Gimbal_Board.elf.dir/Drivers/STM32F4xx_HAL_Driver/Src/stm32f4xx_hal_tim.c.obj
 .text.TIM_ITRx_SetConfig
                0x08005f96       0x10 CMakeFiles/Gimbal_Board.elf.dir/Drivers/STM32F4xx_HAL_Driver/Src/stm32f4xx_hal_tim.c.obj
 .text.HAL_TIM_PWM_MspInit
                0x08005fa6        0x2 CMakeFiles/Gimbal_Board.elf.dir/Drivers/STM32F4xx_HAL_Driver/Src/stm32f4xx_hal_tim.c.obj
                0x08005fa6                HAL_TIM_PWM_MspInit
 .text.TIM_Base_SetConfig
                0x08005fa8       0xc8 CMakeFiles/Gimbal_Board.elf.dir/Drivers/STM32F4xx_HAL_Driver/Src/stm32f4xx_hal_tim.c.obj
                0x08005fa8                TIM_Base_SetConfig
 .text.HAL_TIM_Base_Init
                0x08006070       0x34 CMakeFiles/Gimbal_Board.elf.dir/Drivers/STM32F4xx_HAL_Driver/Src/stm32f4xx_hal_tim.c.obj
                0x08006070                HAL_TIM_Base_Init
 .text.HAL_TIM_PWM_Init
                0x080060a4       0x34 CMakeFiles/Gimbal_Board.elf.dir/Drivers/STM32F4xx_HAL_Driver/Src/stm32f4xx_hal_tim.c.obj
                0x080060a4                HAL_TIM_PWM_Init
 .text.TIM_OC2_SetConfig
                0x080060d8       0x70 CMakeFiles/Gimbal_Board.elf.dir/Drivers/STM32F4xx_HAL_Driver/Src/stm32f4xx_hal_tim.c.obj
                0x080060d8                TIM_OC2_SetConfig
 .text.HAL_TIM_PWM_ConfigChannel
                0x08006148       0xdc CMakeFiles/Gimbal_Board.elf.dir/Drivers/STM32F4xx_HAL_Driver/Src/stm32f4xx_hal_tim.c.obj
                0x08006148                HAL_TIM_PWM_ConfigChannel
 .text.TIM_ETR_SetConfig
                0x08006224       0x18 CMakeFiles/Gimbal_Board.elf.dir/Drivers/STM32F4xx_HAL_Driver/Src/stm32f4xx_hal_tim.c.obj
                0x08006224                TIM_ETR_SetConfig
 .text.HAL_TIM_ConfigClockSource
                0x0800623c       0xda CMakeFiles/Gimbal_Board.elf.dir/Drivers/STM32F4xx_HAL_Driver/Src/stm32f4xx_hal_tim.c.obj
                0x0800623c                HAL_TIM_ConfigClockSource
 .text.HAL_TIMEx_MasterConfigSynchronization
                0x08006316       0x46 CMakeFiles/Gimbal_Board.elf.dir/Drivers/STM32F4xx_HAL_Driver/Src/stm32f4xx_hal_tim_ex.c.obj
                0x08006316                HAL_TIMEx_MasterConfigSynchronization
 .text.HAL_TIMEx_ConfigBreakDeadTime
                0x0800635c       0x52 CMakeFiles/Gimbal_Board.elf.dir/Drivers/STM32F4xx_HAL_Driver/Src/stm32f4xx_hal_tim_ex.c.obj
                0x0800635c                HAL_TIMEx_ConfigBreakDeadTime
 *fill*         0x080063ae        0x2 
 .text.UART_SetConfig
                0x080063b0      0x334 CMakeFiles/Gimbal_Board.elf.dir/Drivers/STM32F4xx_HAL_Driver/Src/stm32f4xx_hal_uart.c.obj
 .text.HAL_UART_Init
                0x080066e4       0x5e CMakeFiles/Gimbal_Board.elf.dir/Drivers/STM32F4xx_HAL_Driver/Src/stm32f4xx_hal_uart.c.obj
                0x080066e4                HAL_UART_Init
 *fill*         0x08006742        0x2 
 .text.USB_SetTurnaroundTime
                0x08006744       0xe4 CMakeFiles/Gimbal_Board.elf.dir/Drivers/STM32F4xx_HAL_Driver/Src/stm32f4xx_ll_usb.c.obj
                0x08006744                USB_SetTurnaroundTime
 .text.USB_FlushTxFifo
                0x08006828       0x28 CMakeFiles/Gimbal_Board.elf.dir/Drivers/STM32F4xx_HAL_Driver/Src/stm32f4xx_ll_usb.c.obj
                0x08006828                USB_FlushTxFifo
 .text.USB_GetDevSpeed
                0x08006850       0x22 CMakeFiles/Gimbal_Board.elf.dir/Drivers/STM32F4xx_HAL_Driver/Src/stm32f4xx_ll_usb.c.obj
                0x08006850                USB_GetDevSpeed
 .text.USB_ActivateEndpoint
                0x08006872       0x94 CMakeFiles/Gimbal_Board.elf.dir/Drivers/STM32F4xx_HAL_Driver/Src/stm32f4xx_ll_usb.c.obj
                0x08006872                USB_ActivateEndpoint
 .text.USB_EP0StartXfer
                0x08006906      0x11c CMakeFiles/Gimbal_Board.elf.dir/Drivers/STM32F4xx_HAL_Driver/Src/stm32f4xx_ll_usb.c.obj
                0x08006906                USB_EP0StartXfer
 .text.USB_WritePacket
                0x08006a22       0x28 CMakeFiles/Gimbal_Board.elf.dir/Drivers/STM32F4xx_HAL_Driver/Src/stm32f4xx_ll_usb.c.obj
                0x08006a22                USB_WritePacket
 *fill*         0x08006a4a        0x2 
 .text.USB_EPStartXfer
                0x08006a4c      0x218 CMakeFiles/Gimbal_Board.elf.dir/Drivers/STM32F4xx_HAL_Driver/Src/stm32f4xx_ll_usb.c.obj
                0x08006a4c                USB_EPStartXfer
 .text.USB_ReadPacket
                0x08006c64       0x22 CMakeFiles/Gimbal_Board.elf.dir/Drivers/STM32F4xx_HAL_Driver/Src/stm32f4xx_ll_usb.c.obj
                0x08006c64                USB_ReadPacket
 .text.USB_EPSetStall
                0x08006c86       0x5a CMakeFiles/Gimbal_Board.elf.dir/Drivers/STM32F4xx_HAL_Driver/Src/stm32f4xx_ll_usb.c.obj
                0x08006c86                USB_EPSetStall
 .text.USB_EPClearStall
                0x08006ce0       0x5c CMakeFiles/Gimbal_Board.elf.dir/Drivers/STM32F4xx_HAL_Driver/Src/stm32f4xx_ll_usb.c.obj
                0x08006ce0                USB_EPClearStall
 .text.USB_SetDevAddress
                0x08006d3c       0x20 CMakeFiles/Gimbal_Board.elf.dir/Drivers/STM32F4xx_HAL_Driver/Src/stm32f4xx_ll_usb.c.obj
                0x08006d3c                USB_SetDevAddress
 .text.USB_ReadInterrupts
                0x08006d5c        0x8 CMakeFiles/Gimbal_Board.elf.dir/Drivers/STM32F4xx_HAL_Driver/Src/stm32f4xx_ll_usb.c.obj
                0x08006d5c                USB_ReadInterrupts
 .text.USB_ReadDevAllOutEpInterrupt
                0x08006d64       0x10 CMakeFiles/Gimbal_Board.elf.dir/Drivers/STM32F4xx_HAL_Driver/Src/stm32f4xx_ll_usb.c.obj
                0x08006d64                USB_ReadDevAllOutEpInterrupt
 .text.USB_ReadDevAllInEpInterrupt
                0x08006d74       0x10 CMakeFiles/Gimbal_Board.elf.dir/Drivers/STM32F4xx_HAL_Driver/Src/stm32f4xx_ll_usb.c.obj
                0x08006d74                USB_ReadDevAllInEpInterrupt
 .text.USB_ReadDevOutEPInterrupt
                0x08006d84       0x12 CMakeFiles/Gimbal_Board.elf.dir/Drivers/STM32F4xx_HAL_Driver/Src/stm32f4xx_ll_usb.c.obj
                0x08006d84                USB_ReadDevOutEPInterrupt
 .text.USB_ReadDevInEPInterrupt
                0x08006d96       0x28 CMakeFiles/Gimbal_Board.elf.dir/Drivers/STM32F4xx_HAL_Driver/Src/stm32f4xx_ll_usb.c.obj
                0x08006d96                USB_ReadDevInEPInterrupt
 .text.USB_GetMode
                0x08006dbe        0x8 CMakeFiles/Gimbal_Board.elf.dir/Drivers/STM32F4xx_HAL_Driver/Src/stm32f4xx_ll_usb.c.obj
                0x08006dbe                USB_GetMode
 .text.USB_ActivateSetup
                0x08006dc6       0x38 CMakeFiles/Gimbal_Board.elf.dir/Drivers/STM32F4xx_HAL_Driver/Src/stm32f4xx_ll_usb.c.obj
                0x08006dc6                USB_ActivateSetup
 *fill*         0x08006dfe        0x2 
 .text.USB_EP0_OutStart
                0x08006e00       0x60 CMakeFiles/Gimbal_Board.elf.dir/Drivers/STM32F4xx_HAL_Driver/Src/stm32f4xx_ll_usb.c.obj
                0x08006e00                USB_EP0_OutStart
 .text.USBD_SetClassConfig
                0x08006e60       0x18 CMakeFiles/Gimbal_Board.elf.dir/Middlewares/ST/STM32_USB_Device_Library/Core/Src/usbd_core.c.obj
                0x08006e60                USBD_SetClassConfig
 .text.USBD_ClrClassConfig
                0x08006e78        0xe CMakeFiles/Gimbal_Board.elf.dir/Middlewares/ST/STM32_USB_Device_Library/Core/Src/usbd_core.c.obj
                0x08006e78                USBD_ClrClassConfig
 .text.USBD_LL_SetupStage
                0x08006e86       0x5a CMakeFiles/Gimbal_Board.elf.dir/Middlewares/ST/STM32_USB_Device_Library/Core/Src/usbd_core.c.obj
                0x08006e86                USBD_LL_SetupStage
 .text.USBD_LL_DataOutStage
                0x08006ee0       0x8c CMakeFiles/Gimbal_Board.elf.dir/Middlewares/ST/STM32_USB_Device_Library/Core/Src/usbd_core.c.obj
                0x08006ee0                USBD_LL_DataOutStage
 .text.USBD_LL_DataInStage
                0x08006f6c       0xd0 CMakeFiles/Gimbal_Board.elf.dir/Middlewares/ST/STM32_USB_Device_Library/Core/Src/usbd_core.c.obj
                0x08006f6c                USBD_LL_DataInStage
 .text.USBD_LL_Reset
                0x0800703c       0x50 CMakeFiles/Gimbal_Board.elf.dir/Middlewares/ST/STM32_USB_Device_Library/Core/Src/usbd_core.c.obj
                0x0800703c                USBD_LL_Reset
 .text.USBD_LL_SetSpeed
                0x0800708c        0x6 CMakeFiles/Gimbal_Board.elf.dir/Middlewares/ST/STM32_USB_Device_Library/Core/Src/usbd_core.c.obj
                0x0800708c                USBD_LL_SetSpeed
 .text.USBD_LL_Suspend
                0x08007092       0x12 CMakeFiles/Gimbal_Board.elf.dir/Middlewares/ST/STM32_USB_Device_Library/Core/Src/usbd_core.c.obj
                0x08007092                USBD_LL_Suspend
 .text.USBD_LL_Resume
                0x080070a4        0xc CMakeFiles/Gimbal_Board.elf.dir/Middlewares/ST/STM32_USB_Device_Library/Core/Src/usbd_core.c.obj
                0x080070a4                USBD_LL_Resume
 .text.USBD_LL_SOF
                0x080070b0       0x1c CMakeFiles/Gimbal_Board.elf.dir/Middlewares/ST/STM32_USB_Device_Library/Core/Src/usbd_core.c.obj
                0x080070b0                USBD_LL_SOF
 .text.USBD_LL_IsoINIncomplete
                0x080070cc        0x4 CMakeFiles/Gimbal_Board.elf.dir/Middlewares/ST/STM32_USB_Device_Library/Core/Src/usbd_core.c.obj
                0x080070cc                USBD_LL_IsoINIncomplete
 .text.USBD_LL_IsoOUTIncomplete
                0x080070d0        0x4 CMakeFiles/Gimbal_Board.elf.dir/Middlewares/ST/STM32_USB_Device_Library/Core/Src/usbd_core.c.obj
                0x080070d0                USBD_LL_IsoOUTIncomplete
 .text.USBD_LL_DevConnected
                0x080070d4        0x4 CMakeFiles/Gimbal_Board.elf.dir/Middlewares/ST/STM32_USB_Device_Library/Core/Src/usbd_core.c.obj
                0x080070d4                USBD_LL_DevConnected
 .text.USBD_LL_DevDisconnected
                0x080070d8       0x16 CMakeFiles/Gimbal_Board.elf.dir/Middlewares/ST/STM32_USB_Device_Library/Core/Src/usbd_core.c.obj
                0x080070d8                USBD_LL_DevDisconnected
 .text.USBD_SetFeature
                0x080070ee       0x14 CMakeFiles/Gimbal_Board.elf.dir/Middlewares/ST/STM32_USB_Device_Library/Core/Src/usbd_ctlreq.c.obj
 .text.USBD_ParseSetupRequest
                0x08007102       0x28 CMakeFiles/Gimbal_Board.elf.dir/Middlewares/ST/STM32_USB_Device_Library/Core/Src/usbd_ctlreq.c.obj
                0x08007102                USBD_ParseSetupRequest
 .text.USBD_CtlError
                0x0800712a       0x14 CMakeFiles/Gimbal_Board.elf.dir/Middlewares/ST/STM32_USB_Device_Library/Core/Src/usbd_ctlreq.c.obj
                0x0800712a                USBD_CtlError
 .text.USBD_GetDescriptor
                0x0800713e      0x140 CMakeFiles/Gimbal_Board.elf.dir/Middlewares/ST/STM32_USB_Device_Library/Core/Src/usbd_ctlreq.c.obj
 .text.USBD_SetAddress
                0x0800727e       0x4e CMakeFiles/Gimbal_Board.elf.dir/Middlewares/ST/STM32_USB_Device_Library/Core/Src/usbd_ctlreq.c.obj
 .text.USBD_SetConfig
                0x080072cc       0xb0 CMakeFiles/Gimbal_Board.elf.dir/Middlewares/ST/STM32_USB_Device_Library/Core/Src/usbd_ctlreq.c.obj
 .text.USBD_GetConfig
                0x0800737c       0x3e CMakeFiles/Gimbal_Board.elf.dir/Middlewares/ST/STM32_USB_Device_Library/Core/Src/usbd_ctlreq.c.obj
 .text.USBD_GetStatus
                0x080073ba       0x38 CMakeFiles/Gimbal_Board.elf.dir/Middlewares/ST/STM32_USB_Device_Library/Core/Src/usbd_ctlreq.c.obj
 .text.USBD_ClrFeature
                0x080073f2       0x26 CMakeFiles/Gimbal_Board.elf.dir/Middlewares/ST/STM32_USB_Device_Library/Core/Src/usbd_ctlreq.c.obj
 .text.USBD_StdDevReq
                0x08007418       0x68 CMakeFiles/Gimbal_Board.elf.dir/Middlewares/ST/STM32_USB_Device_Library/Core/Src/usbd_ctlreq.c.obj
                0x08007418                USBD_StdDevReq
 .text.USBD_StdItfReq
                0x08007480       0x60 CMakeFiles/Gimbal_Board.elf.dir/Middlewares/ST/STM32_USB_Device_Library/Core/Src/usbd_ctlreq.c.obj
                0x08007480                USBD_StdItfReq
 .text.USBD_StdEPReq
                0x080074e0      0x1de CMakeFiles/Gimbal_Board.elf.dir/Middlewares/ST/STM32_USB_Device_Library/Core/Src/usbd_ctlreq.c.obj
                0x080074e0                USBD_StdEPReq
 .text.USBD_CtlSendData
                0x080076be       0x1a CMakeFiles/Gimbal_Board.elf.dir/Middlewares/ST/STM32_USB_Device_Library/Core/Src/usbd_ioreq.c.obj
                0x080076be                USBD_CtlSendData
 .text.USBD_CtlContinueSendData
                0x080076d8       0x10 CMakeFiles/Gimbal_Board.elf.dir/Middlewares/ST/STM32_USB_Device_Library/Core/Src/usbd_ioreq.c.obj
                0x080076d8                USBD_CtlContinueSendData
 .text.USBD_CtlContinueRx
                0x080076e8       0x10 CMakeFiles/Gimbal_Board.elf.dir/Middlewares/ST/STM32_USB_Device_Library/Core/Src/usbd_ioreq.c.obj
                0x080076e8                USBD_CtlContinueRx
 .text.USBD_CtlSendStatus
                0x080076f8       0x16 CMakeFiles/Gimbal_Board.elf.dir/Middlewares/ST/STM32_USB_Device_Library/Core/Src/usbd_ioreq.c.obj
                0x080076f8                USBD_CtlSendStatus
 .text.USBD_CtlReceiveStatus
                0x0800770e       0x16 CMakeFiles/Gimbal_Board.elf.dir/Middlewares/ST/STM32_USB_Device_Library/Core/Src/usbd_ioreq.c.obj
                0x0800770e                USBD_CtlReceiveStatus
 .text.makeFreeRtosPriority
                0x08007724        0xc CMakeFiles/Gimbal_Board.elf.dir/Middlewares/Third_Party/FreeRTOS/Source/CMSIS_RTOS/cmsis_os.c.obj
 .text.osKernelStart
                0x08007730        0xa CMakeFiles/Gimbal_Board.elf.dir/Middlewares/Third_Party/FreeRTOS/Source/CMSIS_RTOS/cmsis_os.c.obj
                0x08007730                osKernelStart
 .text.osThreadCreate
                0x0800773a       0x6a CMakeFiles/Gimbal_Board.elf.dir/Middlewares/Third_Party/FreeRTOS/Source/CMSIS_RTOS/cmsis_os.c.obj
                0x0800773a                osThreadCreate
 .text.osThreadTerminate
                0x080077a4        0xa CMakeFiles/Gimbal_Board.elf.dir/Middlewares/Third_Party/FreeRTOS/Source/CMSIS_RTOS/cmsis_os.c.obj
                0x080077a4                osThreadTerminate
 .text.osDelay  0x080077ae        0xe CMakeFiles/Gimbal_Board.elf.dir/Middlewares/Third_Party/FreeRTOS/Source/CMSIS_RTOS/cmsis_os.c.obj
                0x080077ae                osDelay
 .text.vListInitialise
                0x080077bc       0x16 CMakeFiles/Gimbal_Board.elf.dir/Middlewares/Third_Party/FreeRTOS/Source/list.c.obj
                0x080077bc                vListInitialise
 .text.vListInitialiseItem
                0x080077d2        0x6 CMakeFiles/Gimbal_Board.elf.dir/Middlewares/Third_Party/FreeRTOS/Source/list.c.obj
                0x080077d2                vListInitialiseItem
 .text.vListInsertEnd
                0x080077d8       0x16 CMakeFiles/Gimbal_Board.elf.dir/Middlewares/Third_Party/FreeRTOS/Source/list.c.obj
                0x080077d8                vListInsertEnd
 .text.vListInsert
                0x080077ee       0x32 CMakeFiles/Gimbal_Board.elf.dir/Middlewares/Third_Party/FreeRTOS/Source/list.c.obj
                0x080077ee                vListInsert
 .text.uxListRemove
                0x08007820       0x26 CMakeFiles/Gimbal_Board.elf.dir/Middlewares/Third_Party/FreeRTOS/Source/list.c.obj
                0x08007820                uxListRemove
 *fill*         0x08007846        0x2 
 .text.prvTaskExitError
                0x08007848       0x40 CMakeFiles/Gimbal_Board.elf.dir/Middlewares/Third_Party/FreeRTOS/Source/portable/GCC/ARM_CM4F/port.c.obj
 .text.prvPortStartFirstTask
                0x08007888       0x28 CMakeFiles/Gimbal_Board.elf.dir/Middlewares/Third_Party/FreeRTOS/Source/portable/GCC/ARM_CM4F/port.c.obj
 .text.vPortEnableVFP
                0x080078b0       0x14 CMakeFiles/Gimbal_Board.elf.dir/Middlewares/Third_Party/FreeRTOS/Source/portable/GCC/ARM_CM4F/port.c.obj
 .text.pxPortInitialiseStack
                0x080078c4       0x2c CMakeFiles/Gimbal_Board.elf.dir/Middlewares/Third_Party/FreeRTOS/Source/portable/GCC/ARM_CM4F/port.c.obj
                0x080078c4                pxPortInitialiseStack
 .text.SVC_Handler
                0x080078f0       0x24 CMakeFiles/Gimbal_Board.elf.dir/Middlewares/Third_Party/FreeRTOS/Source/portable/GCC/ARM_CM4F/port.c.obj
                0x080078f0                SVC_Handler
 .text.vPortEnterCritical
                0x08007914       0x44 CMakeFiles/Gimbal_Board.elf.dir/Middlewares/Third_Party/FreeRTOS/Source/portable/GCC/ARM_CM4F/port.c.obj
                0x08007914                vPortEnterCritical
 .text.vPortExitCritical
                0x08007958       0x2c CMakeFiles/Gimbal_Board.elf.dir/Middlewares/Third_Party/FreeRTOS/Source/portable/GCC/ARM_CM4F/port.c.obj
                0x08007958                vPortExitCritical
 *fill*         0x08007984        0xc 
 .text.PendSV_Handler
                0x08007990       0x64 CMakeFiles/Gimbal_Board.elf.dir/Middlewares/Third_Party/FreeRTOS/Source/portable/GCC/ARM_CM4F/port.c.obj
                0x08007990                PendSV_Handler
 .text.xPortSysTickHandler
                0x080079f4       0x2c CMakeFiles/Gimbal_Board.elf.dir/Middlewares/Third_Party/FreeRTOS/Source/portable/GCC/ARM_CM4F/port.c.obj
                0x080079f4                xPortSysTickHandler
 .text.vPortSetupTimerInterrupt
                0x08007a20       0x38 CMakeFiles/Gimbal_Board.elf.dir/Middlewares/Third_Party/FreeRTOS/Source/portable/GCC/ARM_CM4F/port.c.obj
                0x08007a20                vPortSetupTimerInterrupt
 .text.xPortStartScheduler
                0x08007a58      0x110 CMakeFiles/Gimbal_Board.elf.dir/Middlewares/Third_Party/FreeRTOS/Source/portable/GCC/ARM_CM4F/port.c.obj
                0x08007a58                xPortStartScheduler
 .text.vPortValidateInterruptPriority
                0x08007b68       0x5c CMakeFiles/Gimbal_Board.elf.dir/Middlewares/Third_Party/FreeRTOS/Source/portable/GCC/ARM_CM4F/port.c.obj
                0x08007b68                vPortValidateInterruptPriority
 .text.prvHeapInit
                0x08007bc4       0x64 CMakeFiles/Gimbal_Board.elf.dir/Middlewares/Third_Party/FreeRTOS/Source/portable/MemMang/heap_4.c.obj
 .text.prvInsertBlockIntoFreeList
                0x08007c28       0x58 CMakeFiles/Gimbal_Board.elf.dir/Middlewares/Third_Party/FreeRTOS/Source/portable/MemMang/heap_4.c.obj
 .text.pvPortMalloc
                0x08007c80       0xf0 CMakeFiles/Gimbal_Board.elf.dir/Middlewares/Third_Party/FreeRTOS/Source/portable/MemMang/heap_4.c.obj
                0x08007c80                pvPortMalloc
 .text.vPortFree
                0x08007d70       0x70 CMakeFiles/Gimbal_Board.elf.dir/Middlewares/Third_Party/FreeRTOS/Source/portable/MemMang/heap_4.c.obj
                0x08007d70                vPortFree
 .text.prvIsQueueFull
                0x08007de0       0x1e CMakeFiles/Gimbal_Board.elf.dir/Middlewares/Third_Party/FreeRTOS/Source/queue.c.obj
 .text.prvIsQueueEmpty
                0x08007dfe       0x1a CMakeFiles/Gimbal_Board.elf.dir/Middlewares/Third_Party/FreeRTOS/Source/queue.c.obj
 .text.prvCopyDataToQueue
                0x08007e18       0x76 CMakeFiles/Gimbal_Board.elf.dir/Middlewares/Third_Party/FreeRTOS/Source/queue.c.obj
 .text.prvCopyDataFromQueue
                0x08007e8e       0x24 CMakeFiles/Gimbal_Board.elf.dir/Middlewares/Third_Party/FreeRTOS/Source/queue.c.obj
 .text.prvUnlockQueue
                0x08007eb2       0x6e CMakeFiles/Gimbal_Board.elf.dir/Middlewares/Third_Party/FreeRTOS/Source/queue.c.obj
 .text.xQueueGenericReset
                0x08007f20       0x84 CMakeFiles/Gimbal_Board.elf.dir/Middlewares/Third_Party/FreeRTOS/Source/queue.c.obj
                0x08007f20                xQueueGenericReset
 .text.prvInitialiseNewQueue
                0x08007fa4       0x1c CMakeFiles/Gimbal_Board.elf.dir/Middlewares/Third_Party/FreeRTOS/Source/queue.c.obj
 .text.xQueueGenericCreateStatic
                0x08007fc0       0x92 CMakeFiles/Gimbal_Board.elf.dir/Middlewares/Third_Party/FreeRTOS/Source/queue.c.obj
                0x08007fc0                xQueueGenericCreateStatic
 *fill*         0x08008052        0x2 
 .text.xQueueGenericSend
                0x08008054      0x180 CMakeFiles/Gimbal_Board.elf.dir/Middlewares/Third_Party/FreeRTOS/Source/queue.c.obj
                0x08008054                xQueueGenericSend
 .text.xQueueGenericSendFromISR
                0x080081d4       0xce CMakeFiles/Gimbal_Board.elf.dir/Middlewares/Third_Party/FreeRTOS/Source/queue.c.obj
                0x080081d4                xQueueGenericSendFromISR
 *fill*         0x080082a2        0x2 
 .text.xQueueReceive
                0x080082a4      0x15c CMakeFiles/Gimbal_Board.elf.dir/Middlewares/Third_Party/FreeRTOS/Source/queue.c.obj
                0x080082a4                xQueueReceive
 .text.vQueueAddToRegistry
                0x08008400       0x28 CMakeFiles/Gimbal_Board.elf.dir/Middlewares/Third_Party/FreeRTOS/Source/queue.c.obj
                0x08008400                vQueueAddToRegistry
 .text.vQueueWaitForMessageRestricted
                0x08008428       0x52 CMakeFiles/Gimbal_Board.elf.dir/Middlewares/Third_Party/FreeRTOS/Source/queue.c.obj
                0x08008428                vQueueWaitForMessageRestricted
 .text.prvSearchForNameWithinSingleList
                0x0800847a       0x64 CMakeFiles/Gimbal_Board.elf.dir/Middlewares/Third_Party/FreeRTOS/Source/tasks.c.obj
 *fill*         0x080084de        0x2 
 .text.prvResetNextTaskUnblockTime
                0x080084e0       0x2c CMakeFiles/Gimbal_Board.elf.dir/Middlewares/Third_Party/FreeRTOS/Source/tasks.c.obj
 .text.prvInitialiseNewTask
                0x0800850c       0x94 CMakeFiles/Gimbal_Board.elf.dir/Middlewares/Third_Party/FreeRTOS/Source/tasks.c.obj
 .text.prvInitialiseTaskLists
                0x080085a0       0x68 CMakeFiles/Gimbal_Board.elf.dir/Middlewares/Third_Party/FreeRTOS/Source/tasks.c.obj
 .text.prvAddNewTaskToReadyList
                0x08008608       0xa8 CMakeFiles/Gimbal_Board.elf.dir/Middlewares/Third_Party/FreeRTOS/Source/tasks.c.obj
 .text.prvDeleteTCB
                0x080086b0       0x38 CMakeFiles/Gimbal_Board.elf.dir/Middlewares/Third_Party/FreeRTOS/Source/tasks.c.obj
 .text.prvCheckTasksWaitingTermination
                0x080086e8       0x4c CMakeFiles/Gimbal_Board.elf.dir/Middlewares/Third_Party/FreeRTOS/Source/tasks.c.obj
 .text.prvIdleTask
                0x08008734       0x28 CMakeFiles/Gimbal_Board.elf.dir/Middlewares/Third_Party/FreeRTOS/Source/tasks.c.obj
 .text.prvAddCurrentTaskToDelayedList
                0x0800875c       0xa0 CMakeFiles/Gimbal_Board.elf.dir/Middlewares/Third_Party/FreeRTOS/Source/tasks.c.obj
 .text.xTaskCreateStatic
                0x080087fc       0x72 CMakeFiles/Gimbal_Board.elf.dir/Middlewares/Third_Party/FreeRTOS/Source/tasks.c.obj
                0x080087fc                xTaskCreateStatic
 .text.xTaskCreate
                0x0800886e       0x68 CMakeFiles/Gimbal_Board.elf.dir/Middlewares/Third_Party/FreeRTOS/Source/tasks.c.obj
                0x0800886e                xTaskCreate
 *fill*         0x080088d6        0x2 
 .text.vTaskDelete
                0x080088d8       0xe0 CMakeFiles/Gimbal_Board.elf.dir/Middlewares/Third_Party/FreeRTOS/Source/tasks.c.obj
                0x080088d8                vTaskDelete
 .text.vTaskStartScheduler
                0x080089b8       0x94 CMakeFiles/Gimbal_Board.elf.dir/Middlewares/Third_Party/FreeRTOS/Source/tasks.c.obj
                0x080089b8                vTaskStartScheduler
 .text.vTaskSuspendAll
                0x08008a4c       0x10 CMakeFiles/Gimbal_Board.elf.dir/Middlewares/Third_Party/FreeRTOS/Source/tasks.c.obj
                0x08008a4c                vTaskSuspendAll
 .text.xTaskGetTickCount
                0x08008a5c        0xc CMakeFiles/Gimbal_Board.elf.dir/Middlewares/Third_Party/FreeRTOS/Source/tasks.c.obj
                0x08008a5c                xTaskGetTickCount
 .text.pcTaskGetName
                0x08008a68       0x28 CMakeFiles/Gimbal_Board.elf.dir/Middlewares/Third_Party/FreeRTOS/Source/tasks.c.obj
                0x08008a68                pcTaskGetName
 .text.xTaskIncrementTick
                0x08008a90      0x118 CMakeFiles/Gimbal_Board.elf.dir/Middlewares/Third_Party/FreeRTOS/Source/tasks.c.obj
                0x08008a90                xTaskIncrementTick
 .text.xTaskResumeAll
                0x08008ba8       0xf8 CMakeFiles/Gimbal_Board.elf.dir/Middlewares/Third_Party/FreeRTOS/Source/tasks.c.obj
                0x08008ba8                xTaskResumeAll
 .text.vTaskDelay
                0x08008ca0       0x4c CMakeFiles/Gimbal_Board.elf.dir/Middlewares/Third_Party/FreeRTOS/Source/tasks.c.obj
                0x08008ca0                vTaskDelay
 .text.xTaskGetHandle
                0x08008cec       0x98 CMakeFiles/Gimbal_Board.elf.dir/Middlewares/Third_Party/FreeRTOS/Source/tasks.c.obj
                0x08008cec                xTaskGetHandle
 .text.vTaskSwitchContext
                0x08008d84       0x98 CMakeFiles/Gimbal_Board.elf.dir/Middlewares/Third_Party/FreeRTOS/Source/tasks.c.obj
                0x08008d84                vTaskSwitchContext
 .text.vTaskPlaceOnEventList
                0x08008e1c       0x30 CMakeFiles/Gimbal_Board.elf.dir/Middlewares/Third_Party/FreeRTOS/Source/tasks.c.obj
                0x08008e1c                vTaskPlaceOnEventList
 .text.vTaskPlaceOnEventListRestricted
                0x08008e4c       0x38 CMakeFiles/Gimbal_Board.elf.dir/Middlewares/Third_Party/FreeRTOS/Source/tasks.c.obj
                0x08008e4c                vTaskPlaceOnEventListRestricted
 .text.xTaskRemoveFromEventList
                0x08008e84       0x8c CMakeFiles/Gimbal_Board.elf.dir/Middlewares/Third_Party/FreeRTOS/Source/tasks.c.obj
                0x08008e84                xTaskRemoveFromEventList
 .text.vTaskInternalSetTimeOutState
                0x08008f10       0x18 CMakeFiles/Gimbal_Board.elf.dir/Middlewares/Third_Party/FreeRTOS/Source/tasks.c.obj
                0x08008f10                vTaskInternalSetTimeOutState
 .text.xTaskCheckForTimeOut
                0x08008f28       0xa0 CMakeFiles/Gimbal_Board.elf.dir/Middlewares/Third_Party/FreeRTOS/Source/tasks.c.obj
                0x08008f28                xTaskCheckForTimeOut
 .text.vTaskMissedYield
                0x08008fc8        0xc CMakeFiles/Gimbal_Board.elf.dir/Middlewares/Third_Party/FreeRTOS/Source/tasks.c.obj
                0x08008fc8                vTaskMissedYield
 .text.xTaskGetSchedulerState
                0x08008fd4       0x20 CMakeFiles/Gimbal_Board.elf.dir/Middlewares/Third_Party/FreeRTOS/Source/tasks.c.obj
                0x08008fd4                xTaskGetSchedulerState
 .text.xTaskPriorityDisinherit
                0x08008ff4       0xb4 CMakeFiles/Gimbal_Board.elf.dir/Middlewares/Third_Party/FreeRTOS/Source/tasks.c.obj
                0x08008ff4                xTaskPriorityDisinherit
 .text.ulTaskNotifyTake
                0x080090a8       0x78 CMakeFiles/Gimbal_Board.elf.dir/Middlewares/Third_Party/FreeRTOS/Source/tasks.c.obj
                0x080090a8                ulTaskNotifyTake
 .text.vTaskNotifyGiveFromISR
                0x08009120       0xd0 CMakeFiles/Gimbal_Board.elf.dir/Middlewares/Third_Party/FreeRTOS/Source/tasks.c.obj
                0x08009120                vTaskNotifyGiveFromISR
 .text.prvGetNextExpireTime
                0x080091f0       0x20 CMakeFiles/Gimbal_Board.elf.dir/Middlewares/Third_Party/FreeRTOS/Source/timers.c.obj
 .text.prvInsertTimerInActiveList
                0x08009210       0x48 CMakeFiles/Gimbal_Board.elf.dir/Middlewares/Third_Party/FreeRTOS/Source/timers.c.obj
 .text.prvCheckForValidListAndQueue
                0x08009258       0x70 CMakeFiles/Gimbal_Board.elf.dir/Middlewares/Third_Party/FreeRTOS/Source/timers.c.obj
 .text.xTimerCreateTimerTask
                0x080092c8       0x64 CMakeFiles/Gimbal_Board.elf.dir/Middlewares/Third_Party/FreeRTOS/Source/timers.c.obj
                0x080092c8                xTimerCreateTimerTask
 .text.xTimerGenericCommand
                0x0800932c       0x6c CMakeFiles/Gimbal_Board.elf.dir/Middlewares/Third_Party/FreeRTOS/Source/timers.c.obj
                0x0800932c                xTimerGenericCommand
 .text.prvSwitchTimerLists
                0x08009398       0x78 CMakeFiles/Gimbal_Board.elf.dir/Middlewares/Third_Party/FreeRTOS/Source/timers.c.obj
 .text.prvSampleTimeNow
                0x08009410       0x2c CMakeFiles/Gimbal_Board.elf.dir/Middlewares/Third_Party/FreeRTOS/Source/timers.c.obj
 .text.prvProcessExpiredTimer
                0x0800943c       0x60 CMakeFiles/Gimbal_Board.elf.dir/Middlewares/Third_Party/FreeRTOS/Source/timers.c.obj
 .text.prvProcessTimerOrBlockTask
                0x0800949c       0x74 CMakeFiles/Gimbal_Board.elf.dir/Middlewares/Third_Party/FreeRTOS/Source/timers.c.obj
 .text.prvProcessReceivedCommands
                0x08009510       0xf8 CMakeFiles/Gimbal_Board.elf.dir/Middlewares/Third_Party/FreeRTOS/Source/timers.c.obj
 .text.prvTimerTask
                0x08009608       0x16 CMakeFiles/Gimbal_Board.elf.dir/Middlewares/Third_Party/FreeRTOS/Source/timers.c.obj
 *fill*         0x0800961e        0x2 
 .text.MX_ADC1_Init
                0x08009620       0x70 CMakeFiles/Gimbal_Board.elf.dir/Src/adc.c.obj
                0x08009620                MX_ADC1_Init
 .text.MX_ADC3_Init
                0x08009690       0x70 CMakeFiles/Gimbal_Board.elf.dir/Src/adc.c.obj
                0x08009690                MX_ADC3_Init
 .text.HAL_ADC_MspInit
                0x08009700       0x90 CMakeFiles/Gimbal_Board.elf.dir/Src/adc.c.obj
                0x08009700                HAL_ADC_MspInit
 .text.MX_CAN1_Init
                0x08009790       0x40 CMakeFiles/Gimbal_Board.elf.dir/Src/can.c.obj
                0x08009790                MX_CAN1_Init
 .text.MX_CAN2_Init
                0x080097d0       0x40 CMakeFiles/Gimbal_Board.elf.dir/Src/can.c.obj
                0x080097d0                MX_CAN2_Init
 .text.HAL_CAN_MspInit
                0x08009810      0x124 CMakeFiles/Gimbal_Board.elf.dir/Src/can.c.obj
                0x08009810                HAL_CAN_MspInit
 .text.MX_CRC_Init
                0x08009934       0x20 CMakeFiles/Gimbal_Board.elf.dir/Src/crc.c.obj
                0x08009934                MX_CRC_Init
 .text.HAL_CRC_MspInit
                0x08009954       0x30 CMakeFiles/Gimbal_Board.elf.dir/Src/crc.c.obj
                0x08009954                HAL_CRC_MspInit
 .text.MX_DMA_Init
                0x08009984       0xa8 CMakeFiles/Gimbal_Board.elf.dir/Src/dma.c.obj
                0x08009984                MX_DMA_Init
 .text.start_task
                0x08009a2c       0x18 CMakeFiles/Gimbal_Board.elf.dir/Src/freertos.c.obj
                0x08009a2c                start_task
 .text.vApplicationGetIdleTaskMemory
                0x08009a44       0x18 CMakeFiles/Gimbal_Board.elf.dir/Src/freertos.c.obj
                0x08009a44                vApplicationGetIdleTaskMemory
 .text.vApplicationGetTimerTaskMemory
                0x08009a5c       0x18 CMakeFiles/Gimbal_Board.elf.dir/Src/freertos.c.obj
                0x08009a5c                vApplicationGetTimerTaskMemory
 .text.MX_FREERTOS_Init
                0x08009a74       0x50 CMakeFiles/Gimbal_Board.elf.dir/Src/freertos.c.obj
                0x08009a74                MX_FREERTOS_Init
 .text.MX_GPIO_Init
                0x08009ac4      0x200 CMakeFiles/Gimbal_Board.elf.dir/Src/gpio.c.obj
                0x08009ac4                MX_GPIO_Init
 .text.MX_I2C1_Init
                0x08009cc4       0x3c CMakeFiles/Gimbal_Board.elf.dir/Src/i2c.c.obj
                0x08009cc4                MX_I2C1_Init
 .text.MX_I2C2_Init
                0x08009d00       0x3c CMakeFiles/Gimbal_Board.elf.dir/Src/i2c.c.obj
                0x08009d00                MX_I2C2_Init
 .text.MX_I2C3_Init
                0x08009d3c       0x3c CMakeFiles/Gimbal_Board.elf.dir/Src/i2c.c.obj
                0x08009d3c                MX_I2C3_Init
 .text.HAL_I2C_MspInit
                0x08009d78      0x1a4 CMakeFiles/Gimbal_Board.elf.dir/Src/i2c.c.obj
                0x08009d78                HAL_I2C_MspInit
 .text.SystemClock_Config
                0x08009f1c       0xb0 CMakeFiles/Gimbal_Board.elf.dir/Src/main.c.obj
                0x08009f1c                SystemClock_Config
 .text.main     0x08009fcc       0x70 CMakeFiles/Gimbal_Board.elf.dir/Src/main.c.obj
                0x08009fcc                main
 .text.Task_init
                0x0800a03c        0x8 CMakeFiles/Gimbal_Board.elf.dir/Src/main.c.obj
                0x0800a03c                Task_init
 .text.Error_Handler
                0x0800a044        0x2 CMakeFiles/Gimbal_Board.elf.dir/Src/main.c.obj
                0x0800a044                Error_Handler
 *fill*         0x0800a046        0x2 
 .text.MX_RNG_Init
                0x0800a048       0x20 CMakeFiles/Gimbal_Board.elf.dir/Src/rng.c.obj
                0x0800a048                MX_RNG_Init
 .text.HAL_RNG_MspInit
                0x0800a068       0x30 CMakeFiles/Gimbal_Board.elf.dir/Src/rng.c.obj
                0x0800a068                HAL_RNG_MspInit
 .text.MX_RTC_Init
                0x0800a098       0x34 CMakeFiles/Gimbal_Board.elf.dir/Src/rtc.c.obj
                0x0800a098                MX_RTC_Init
 .text.HAL_RTC_MspInit
                0x0800a0cc       0x1c CMakeFiles/Gimbal_Board.elf.dir/Src/rtc.c.obj
                0x0800a0cc                HAL_RTC_MspInit
 .text.MX_SPI1_Init
                0x0800a0e8       0x48 CMakeFiles/Gimbal_Board.elf.dir/Src/spi.c.obj
                0x0800a0e8                MX_SPI1_Init
 .text.MX_SPI2_Init
                0x0800a130       0x48 CMakeFiles/Gimbal_Board.elf.dir/Src/spi.c.obj
                0x0800a130                MX_SPI2_Init
 .text.HAL_SPI_MspInit
                0x0800a178      0x188 CMakeFiles/Gimbal_Board.elf.dir/Src/spi.c.obj
                0x0800a178                HAL_SPI_MspInit
 .text.HAL_MspInit
                0x0800a300       0x44 CMakeFiles/Gimbal_Board.elf.dir/Src/stm32f4xx_hal_msp.c.obj
                0x0800a300                HAL_MspInit
 .text.NMI_Handler
                0x0800a344        0x2 CMakeFiles/Gimbal_Board.elf.dir/Src/stm32f4xx_it.c.obj
                0x0800a344                NMI_Handler
 .text.HardFault_Handler
                0x0800a346        0x2 CMakeFiles/Gimbal_Board.elf.dir/Src/stm32f4xx_it.c.obj
                0x0800a346                HardFault_Handler
 .text.MemManage_Handler
                0x0800a348        0x2 CMakeFiles/Gimbal_Board.elf.dir/Src/stm32f4xx_it.c.obj
                0x0800a348                MemManage_Handler
 .text.BusFault_Handler
                0x0800a34a        0x2 CMakeFiles/Gimbal_Board.elf.dir/Src/stm32f4xx_it.c.obj
                0x0800a34a                BusFault_Handler
 .text.UsageFault_Handler
                0x0800a34c        0x2 CMakeFiles/Gimbal_Board.elf.dir/Src/stm32f4xx_it.c.obj
                0x0800a34c                UsageFault_Handler
 .text.DebugMon_Handler
                0x0800a34e        0x2 CMakeFiles/Gimbal_Board.elf.dir/Src/stm32f4xx_it.c.obj
                0x0800a34e                DebugMon_Handler
 .text.SysTick_Handler
                0x0800a350       0x16 CMakeFiles/Gimbal_Board.elf.dir/Src/stm32f4xx_it.c.obj
                0x0800a350                SysTick_Handler
 .text.EXTI0_IRQHandler
                0x0800a366        0xa CMakeFiles/Gimbal_Board.elf.dir/Src/stm32f4xx_it.c.obj
                0x0800a366                EXTI0_IRQHandler
 .text.EXTI3_IRQHandler
                0x0800a370        0xa CMakeFiles/Gimbal_Board.elf.dir/Src/stm32f4xx_it.c.obj
                0x0800a370                EXTI3_IRQHandler
 .text.EXTI4_IRQHandler
                0x0800a37a        0xa CMakeFiles/Gimbal_Board.elf.dir/Src/stm32f4xx_it.c.obj
                0x0800a37a                EXTI4_IRQHandler
 .text.CAN1_RX0_IRQHandler
                0x0800a384       0x10 CMakeFiles/Gimbal_Board.elf.dir/Src/stm32f4xx_it.c.obj
                0x0800a384                CAN1_RX0_IRQHandler
 .text.EXTI9_5_IRQHandler
                0x0800a394        0xa CMakeFiles/Gimbal_Board.elf.dir/Src/stm32f4xx_it.c.obj
                0x0800a394                EXTI9_5_IRQHandler
 *fill*         0x0800a39e        0x2 
 .text.DMA2_Stream1_IRQHandler
                0x0800a3a0       0x10 CMakeFiles/Gimbal_Board.elf.dir/Src/stm32f4xx_it.c.obj
                0x0800a3a0                DMA2_Stream1_IRQHandler
 .text.CAN2_RX0_IRQHandler
                0x0800a3b0       0x10 CMakeFiles/Gimbal_Board.elf.dir/Src/stm32f4xx_it.c.obj
                0x0800a3b0                CAN2_RX0_IRQHandler
 .text.OTG_FS_IRQHandler
                0x0800a3c0       0x10 CMakeFiles/Gimbal_Board.elf.dir/Src/stm32f4xx_it.c.obj
                0x0800a3c0                OTG_FS_IRQHandler
 .text.DMA2_Stream6_IRQHandler
                0x0800a3d0       0x10 CMakeFiles/Gimbal_Board.elf.dir/Src/stm32f4xx_it.c.obj
                0x0800a3d0                DMA2_Stream6_IRQHandler
 .text.DMA2_Stream7_IRQHandler
                0x0800a3e0       0x10 CMakeFiles/Gimbal_Board.elf.dir/Src/stm32f4xx_it.c.obj
                0x0800a3e0                DMA2_Stream7_IRQHandler
 .text._getpid  0x0800a3f0        0x4 CMakeFiles/Gimbal_Board.elf.dir/Src/syscalls.c.obj
                0x0800a3f0                _getpid
 .text._kill    0x0800a3f4       0x10 CMakeFiles/Gimbal_Board.elf.dir/Src/syscalls.c.obj
                0x0800a3f4                _kill
 .text._exit    0x0800a404        0xc CMakeFiles/Gimbal_Board.elf.dir/Src/syscalls.c.obj
                0x0800a404                _exit
 .text.SystemInit
                0x0800a410       0x4c CMakeFiles/Gimbal_Board.elf.dir/Src/system_stm32f4xx.c.obj
                0x0800a410                SystemInit
 .text.HAL_TIM_Base_MspInit
                0x0800a45c       0xe4 CMakeFiles/Gimbal_Board.elf.dir/Src/tim.c.obj
                0x0800a45c                HAL_TIM_Base_MspInit
 .text.HAL_TIM_MspPostInit
                0x0800a540      0x1d0 CMakeFiles/Gimbal_Board.elf.dir/Src/tim.c.obj
                0x0800a540                HAL_TIM_MspPostInit
 .text.MX_TIM1_Init
                0x0800a710      0x124 CMakeFiles/Gimbal_Board.elf.dir/Src/tim.c.obj
                0x0800a710                MX_TIM1_Init
 .text.MX_TIM3_Init
                0x0800a834       0xac CMakeFiles/Gimbal_Board.elf.dir/Src/tim.c.obj
                0x0800a834                MX_TIM3_Init
 .text.MX_TIM4_Init
                0x0800a8e0       0xb0 CMakeFiles/Gimbal_Board.elf.dir/Src/tim.c.obj
                0x0800a8e0                MX_TIM4_Init
 .text.MX_TIM5_Init
                0x0800a990       0xd4 CMakeFiles/Gimbal_Board.elf.dir/Src/tim.c.obj
                0x0800a990                MX_TIM5_Init
 .text.MX_TIM8_Init
                0x0800aa64      0x100 CMakeFiles/Gimbal_Board.elf.dir/Src/tim.c.obj
                0x0800aa64                MX_TIM8_Init
 .text.MX_TIM10_Init
                0x0800ab64       0x74 CMakeFiles/Gimbal_Board.elf.dir/Src/tim.c.obj
                0x0800ab64                MX_TIM10_Init
 .text.MX_USART1_UART_Init
                0x0800abd8       0x34 CMakeFiles/Gimbal_Board.elf.dir/Src/usart.c.obj
                0x0800abd8                MX_USART1_UART_Init
 .text.MX_USART3_UART_Init
                0x0800ac0c       0x3c CMakeFiles/Gimbal_Board.elf.dir/Src/usart.c.obj
                0x0800ac0c                MX_USART3_UART_Init
 .text.MX_USART6_UART_Init
                0x0800ac48       0x34 CMakeFiles/Gimbal_Board.elf.dir/Src/usart.c.obj
                0x0800ac48                MX_USART6_UART_Init
 .text.HAL_UART_MspInit
                0x0800ac7c      0x288 CMakeFiles/Gimbal_Board.elf.dir/Src/usart.c.obj
                0x0800ac7c                HAL_UART_MspInit
 .text.HAL_PCD_SetupStageCallback
                0x0800af04       0x10 CMakeFiles/Gimbal_Board.elf.dir/Src/usbd_conf.c.obj
                0x0800af04                HAL_PCD_SetupStageCallback
 .text.HAL_PCD_DataOutStageCallback
                0x0800af14       0x18 CMakeFiles/Gimbal_Board.elf.dir/Src/usbd_conf.c.obj
                0x0800af14                HAL_PCD_DataOutStageCallback
 .text.HAL_PCD_DataInStageCallback
                0x0800af2c       0x16 CMakeFiles/Gimbal_Board.elf.dir/Src/usbd_conf.c.obj
                0x0800af2c                HAL_PCD_DataInStageCallback
 .text.HAL_PCD_SOFCallback
                0x0800af42        0xc CMakeFiles/Gimbal_Board.elf.dir/Src/usbd_conf.c.obj
                0x0800af42                HAL_PCD_SOFCallback
 .text.HAL_PCD_ResetCallback
                0x0800af4e       0x2c CMakeFiles/Gimbal_Board.elf.dir/Src/usbd_conf.c.obj
                0x0800af4e                HAL_PCD_ResetCallback
 *fill*         0x0800af7a        0x2 
 .text.HAL_PCD_SuspendCallback
                0x0800af7c       0x30 CMakeFiles/Gimbal_Board.elf.dir/Src/usbd_conf.c.obj
                0x0800af7c                HAL_PCD_SuspendCallback
 .text.HAL_PCD_ResumeCallback
                0x0800afac        0xc CMakeFiles/Gimbal_Board.elf.dir/Src/usbd_conf.c.obj
                0x0800afac                HAL_PCD_ResumeCallback
 .text.HAL_PCD_ISOOUTIncompleteCallback
                0x0800afb8        0xc CMakeFiles/Gimbal_Board.elf.dir/Src/usbd_conf.c.obj
                0x0800afb8                HAL_PCD_ISOOUTIncompleteCallback
 .text.HAL_PCD_ISOINIncompleteCallback
                0x0800afc4        0xc CMakeFiles/Gimbal_Board.elf.dir/Src/usbd_conf.c.obj
                0x0800afc4                HAL_PCD_ISOINIncompleteCallback
 .text.HAL_PCD_ConnectCallback
                0x0800afd0        0xc CMakeFiles/Gimbal_Board.elf.dir/Src/usbd_conf.c.obj
                0x0800afd0                HAL_PCD_ConnectCallback
 .text.HAL_PCD_DisconnectCallback
                0x0800afdc        0xc CMakeFiles/Gimbal_Board.elf.dir/Src/usbd_conf.c.obj
                0x0800afdc                HAL_PCD_DisconnectCallback
 .text.USBD_LL_IsStallEP
                0x0800afe8       0x2e CMakeFiles/Gimbal_Board.elf.dir/Src/usbd_conf.c.obj
                0x0800afe8                USBD_LL_IsStallEP
 .text.USBD_Get_USB_Status
                0x0800b016       0x14 CMakeFiles/Gimbal_Board.elf.dir/Src/usbd_conf.c.obj
                0x0800b016                USBD_Get_USB_Status
 .text.USBD_LL_OpenEP
                0x0800b02a       0x16 CMakeFiles/Gimbal_Board.elf.dir/Src/usbd_conf.c.obj
                0x0800b02a                USBD_LL_OpenEP
 .text.USBD_LL_StallEP
                0x0800b040       0x10 CMakeFiles/Gimbal_Board.elf.dir/Src/usbd_conf.c.obj
                0x0800b040                USBD_LL_StallEP
 .text.USBD_LL_ClearStallEP
                0x0800b050       0x10 CMakeFiles/Gimbal_Board.elf.dir/Src/usbd_conf.c.obj
                0x0800b050                USBD_LL_ClearStallEP
 .text.USBD_LL_SetUSBAddress
                0x0800b060       0x10 CMakeFiles/Gimbal_Board.elf.dir/Src/usbd_conf.c.obj
                0x0800b060                USBD_LL_SetUSBAddress
 .text.USBD_LL_Transmit
                0x0800b070       0x10 CMakeFiles/Gimbal_Board.elf.dir/Src/usbd_conf.c.obj
                0x0800b070                USBD_LL_Transmit
 .text.USBD_LL_PrepareReceive
                0x0800b080       0x10 CMakeFiles/Gimbal_Board.elf.dir/Src/usbd_conf.c.obj
                0x0800b080                USBD_LL_PrepareReceive
 .text.BMI088_GPIO_init
                0x0800b090        0x2 CMakeFiles/Gimbal_Board.elf.dir/components/devices/BMI088Middleware.c.obj
                0x0800b090                BMI088_GPIO_init
 .text.BMI088_com_init
                0x0800b092        0x2 CMakeFiles/Gimbal_Board.elf.dir/components/devices/BMI088Middleware.c.obj
                0x0800b092                BMI088_com_init
 .text.BMI088_delay_ms
                0x0800b094        0x8 CMakeFiles/Gimbal_Board.elf.dir/components/devices/BMI088Middleware.c.obj
                0x0800b094                BMI088_delay_ms
 .text.BMI088_delay_us
                0x0800b09c        0x8 CMakeFiles/Gimbal_Board.elf.dir/components/devices/BMI088Middleware.c.obj
                0x0800b09c                BMI088_delay_us
 .text.BMI088_ACCEL_NS_L
                0x0800b0a4       0x14 CMakeFiles/Gimbal_Board.elf.dir/components/devices/BMI088Middleware.c.obj
                0x0800b0a4                BMI088_ACCEL_NS_L
 .text.BMI088_ACCEL_NS_H
                0x0800b0b8       0x14 CMakeFiles/Gimbal_Board.elf.dir/components/devices/BMI088Middleware.c.obj
                0x0800b0b8                BMI088_ACCEL_NS_H
 .text.BMI088_GYRO_NS_L
                0x0800b0cc       0x14 CMakeFiles/Gimbal_Board.elf.dir/components/devices/BMI088Middleware.c.obj
                0x0800b0cc                BMI088_GYRO_NS_L
 .text.BMI088_GYRO_NS_H
                0x0800b0e0       0x14 CMakeFiles/Gimbal_Board.elf.dir/components/devices/BMI088Middleware.c.obj
                0x0800b0e0                BMI088_GYRO_NS_H
 .text.BMI088_read_write_byte
                0x0800b0f4       0x2c CMakeFiles/Gimbal_Board.elf.dir/components/devices/BMI088Middleware.c.obj
                0x0800b0f4                BMI088_read_write_byte
 .text.BMI088_write_single_reg
                0x0800b120       0x10 CMakeFiles/Gimbal_Board.elf.dir/components/devices/BMI088driver.c.obj
 .text.BMI088_read_single_reg
                0x0800b130       0x16 CMakeFiles/Gimbal_Board.elf.dir/components/devices/BMI088driver.c.obj
 .text.BMI088_read_muli_reg
                0x0800b146       0x22 CMakeFiles/Gimbal_Board.elf.dir/components/devices/BMI088driver.c.obj
 .text.bmi088_accel_init
                0x0800b168      0x134 CMakeFiles/Gimbal_Board.elf.dir/components/devices/BMI088driver.c.obj
                0x0800b168                bmi088_accel_init
 .text.bmi088_gyro_init
                0x0800b29c       0xf0 CMakeFiles/Gimbal_Board.elf.dir/components/devices/BMI088driver.c.obj
                0x0800b29c                bmi088_gyro_init
 .text.bmi088_accel_self_test
                0x0800b38c      0x308 CMakeFiles/Gimbal_Board.elf.dir/components/devices/BMI088driver.c.obj
                0x0800b38c                bmi088_accel_self_test
 .text.bmi088_gyro_self_test
                0x0800b694       0xd6 CMakeFiles/Gimbal_Board.elf.dir/components/devices/BMI088driver.c.obj
                0x0800b694                bmi088_gyro_self_test
 .text.BMI088_init
                0x0800b76a       0x32 CMakeFiles/Gimbal_Board.elf.dir/components/devices/BMI088driver.c.obj
                0x0800b76a                BMI088_init
 .text.BMI088_temperature_read_over
                0x0800b79c       0x32 CMakeFiles/Gimbal_Board.elf.dir/components/devices/BMI088driver.c.obj
                0x0800b79c                BMI088_temperature_read_over
 *fill*         0x0800b7ce        0x2 
 .text.BMI088_accel_read_over
                0x0800b7d0       0x88 CMakeFiles/Gimbal_Board.elf.dir/components/devices/BMI088driver.c.obj
                0x0800b7d0                BMI088_accel_read_over
 .text.BMI088_gyro_read_over
                0x0800b858       0x64 CMakeFiles/Gimbal_Board.elf.dir/components/devices/BMI088driver.c.obj
                0x0800b858                BMI088_gyro_read_over
 .text.BMI088_read
                0x0800b8bc      0x17c CMakeFiles/Gimbal_Board.elf.dir/components/devices/BMI088driver.c.obj
                0x0800b8bc                BMI088_read
 .text.invSqrt  0x0800ba38       0x30 CMakeFiles/Gimbal_Board.elf.dir/components/devices/MahonyAHRS.c.obj
                0x0800ba38                invSqrt
 .text.MahonyAHRSupdateIMU
                0x0800ba68      0x258 CMakeFiles/Gimbal_Board.elf.dir/components/devices/MahonyAHRS.c.obj
                0x0800ba68                MahonyAHRSupdateIMU
 .text.MahonyAHRSupdate
                0x0800bcc0      0x3d4 CMakeFiles/Gimbal_Board.elf.dir/components/devices/MahonyAHRS.c.obj
                0x0800bcc0                MahonyAHRSupdate
 .text.ist8310_init
                0x0800c094       0x80 CMakeFiles/Gimbal_Board.elf.dir/components/devices/ist8310driver.c.obj
                0x0800c094                ist8310_init
 .text.ist8310_read_mag
                0x0800c114       0x78 CMakeFiles/Gimbal_Board.elf.dir/components/devices/ist8310driver.c.obj
                0x0800c114                ist8310_read_mag
 .text.ist8310_GPIO_init
                0x0800c18c        0x2 CMakeFiles/Gimbal_Board.elf.dir/components/devices/ist8310driver_middleware.c.obj
                0x0800c18c                ist8310_GPIO_init
 .text.ist8310_com_init
                0x0800c18e        0x2 CMakeFiles/Gimbal_Board.elf.dir/components/devices/ist8310driver_middleware.c.obj
                0x0800c18e                ist8310_com_init
 .text.ist8310_IIC_read_single_reg
                0x0800c190       0x2c CMakeFiles/Gimbal_Board.elf.dir/components/devices/ist8310driver_middleware.c.obj
                0x0800c190                ist8310_IIC_read_single_reg
 .text.ist8310_IIC_write_single_reg
                0x0800c1bc       0x2c CMakeFiles/Gimbal_Board.elf.dir/components/devices/ist8310driver_middleware.c.obj
                0x0800c1bc                ist8310_IIC_write_single_reg
 .text.ist8310_IIC_read_muli_reg
                0x0800c1e8       0x24 CMakeFiles/Gimbal_Board.elf.dir/components/devices/ist8310driver_middleware.c.obj
                0x0800c1e8                ist8310_IIC_read_muli_reg
 .text.ist8310_delay_ms
                0x0800c20c        0x8 CMakeFiles/Gimbal_Board.elf.dir/components/devices/ist8310driver_middleware.c.obj
                0x0800c20c                ist8310_delay_ms
 .text.ist8310_RST_H
                0x0800c214       0x14 CMakeFiles/Gimbal_Board.elf.dir/components/devices/ist8310driver_middleware.c.obj
                0x0800c214                ist8310_RST_H
 .text.ist8310_RST_L
                0x0800c228       0x14 CMakeFiles/Gimbal_Board.elf.dir/components/devices/ist8310driver_middleware.c.obj
                0x0800c228                ist8310_RST_L
 .text.delay_us
                0x0800c23c       0x3c CMakeFiles/Gimbal_Board.elf.dir/hardware/bsp_delay.c.obj
                0x0800c23c                delay_us
 .text.DMA1_Stream7_IRQHandler
                0x0800c278       0x70 CMakeFiles/Gimbal_Board.elf.dir/hardware/bsp_i2c.c.obj
                0x0800c278                DMA1_Stream7_IRQHandler
 .text.imu_pwm_set
                0x0800c2e8        0xc CMakeFiles/Gimbal_Board.elf.dir/hardware/bsp_imu_pwm.c.obj
                0x0800c2e8                imu_pwm_set
 .text.SPI1_DMA_init
                0x0800c2f4      0x114 CMakeFiles/Gimbal_Board.elf.dir/hardware/bsp_spi.c.obj
                0x0800c2f4                SPI1_DMA_init
 .text.SPI1_DMA_enable
                0x0800c408     0x1d74 CMakeFiles/Gimbal_Board.elf.dir/hardware/bsp_spi.c.obj
                0x0800c408                SPI1_DMA_enable
 .text._ZN8M_Gimbal12behavour_setEv
                0x0800e17c       0xd4 CMakeFiles/Gimbal_Board.elf.dir/module/M_Gimbal.cpp.obj
                0x0800e17c                M_Gimbal::behavour_set()
 .text._ZN8M_Gimbal18behaviour_mode_setEv
                0x0800e250       0x44 CMakeFiles/Gimbal_Board.elf.dir/module/M_Gimbal.cpp.obj
                0x0800e250                M_Gimbal::behaviour_mode_set()
 .text._ZN8M_Gimbal8set_modeEv
                0x0800e294        0x8 CMakeFiles/Gimbal_Board.elf.dir/module/M_Gimbal.cpp.obj
                0x0800e294                M_Gimbal::set_mode()
 .text._ZN8M_Gimbal25motor_ecd_to_angle_changeEtt
                0x0800e29c       0x34 CMakeFiles/Gimbal_Board.elf.dir/module/M_Gimbal.cpp.obj
                0x0800e29c                M_Gimbal::motor_ecd_to_angle_change(unsigned short, unsigned short)
 .text._ZN8M_Gimbal15feedback_updateEv
                0x0800e2d0       0xb4 CMakeFiles/Gimbal_Board.elf.dir/module/M_Gimbal.cpp.obj
                0x0800e2d0                M_Gimbal::feedback_update()
 .text._ZN8M_Gimbal27mode_change_control_transitEv
                0x0800e384       0x58 CMakeFiles/Gimbal_Board.elf.dir/module/M_Gimbal.cpp.obj
                0x0800e384                M_Gimbal::mode_change_control_transit()
 .text._ZN8M_Gimbal25gimbal_zero_force_controlEPfS0_
                0x0800e3dc        0xc CMakeFiles/Gimbal_Board.elf.dir/module/M_Gimbal.cpp.obj
                0x0800e3dc                M_Gimbal::gimbal_zero_force_control(float*, float*)
 .text._ZN8M_Gimbal19gimbal_init_controlEPfS0_
                0x0800e3e8       0x6c CMakeFiles/Gimbal_Board.elf.dir/module/M_Gimbal.cpp.obj
                0x0800e3e8                M_Gimbal::gimbal_init_control(float*, float*)
 .text._ZN8M_Gimbal29gimbal_absolute_angle_controlEPfS0_
                0x0800e454      0x1b4 CMakeFiles/Gimbal_Board.elf.dir/module/M_Gimbal.cpp.obj
                0x0800e454                M_Gimbal::gimbal_absolute_angle_control(float*, float*)
 .text._ZN8M_Gimbal29gimbal_relative_angle_controlEPfS0_
                0x0800e608       0xc8 CMakeFiles/Gimbal_Board.elf.dir/module/M_Gimbal.cpp.obj
                0x0800e608                M_Gimbal::gimbal_relative_angle_control(float*, float*)
 .text._ZN8M_Gimbal25gimbal_motionless_controlEPfS0_
                0x0800e6d0        0xc CMakeFiles/Gimbal_Board.elf.dir/module/M_Gimbal.cpp.obj
                0x0800e6d0                M_Gimbal::gimbal_motionless_control(float*, float*)
 .text._ZN8M_Gimbal21behaviour_control_setEPfS0_
                0x0800e6dc       0x3c CMakeFiles/Gimbal_Board.elf.dir/module/M_Gimbal.cpp.obj
                0x0800e6dc                M_Gimbal::behaviour_control_set(float*, float*)
 .text._ZN8M_Gimbal23motor_raw_angle_controlEP10motor_6020
                0x0800e718       0x18 CMakeFiles/Gimbal_Board.elf.dir/module/M_Gimbal.cpp.obj
                0x0800e718                M_Gimbal::motor_raw_angle_control(motor_6020*)
 .text._ZN8M_Gimbal20absolute_angle_limitEP10motor_6020f
                0x0800e730       0x98 CMakeFiles/Gimbal_Board.elf.dir/module/M_Gimbal.cpp.obj
                0x0800e730                M_Gimbal::absolute_angle_limit(motor_6020*, float)
 .text._ZN8M_Gimbal20relative_angle_limitEP10motor_6020f
                0x0800e7c8       0x34 CMakeFiles/Gimbal_Board.elf.dir/module/M_Gimbal.cpp.obj
                0x0800e7c8                M_Gimbal::relative_angle_limit(motor_6020*, float)
 .text._ZN8M_Gimbal11set_controlEv
                0x0800e7fc       0x6e CMakeFiles/Gimbal_Board.elf.dir/module/M_Gimbal.cpp.obj
                0x0800e7fc                M_Gimbal::set_control()
 .text._ZN8M_Gimbal15gimbal_PID_initEP12gimbal_PID_tfffff
                0x0800e86a       0x1e CMakeFiles/Gimbal_Board.elf.dir/module/M_Gimbal.cpp.obj
                0x0800e86a                M_Gimbal::gimbal_PID_init(gimbal_PID_t*, float, float, float, float, float)
 .text._ZN8M_Gimbal4initEv
                0x0800e888      0x128 CMakeFiles/Gimbal_Board.elf.dir/module/M_Gimbal.cpp.obj
                0x0800e888                M_Gimbal::init()
 .text._ZN8M_Gimbal15gimbal_PID_calcEP12gimbal_PID_tfff
                0x0800e9b0       0xa0 CMakeFiles/Gimbal_Board.elf.dir/module/M_Gimbal.cpp.obj
                0x0800e9b0                M_Gimbal::gimbal_PID_calc(gimbal_PID_t*, float, float, float)
 .text._ZN8M_Gimbal28motor_relative_angle_controlEP10motor_6020
                0x0800ea50       0x42 CMakeFiles/Gimbal_Board.elf.dir/module/M_Gimbal.cpp.obj
                0x0800ea50                M_Gimbal::motor_relative_angle_control(motor_6020*)
 .text._ZN8M_Gimbal28motor_absolute_angle_controlEP10motor_6020
                0x0800ea92       0x40 CMakeFiles/Gimbal_Board.elf.dir/module/M_Gimbal.cpp.obj
                0x0800ea92                M_Gimbal::motor_absolute_angle_control(motor_6020*)
 .text._ZN8M_Gimbal19gimbal_control_loopEv
                0x0800ead2       0x50 CMakeFiles/Gimbal_Board.elf.dir/module/M_Gimbal.cpp.obj
                0x0800ead2                M_Gimbal::gimbal_control_loop()
 .text._ZN10CAN_Gimbal30get_gimbal_motor_measure_pointEh
                0x0800eb22       0x10 CMakeFiles/Gimbal_Board.elf.dir/module/can.cpp.obj
                0x0800eb22                CAN_Gimbal::get_gimbal_motor_measure_point(unsigned char)
 *fill*         0x0800eb32        0x2 
 .text._ZN10CAN_Gimbal14CAN_cmd_gimbalEssss
                0x0800eb34       0x4c CMakeFiles/Gimbal_Board.elf.dir/module/can.cpp.obj
                0x0800eb34                CAN_Gimbal::CAN_cmd_gimbal(short, short, short, short)
 .text.HAL_CAN_RxFifo0MsgPendingCallback
                0x0800eb80       0x3c CMakeFiles/Gimbal_Board.elf.dir/module/can.cpp.obj
                0x0800eb80                HAL_CAN_RxFifo0MsgPendingCallback
 .text._ZN13motor_measure17get_motor_measureEPKh
                0x0800ebbc       0x28 CMakeFiles/Gimbal_Board.elf.dir/module/motor_measure.cpp.obj
                0x0800ebbc                motor_measure::get_motor_measure(unsigned char const*)
 .text.PID_init
                0x0800ebe4       0x32 CMakeFiles/Gimbal_Board.elf.dir/module/pid.c.obj
                0x0800ebe4                PID_init
 *fill*         0x0800ec16        0x2 
 .text.PID_calc
                0x0800ec18      0x158 CMakeFiles/Gimbal_Board.elf.dir/module/pid.c.obj
                0x0800ec18                PID_calc
 .text.RC_Init  0x0800ed70       0x68 CMakeFiles/Gimbal_Board.elf.dir/module/remote_data.c.obj
                0x0800ed70                RC_Init
 .text.remote_control_init
                0x0800edd8       0x14 CMakeFiles/Gimbal_Board.elf.dir/module/remote_data.c.obj
                0x0800edd8                remote_control_init
 .text.sbus_to_rc
                0x0800edec       0xbc CMakeFiles/Gimbal_Board.elf.dir/module/remote_data.c.obj
                0x0800edec                sbus_to_rc
 .text.USART3_IRQHandler
                0x0800eea8       0xe4 CMakeFiles/Gimbal_Board.elf.dir/module/remote_data.c.obj
                0x0800eea8                USART3_IRQHandler
 .text._Z19loop_fp32_constrainfff
                0x0800ef8c       0x48 CMakeFiles/Gimbal_Board.elf.dir/module/user_lib.cpp.obj
                0x0800ef8c                loop_fp32_constrain(float, float, float)
 .text._Z9abs_limitff
                0x0800efd4        0x2 CMakeFiles/Gimbal_Board.elf.dir/module/user_lib.cpp.obj
                0x0800efd4                abs_limit(float, float)
 *fill*         0x0800efd6        0x2 
 .text.Reset_Handler
                0x0800efd8       0x50 CMakeFiles/Gimbal_Board.elf.dir/startup/startup_stm32f407xx.s.obj
                0x0800efd8                Reset_Handler
 .text.Default_Handler
                0x0800f028        0x2 CMakeFiles/Gimbal_Board.elf.dir/startup/startup_stm32f407xx.s.obj
                0x0800f028                RTC_Alarm_IRQHandler
                0x0800f028                HASH_RNG_IRQHandler
                0x0800f028                EXTI2_IRQHandler
                0x0800f028                TIM8_CC_IRQHandler
                0x0800f028                TIM1_CC_IRQHandler
                0x0800f028                DMA2_Stream5_IRQHandler
                0x0800f028                DMA1_Stream5_IRQHandler
                0x0800f028                PVD_IRQHandler
                0x0800f028                SDIO_IRQHandler
                0x0800f028                TAMP_STAMP_IRQHandler
                0x0800f028                CAN2_RX1_IRQHandler
                0x0800f028                TIM8_TRG_COM_TIM14_IRQHandler
                0x0800f028                TIM1_UP_TIM10_IRQHandler
                0x0800f028                TIM8_UP_TIM13_IRQHandler
                0x0800f028                I2C3_ER_IRQHandler
                0x0800f028                I2C2_EV_IRQHandler
                0x0800f028                DMA1_Stream2_IRQHandler