Archive member included to satisfy reference by file (symbol)

e:/cubemx/gcc-arm-none-eabi/bin/../lib/gcc/arm-none-eabi/9.2.1/../../../../arm-none-eabi/lib/thumb/v7e-m+fp/hard\libm.a(lib_a-s_cos.o)
                              CMakeFiles/Gimbal_Board.elf.dir/module/M_Gimbal.cpp.obj (cos)
e:/cubemx/gcc-arm-none-eabi/bin/../lib/gcc/arm-none-eabi/9.2.1/../../../../arm-none-eabi/lib/thumb/v7e-m+fp/hard\libm.a(lib_a-s_sin.o)
                              CMakeFiles/Gimbal_Board.elf.dir/module/M_Gimbal.cpp.obj (sin)
e:/cubemx/gcc-arm-none-eabi/bin/../lib/gcc/arm-none-eabi/9.2.1/../../../../arm-none-eabi/lib/thumb/v7e-m+fp/hard\libm.a(lib_a-e_rem_pio2.o)
                              e:/cubemx/gcc-arm-none-eabi/bin/../lib/gcc/arm-none-eabi/9.2.1/../../../../arm-none-eabi/lib/thumb/v7e-m+fp/hard\libm.a(lib_a-s_cos.o) (__ieee754_rem_pio2)
e:/cubemx/gcc-arm-none-eabi/bin/../lib/gcc/arm-none-eabi/9.2.1/../../../../arm-none-eabi/lib/thumb/v7e-m+fp/hard\libm.a(lib_a-k_cos.o)
                              e:/cubemx/gcc-arm-none-eabi/bin/../lib/gcc/arm-none-eabi/9.2.1/../../../../arm-none-eabi/lib/thumb/v7e-m+fp/hard\libm.a(lib_a-s_cos.o) (__kernel_cos)
e:/cubemx/gcc-arm-none-eabi/bin/../lib/gcc/arm-none-eabi/9.2.1/../../../../arm-none-eabi/lib/thumb/v7e-m+fp/hard\libm.a(lib_a-k_rem_pio2.o)
                              e:/cubemx/gcc-arm-none-eabi/bin/../lib/gcc/arm-none-eabi/9.2.1/../../../../arm-none-eabi/lib/thumb/v7e-m+fp/hard\libm.a(lib_a-e_rem_pio2.o) (__kernel_rem_pio2)
e:/cubemx/gcc-arm-none-eabi/bin/../lib/gcc/arm-none-eabi/9.2.1/../../../../arm-none-eabi/lib/thumb/v7e-m+fp/hard\libm.a(lib_a-k_sin.o)
                              e:/cubemx/gcc-arm-none-eabi/bin/../lib/gcc/arm-none-eabi/9.2.1/../../../../arm-none-eabi/lib/thumb/v7e-m+fp/hard\libm.a(lib_a-s_cos.o) (__kernel_sin)
e:/cubemx/gcc-arm-none-eabi/bin/../lib/gcc/arm-none-eabi/9.2.1/../../../../arm-none-eabi/lib/thumb/v7e-m+fp/hard\libm.a(lib_a-s_fabs.o)
                              e:/cubemx/gcc-arm-none-eabi/bin/../lib/gcc/arm-none-eabi/9.2.1/../../../../arm-none-eabi/lib/thumb/v7e-m+fp/hard\libm.a(lib_a-e_rem_pio2.o) (fabs)
e:/cubemx/gcc-arm-none-eabi/bin/../lib/gcc/arm-none-eabi/9.2.1/../../../../arm-none-eabi/lib/thumb/v7e-m+fp/hard\libm.a(lib_a-s_floor.o)
                              e:/cubemx/gcc-arm-none-eabi/bin/../lib/gcc/arm-none-eabi/9.2.1/../../../../arm-none-eabi/lib/thumb/v7e-m+fp/hard\libm.a(lib_a-k_rem_pio2.o) (floor)
e:/cubemx/gcc-arm-none-eabi/bin/../lib/gcc/arm-none-eabi/9.2.1/../../../../arm-none-eabi/lib/thumb/v7e-m+fp/hard\libm.a(lib_a-s_scalbn.o)
                              e:/cubemx/gcc-arm-none-eabi/bin/../lib/gcc/arm-none-eabi/9.2.1/../../../../arm-none-eabi/lib/thumb/v7e-m+fp/hard\libm.a(lib_a-k_rem_pio2.o) (scalbn)
e:/cubemx/gcc-arm-none-eabi/bin/../lib/gcc/arm-none-eabi/9.2.1/thumb/v7e-m+fp/hard\libgcc.a(_arm_muldf3.o)
                              CMakeFiles/Gimbal_Board.elf.dir/module/M_Gimbal.cpp.obj (__aeabi_dmul)
e:/cubemx/gcc-arm-none-eabi/bin/../lib/gcc/arm-none-eabi/9.2.1/thumb/v7e-m+fp/hard\libgcc.a(_arm_addsubdf3.o)
                              CMakeFiles/Gimbal_Board.elf.dir/module/M_Gimbal.cpp.obj (__aeabi_dsub)
e:/cubemx/gcc-arm-none-eabi/bin/../lib/gcc/arm-none-eabi/9.2.1/thumb/v7e-m+fp/hard\libgcc.a(_arm_cmpdf2.o)
                              e:/cubemx/gcc-arm-none-eabi/bin/../lib/gcc/arm-none-eabi/9.2.1/../../../../arm-none-eabi/lib/thumb/v7e-m+fp/hard\libm.a(lib_a-e_rem_pio2.o) (__aeabi_dcmpeq)
e:/cubemx/gcc-arm-none-eabi/bin/../lib/gcc/arm-none-eabi/9.2.1/thumb/v7e-m+fp/hard\libgcc.a(_arm_fixdfsi.o)
                              e:/cubemx/gcc-arm-none-eabi/bin/../lib/gcc/arm-none-eabi/9.2.1/../../../../arm-none-eabi/lib/thumb/v7e-m+fp/hard\libm.a(lib_a-e_rem_pio2.o) (__aeabi_d2iz)
e:/cubemx/gcc-arm-none-eabi/bin/../lib/gcc/arm-none-eabi/9.2.1/thumb/v7e-m+fp/hard\libgcc.a(_arm_truncdfsf2.o)
                              CMakeFiles/Gimbal_Board.elf.dir/module/M_Gimbal.cpp.obj (__aeabi_d2f)
e:/cubemx/gcc-arm-none-eabi/bin/../lib/gcc/arm-none-eabi/9.2.1/thumb/v7e-m+fp/hard\libgcc.a(_aeabi_uldivmod.o)
                              CMakeFiles/Gimbal_Board.elf.dir/Drivers/STM32F4xx_HAL_Driver/Src/stm32f4xx_hal_rcc.c.obj (__aeabi_uldivmod)
e:/cubemx/gcc-arm-none-eabi/bin/../lib/gcc/arm-none-eabi/9.2.1/thumb/v7e-m+fp/hard\libgcc.a(_udivmoddi4.o)
                              e:/cubemx/gcc-arm-none-eabi/bin/../lib/gcc/arm-none-eabi/9.2.1/thumb/v7e-m+fp/hard\libgcc.a(_aeabi_uldivmod.o) (__udivmoddi4)
e:/cubemx/gcc-arm-none-eabi/bin/../lib/gcc/arm-none-eabi/9.2.1/thumb/v7e-m+fp/hard\libgcc.a(unwind-arm.o)
                              CMakeFiles/Gimbal_Board.elf.dir/Application/System_Config.cpp.obj (__aeabi_unwind_cpp_pr0)
e:/cubemx/gcc-arm-none-eabi/bin/../lib/gcc/arm-none-eabi/9.2.1/thumb/v7e-m+fp/hard\libgcc.a(libunwind.o)
                              e:/cubemx/gcc-arm-none-eabi/bin/../lib/gcc/arm-none-eabi/9.2.1/thumb/v7e-m+fp/hard\libgcc.a(unwind-arm.o) (restore_core_regs)
[...]
Memory Configuration

Name             Origin             Length             Attributes
RAM              0x20000000         0x00020000         xrw
CCMRAM           0x10000000         0x00010000         xrw
FLASH            0x08000000         0x00100000         xr
*default*        0x00000000         0xffffffff

Linker script and memory map

LOAD e:/cubemx/gcc-arm-none-eabi/bin/../lib/gcc/arm-none-eabi/9.2.1/thumb/v7e-m+fp/hard/crti.o
LOAD e:/cubemx/gcc-arm-none-eabi/bin/../lib/gcc/arm-none-eabi/9.2.1/thumb/v7e-m+fp/hard/crtbegin.o
LOAD e:/cubemx/gcc-arm-none-eabi/bin/../lib/gcc/arm-none-eabi/9.2.1/../../../../arm-none-eabi/lib/thumb/v7e-m+fp/hard/crt0.o
LOAD CMakeFiles/Gimbal_Board.elf.dir/Application/Communication_task.cpp.obj
LOAD CMakeFiles/Gimbal_Board.elf.dir/Application/INS_task.cpp.obj
LOAD CMakeFiles/Gimbal_Board.elf.dir/Application/System_Config.cpp.obj
LOAD CMakeFiles/Gimbal_Board.elf.dir/Application/gimbal_task.cpp.obj
LOAD CMakeFiles/Gimbal_Board.elf.dir/Drivers/STM32F4xx_HAL_Driver/Src/stm32f4xx_hal.c.obj
LOAD CMakeFiles/Gimbal_Board.elf.dir/Drivers/STM32F4xx_HAL_Driver/Src/stm32f4xx_hal_adc.c.obj
LOAD CMakeFiles/Gimbal_Board.elf.dir/Drivers/STM32F4xx_HAL_Driver/Src/stm32f4xx_hal_adc_ex.c.obj
LOAD CMakeFiles/Gimbal_Board.elf.dir/Drivers/STM32F4xx_HAL_Driver/Src/stm32f4xx_hal_can.c.obj
LOAD CMakeFiles/Gimbal_Board.elf.dir/Drivers/STM32F4xx_HAL_Driver/Src/stm32f4xx_hal_cortex.c.obj
LOAD CMakeFiles/Gimbal_Board.elf.dir/Drivers/STM32F4xx_HAL_Driver/Src/stm32f4xx_hal_crc.c.obj
LOAD CMakeFiles/Gimbal_Board.elf.dir/Drivers/STM32F4xx_HAL_Driver/Src/stm32f4xx_hal_dma.c.obj
LOAD CMakeFiles/Gimbal_Board.elf.dir/Drivers/STM32F4xx_HAL_Driver/Src/stm32f4xx_hal_dma_ex.c.obj
LOAD CMakeFiles/Gimbal_Board.elf.dir/Drivers/STM32F4xx_HAL_Driver/Src/stm32f4xx_hal_exti.c.obj
LOAD CMakeFiles/Gimbal_Board.elf.dir/Drivers/STM32F4xx_HAL_Driver/Src/stm32f4xx_hal_flash.c.obj
LOAD CMakeFiles/Gimbal_Board.elf.dir/Drivers/STM32F4xx_HAL_Driver/Src/stm32f4xx_hal_flash_ex.c.obj
LOAD CMakeFiles/Gimbal_Board.elf.dir/Drivers/STM32F4xx_HAL_Driver/Src/stm32f4xx_hal_flash_ramfunc.c.obj
LOAD CMakeFiles/Gimbal_Board.elf.dir/Drivers/STM32F4xx_HAL_Driver/Src/stm32f4xx_hal_gpio.c.obj
LOAD CMakeFiles/Gimbal_Board.elf.dir/Drivers/STM32F4xx_HAL_Driver/Src/stm32f4xx_hal_i2c.c.obj
LOAD CMakeFiles/Gimbal_Board.elf.dir/Drivers/STM32F4xx_HAL_Driver/Src/stm32f4xx_hal_i2c_ex.c.obj
LOAD CMakeFiles/Gimbal_Board.elf.dir/Drivers/STM32F4xx_HAL_Driver/Src/stm32f4xx_hal_pcd.c.obj
LOAD CMakeFiles/Gimbal_Board.elf.dir/Drivers/STM32F4xx_HAL_Driver/Src/stm32f4xx_hal_pcd_ex.c.obj
LOAD CMakeFiles/Gimbal_Board.elf.dir/Drivers/STM32F4xx_HAL_Driver/Src/stm32f4xx_hal_pwr.c.obj
LOAD CMakeFiles/Gimbal_Board.elf.dir/Drivers/STM32F4xx_HAL_Driver/Src/stm32f4xx_hal_pwr_ex.c.obj
LOAD CMakeFiles/Gimbal_Board.elf.dir/Drivers/STM32F4xx_HAL_Driver/Src/stm32f4xx_hal_rcc.c.obj
LOAD CMakeFiles/Gimbal_Board.elf.dir/Drivers/STM32F4xx_HAL_Driver/Src/stm32f4xx_hal_rcc_ex.c.obj
LOAD CMakeFiles/Gimbal_Board.elf.dir/Drivers/STM32F4xx_HAL_Driver/Src/stm32f4xx_hal_rng.c.obj
LOAD CMakeFiles/Gimbal_Board.elf.dir/Drivers/STM32F4xx_HAL_Driver/Src/stm32f4xx_hal_rtc.c.obj
LOAD CMakeFiles/Gimbal_Board.elf.dir/Drivers/STM32F4xx_HAL_Driver/Src/stm32f4xx_hal_rtc_ex.c.obj
LOAD CMakeFiles/Gimbal_Board.elf.dir/Drivers/STM32F4xx_HAL_Driver/Src/stm32f4xx_hal_spi.c.obj
LOAD CMakeFiles/Gimbal_Board.elf.dir/Drivers/STM32F4xx_HAL_Driver/Src/stm32f4xx_hal_tim.c.obj
LOAD CMakeFiles/Gimbal_Board.elf.dir/Drivers/STM32F4xx_HAL_Driver/Src/stm32f4xx_hal_tim_ex.c.obj
LOAD CMakeFiles/Gimbal_Board.elf.dir/Drivers/STM32F4xx_HAL_Driver/Src/stm32f4xx_hal_uart.c.obj
LOAD CMakeFiles/Gimbal_Board.elf.dir/Drivers/STM32F4xx_HAL_Driver/Src/stm32f4xx_ll_usb.c.obj
LOAD CMakeFiles/Gimbal_Board.elf.dir/Middlewares/ST/STM32_USB_Device_Library/Class/CDC/Src/usbd_cdc.c.obj
LOAD CMakeFiles/Gimbal_Board.elf.dir/Middlewares/ST/STM32_USB_Device_Library/Core/Src/usbd_core.c.obj
LOAD CMakeFiles/Gimbal_Board.elf.dir/Middlewares/ST/STM32_USB_Device_Library/Core/Src/usbd_ctlreq.c.obj
LOAD CMakeFiles/Gimbal_Board.elf.dir/Middlewares/ST/STM32_USB_Device_Library/Core/Src/usbd_ioreq.c.obj
LOAD CMakeFiles/Gimbal_Board.elf.dir/Middlewares/Third_Party/FreeRTOS/Source/CMSIS_RTOS/cmsis_os.c.obj
LOAD CMakeFiles/Gimbal_Board.elf.dir/Middlewares/Third_Party/FreeRTOS/Source/croutine.c.obj
LOAD CMakeFiles/Gimbal_Board.elf.dir/Middlewares/Third_Party/FreeRTOS/Source/event_groups.c.obj
LOAD CMakeFiles/Gimbal_Board.elf.dir/Middlewares/Third_Party/FreeRTOS/Source/list.c.obj
LOAD CMakeFiles/Gimbal_Board.elf.dir/Middlewares/Third_Party/FreeRTOS/Source/portable/GCC/ARM_CM4F/port.c.obj
LOAD CMakeFiles/Gimbal_Board.elf.dir/Middlewares/Third_Party/FreeRTOS/Source/portable/MemMang/heap_4.c.obj
LOAD CMakeFiles/Gimbal_Board.elf.dir/Middlewares/Third_Party/FreeRTOS/Source/queue.c.obj
LOAD CMakeFiles/Gimbal_Board.elf.dir/Middlewares/Third_Party/FreeRTOS/Source/stream_buffer.c.obj
LOAD CMakeFiles/Gimbal_Board.elf.dir/Middlewares/Third_Party/FreeRTOS/Source/tasks.c.obj
LOAD CMakeFiles/Gimbal_Board.elf.dir/Middlewares/Third_Party/FreeRTOS/Source/timers.c.obj
LOAD CMakeFiles/Gimbal_Board.elf.dir/Src/adc.c.obj
LOAD CMakeFiles/Gimbal_Board.elf.dir/Src/can.c.obj
LOAD CMakeFiles/Gimbal_Board.elf.dir/Src/crc.c.obj
LOAD CMakeFiles/Gimbal_Board.elf.dir/Src/dma.c.obj
LOAD CMakeFiles/Gimbal_Board.elf.dir/Src/freertos.c.obj
LOAD CMakeFiles/Gimbal_Board.elf.dir/Src/gpio.c.obj
LOAD CMakeFiles/Gimbal_Board.elf.dir/Src/i2c.c.obj
LOAD CMakeFiles/Gimbal_Board.elf.dir/Src/main.c.obj
LOAD CMakeFiles/Gimbal_Board.elf.dir/Src/rng.c.obj
LOAD CMakeFiles/Gimbal_Board.elf.dir/Src/rtc.c.obj
LOAD CMakeFiles/Gimbal_Board.elf.dir/Src/spi.c.obj
LOAD CMakeFiles/Gimbal_Board.elf.dir/Src/stm32f4xx_hal_msp.c.obj
LOAD CMakeFiles/Gimbal_Board.elf.dir/Src/stm32f4xx_it.c.obj
LOAD CMakeFiles/Gimbal_Board.elf.dir/Src/syscalls.c.obj
LOAD CMakeFiles/Gimbal_Board.elf.dir/Src/system_stm32f4xx.c.obj
LOAD CMakeFiles/Gimbal_Board.elf.dir/Src/tim.c.obj
LOAD CMakeFiles/Gimbal_Board.elf.dir/Src/usart.c.obj
LOAD CMakeFiles/Gimbal_Board.elf.dir/Src/usb_device.c.obj
LOAD CMakeFiles/Gimbal_Board.elf.dir/Src/usbd_cdc_if.c.obj
LOAD CMakeFiles/Gimbal_Board.elf.dir/Src/usbd_conf.c.obj
LOAD CMakeFiles/Gimbal_Board.elf.dir/Src/usbd_desc.c.obj
LOAD CMakeFiles/Gimbal_Board.elf.dir/components/devices/BMI088Middleware.c.obj
LOAD CMakeFiles/Gimbal_Board.elf.dir/components/devices/BMI088driver.c.obj
LOAD CMakeFiles/Gimbal_Board.elf.dir/components/devices/ist8310driver.c.obj
LOAD CMakeFiles/Gimbal_Board.elf.dir/components/devices/ist8310driver_middleware.c.obj
LOAD CMakeFiles/Gimbal_Board.elf.dir/components/support/CRC8_CRC16.c.obj
LOAD CMakeFiles/Gimbal_Board.elf.dir/components/support/fifo.c.obj
LOAD CMakeFiles/Gimbal_Board.elf.dir/components/support/mem_mang4.c.obj
LOAD CMakeFiles/Gimbal_Board.elf.dir/hardware/bsp_adc.c.obj
LOAD CMakeFiles/Gimbal_Board.elf.dir/hardware/bsp_buzzer.c.obj
LOAD CMakeFiles/Gimbal_Board.elf.dir/hardware/bsp_can.c.obj
LOAD CMakeFiles/Gimbal_Board.elf.dir/hardware/bsp_delay.c.obj
LOAD CMakeFiles/Gimbal_Board.elf.dir/hardware/bsp_fric.c.obj
LOAD CMakeFiles/Gimbal_Board.elf.dir/hardware/bsp_i2c.c.obj
LOAD CMakeFiles/Gimbal_Board.elf.dir/hardware/bsp_imu_pwm.c.obj
LOAD CMakeFiles/Gimbal_Board.elf.dir/hardware/bsp_laser.c.obj
LOAD CMakeFiles/Gimbal_Board.elf.dir/hardware/bsp_rc.c.obj
LOAD CMakeFiles/Gimbal_Board.elf.dir/hardware/bsp_servo_pwm.c.obj
LOAD CMakeFiles/Gimbal_Board.elf.dir/hardware/bsp_usart.c.obj
LOAD CMakeFiles/Gimbal_Board.elf.dir/hardware/bsp_usart.cpp.obj
LOAD CMakeFiles/Gimbal_Board.elf.dir/hardware/buzzer.cpp.obj
LOAD CMakeFiles/Gimbal_Board.elf.dir/hardware/led.cpp.obj
LOAD CMakeFiles/Gimbal_Board.elf.dir/module/M_Gimbal.cpp.obj
LOAD CMakeFiles/Gimbal_Board.elf.dir/module/can.cpp.obj
LOAD CMakeFiles/Gimbal_Board.elf.dir/module/first_order_filter.cpp.obj
LOAD CMakeFiles/Gimbal_Board.elf.dir/module/motor_3508.cpp.obj
LOAD CMakeFiles/Gimbal_Board.elf.dir/module/motor_6020.cpp.obj
LOAD CMakeFiles/Gimbal_Board.elf.dir/module/motor_measure.cpp.obj
LOAD CMakeFiles/Gimbal_Board.elf.dir/module/pid.cpp.obj
LOAD CMakeFiles/Gimbal_Board.elf.dir/module/remote_control.cpp.obj
LOAD CMakeFiles/Gimbal_Board.elf.dir/module/user_lib.cpp.obj
LOAD CMakeFiles/Gimbal_Board.elf.dir/startup/startup_stm32f407xx.s.obj
LOAD e:/cubemx/gcc-arm-none-eabi/bin/../lib/gcc/arm-none-eabi/9.2.1/../../../../arm-none-eabi/lib/thumb/v7e-m+fp/hard\libstdc++.a
LOAD e:/cubemx/gcc-arm-none-eabi/bin/../lib/gcc/arm-none-eabi/9.2.1/../../../../arm-none-eabi/lib/thumb/v7e-m+fp/hard\libm.a
START GROUP
LOAD e:/cubemx/gcc-arm-none-eabi/bin/../lib/gcc/arm-none-eabi/9.2.1/thumb/v7e-m+fp/hard\libgcc.a
LOAD e:/cubemx/gcc-arm-none-eabi/bin/../lib/gcc/arm-none-eabi/9.2.1/../../../../arm-none-eabi/lib/thumb/v7e-m+fp/hard\libg.a
LOAD e:/cubemx/gcc-arm-none-eabi/bin/../lib/gcc/arm-none-eabi/9.2.1/../../../../arm-none-eabi/lib/thumb/v7e-m+fp/hard\libc.a
END GROUP
LOAD e:/cubemx/gcc-arm-none-eabi/bin/../lib/gcc/arm-none-eabi/9.2.1/thumb/v7e-m+fp/hard/crtend.o
LOAD e:/cubemx/gcc-arm-none-eabi/bin/../lib/gcc/arm-none-eabi/9.2.1/thumb/v7e-m+fp/hard/crtn.o
                0x20020000                _estack = 0x20020000
                0x00002000                _Min_Heap_Size = 0x2000
                0x00002000                _Min_Stack_Size = 0x2000

.isr_vector     0x08000000      0x188
                0x08000000                . = ALIGN (0x4)
 *(.isr_vector)
 .isr_vector    0x08000000      0x188 CMakeFiles/Gimbal_Board.elf.dir/startup/startup_stm32f407xx.s.obj
                0x08000000                g_pfnVectors
                0x08000188                . = ALIGN (0x4)

.text           0x08000190     0xa8d8
                0x08000190                . = ALIGN (0x4)
 *(.text)
 .text          0x08000190       0x40 e:/cubemx/gcc-arm-none-eabi/bin/../lib/gcc/arm-none-eabi/9.2.1/thumb/v7e-m+fp/hard/crtbegin.o
 .text          0x080001d0      0x254 e:/cubemx/gcc-arm-none-eabi/bin/../lib/gcc/arm-none-eabi/9.2.1/thumb/v7e-m+fp/hard\libgcc.a(_arm_muldf3.o)
                0x080001d0                __muldf3
                0x080001d0                __aeabi_dmul
 .text          0x08000424      0x378 e:/cubemx/gcc-arm-none-eabi/bin/../lib/gcc/arm-none-eabi/9.2.1/thumb/v7e-m+fp/hard\libgcc.a(_arm_addsubdf3.o)
                0x08000424                __aeabi_drsub
                0x0800042c                __aeabi_dsub
                0x0800042c                __subdf3
                0x08000430                __aeabi_dadd
                0x08000430                __adddf3
                0x080006a8                __floatunsidf
                0x080006a8                __aeabi_ui2d
                0x080006c8                __floatsidf
                0x080006c8                __aeabi_i2d
                0x080006ec                __aeabi_f2d
                0x080006ec                __extendsfdf2
                0x08000730                __floatundidf
                0x08000730                __aeabi_ul2d
                0x08000740                __floatdidf
                0x08000740                __aeabi_l2d
 .text          0x0800079c      0x110 e:/cubemx/gcc-arm-none-eabi/bin/../lib/gcc/arm-none-eabi/9.2.1/thumb/v7e-m+fp/hard\libgcc.a(_arm_cmpdf2.o)
                0x0800079c                __gtdf2
                0x0800079c                __gedf2
                0x080007a4                __ltdf2
                0x080007a4                __ledf2
                0x080007ac                __nedf2
                0x080007ac                __eqdf2
                0x080007ac                __cmpdf2
                0x08000828                __aeabi_cdrcmple
                0x08000838                __aeabi_cdcmpeq
                0x08000838                __aeabi_cdcmple
                0x08000848                __aeabi_dcmpeq
                0x0800085c                __aeabi_dcmplt
                0x08000870                __aeabi_dcmple
                0x08000884                __aeabi_dcmpge
                0x08000898                __aeabi_dcmpgt
 .text          0x080008ac       0x50 e:/cubemx/gcc-arm-none-eabi/bin/../lib/gcc/arm-none-eabi/9.2.1/thumb/v7e-m+fp/hard\libgcc.a(_arm_fixdfsi.o)
                0x080008ac                __aeabi_d2iz
                0x080008ac                __fixdfsi
 .text          0x080008fc       0xa0 e:/cubemx/gcc-arm-none-eabi/bin/../lib/gcc/arm-none-eabi/9.2.1/thumb/v7e-m+fp/hard\libgcc.a(_arm_truncdfsf2.o)
                0x080008fc                __truncdfsf2
                0x080008fc                __aeabi_d2f
 .text          0x0800099c       0x30 e:/cubemx/gcc-arm-none-eabi/bin/../lib/gcc/arm-none-eabi/9.2.1/thumb/v7e-m+fp/hard\libgcc.a(_aeabi_uldivmod.o)
                0x0800099c                __aeabi_uldivmod
 .text          0x080009cc      0x2c4 e:/cubemx/gcc-arm-none-eabi/bin/../lib/gcc/arm-none-eabi/9.2.1/thumb/v7e-m+fp/hard\libgcc.a(_udivmoddi4.o)
                0x080009cc                __udivmoddi4
 .text          0x08000c90      0x9b8 e:/cubemx/gcc-arm-none-eabi/bin/../lib/gcc/arm-none-eabi/9.2.1/thumb/v7e-m+fp/hard\libgcc.a(unwind-arm.o)
                0x08000f38                _Unwind_GetCFA
                0x08000f3c                __gnu_Unwind_RaiseException
                0x08000f9c                __gnu_Unwind_ForcedUnwind
                0x08000fb0                __gnu_Unwind_Resume
                0x08000ff4                __gnu_Unwind_Resume_or_Rethrow
                0x08001004                _Unwind_Complete
                0x08001008                _Unwind_DeleteException
                0x08001014                _Unwind_VRS_Get
                0x0800105c                _Unwind_VRS_Set
                0x080010a4                __gnu_Unwind_Backtrace
                0x080013c4                __aeabi_unwind_cpp_pr0
                0x080013c8                __aeabi_unwind_cpp_pr1
                0x080013cc                __aeabi_unwind_cpp_pr2
                0x080013d0                _Unwind_VRS_Pop
 .text          0x08001648      0x1ac e:/cubemx/gcc-arm-none-eabi/bin/../lib/gcc/arm-none-eabi/9.2.1/thumb/v7e-m+fp/hard\libgcc.a(libunwind.o)
                0x08001648                __restore_core_regs
                0x08001648                restore_core_regs
                0x08001660                __gnu_Unwind_Restore_VFP
                0x08001668                __gnu_Unwind_Save_VFP
                0x08001670                __gnu_Unwind_Restore_VFP_D
                0x08001678                __gnu_Unwind_Save_VFP_D
                0x08001680                __gnu_Unwind_Restore_VFP_D_16_to_31
                0x08001688                __gnu_Unwind_Save_VFP_D_16_to_31
                0x08001690                __gnu_Unwind_Restore_WMMXD
                0x080016d4                __gnu_Unwind_Save_WMMXD
                0x08001718                __gnu_Unwind_Restore_WMMXC
                0x0800172c                __gnu_Unwind_Save_WMMXC
                0x08001740                ___Unwind_RaiseException
                0x08001740                _Unwind_RaiseException
                0x08001764                _Unwind_Resume
                0x08001764                ___Unwind_Resume
                0x08001788                _Unwind_Resume_or_Rethrow
                0x08001788                ___Unwind_Resume_or_Rethrow
                0x080017ac                _Unwind_ForcedUnwind
                0x080017ac                ___Unwind_ForcedUnwind
                0x080017d0                ___Unwind_Backtrace
                0x080017d0                _Unwind_Backtrace
 .text          0x080017f4      0x340 e:/cubemx/gcc-arm-none-eabi/bin/../lib/gcc/arm-none-eabi/9.2.1/thumb/v7e-m+fp/hard\libgcc.a(pr-support.o)
                0x0800184c                __gnu_unwind_execute
                0x08001ae8                __gnu_unwind_frame
                0x08001b14                _Unwind_GetRegionStart
                0x08001b20                _Unwind_GetLanguageSpecificData
 .text          0x08001b34        0x4 e:/cubemx/gcc-arm-none-eabi/bin/../lib/gcc/arm-none-eabi/9.2.1/thumb/v7e-m+fp/hard\libgcc.a(_dvmd_tls.o)
                0x08001b34                __aeabi_idiv0
                0x08001b34                __aeabi_ldiv0
 .text          0x08001b38      0x134 e:/cubemx/gcc-arm-none-eabi/bin/../lib/gcc/arm-none-eabi/9.2.1/../../../../arm-none-eabi/lib/thumb/v7e-m+fp/hard\libg.a(lib_a-memcpy.o)
                0x08001b38                memcpy
 *(.text*)
 .text.Task_init
                0x08001c6c       0x10 CMakeFiles/Gimbal_Board.elf.dir/Application/System_Config.cpp.obj
                0x08001c6c                Task_init
 .text.Task_start
                0x08001c7c       0x2c CMakeFiles/Gimbal_Board.elf.dir/Application/System_Config.cpp.obj
                0x08001c7c                Task_start
 .text._Z11gimbal_taskPv
                0x08001ca8       0x20 CMakeFiles/Gimbal_Board.elf.dir/Application/gimbal_task.cpp.obj
                0x08001ca8                gimbal_task(void*)
 .text.HAL_InitTick
                0x08001cc8       0x4c CMakeFiles/Gimbal_Board.elf.dir/Drivers/STM32F4xx_HAL_Driver/Src/stm32f4xx_hal.c.obj
                0x08001cc8                HAL_InitTick
 .text.HAL_Init
                0x08001d14       0x34 CMakeFiles/Gimbal_Board.elf.dir/Drivers/STM32F4xx_HAL_Driver/Src/stm32f4xx_hal.c.obj
                0x08001d14                HAL_Init
 .text.HAL_IncTick
                0x08001d48       0x18 CMakeFiles/Gimbal_Board.elf.dir/Drivers/STM32F4xx_HAL_Driver/Src/stm32f4xx_hal.c.obj
                0x08001d48                HAL_IncTick
 .text.HAL_GetTick
                0x08001d60        0xc CMakeFiles/Gimbal_Board.elf.dir/Drivers/STM32F4xx_HAL_Driver/Src/stm32f4xx_hal.c.obj
                0x08001d60                HAL_GetTick
 .text.ADC_Init
                0x08001d6c      0x134 CMakeFiles/Gimbal_Board.elf.dir/Drivers/STM32F4xx_HAL_Driver/Src/stm32f4xx_hal_adc.c.obj
 .text.HAL_ADC_Init
                0x08001ea0       0x56 CMakeFiles/Gimbal_Board.elf.dir/Drivers/STM32F4xx_HAL_Driver/Src/stm32f4xx_hal_adc.c.obj
                0x08001ea0                HAL_ADC_Init
 *fill*         0x08001ef6        0x2 
 .text.HAL_ADC_ConfigChannel
                0x08001ef8      0x190 CMakeFiles/Gimbal_Board.elf.dir/Drivers/STM32F4xx_HAL_Driver/Src/stm32f4xx_hal_adc.c.obj
                0x08001ef8                HAL_ADC_ConfigChannel
 .text.HAL_CAN_Init
                0x08002088      0x14c CMakeFiles/Gimbal_Board.elf.dir/Drivers/STM32F4xx_HAL_Driver/Src/stm32f4xx_hal_can.c.obj
                0x08002088                HAL_CAN_Init
 .text.HAL_CAN_GetRxMessage
                0x080021d4      0x140 CMakeFiles/Gimbal_Board.elf.dir/Drivers/STM32F4xx_HAL_Driver/Src/stm32f4xx_hal_can.c.obj
                0x080021d4                HAL_CAN_GetRxMessage
 .text.HAL_CAN_TxMailbox0CompleteCallback
                0x08002314        0x2 CMakeFiles/Gimbal_Board.elf.dir/Drivers/STM32F4xx_HAL_Driver/Src/stm32f4xx_hal_can.c.obj
                0x08002314                HAL_CAN_TxMailbox0CompleteCallback
 .text.HAL_CAN_TxMailbox1CompleteCallback
                0x08002316        0x2 CMakeFiles/Gimbal_Board.elf.dir/Drivers/STM32F4xx_HAL_Driver/Src/stm32f4xx_hal_can.c.obj
                0x08002316                HAL_CAN_TxMailbox1CompleteCallback
 .text.HAL_CAN_TxMailbox2CompleteCallback
                0x08002318        0x2 CMakeFiles/Gimbal_Board.elf.dir/Drivers/STM32F4xx_HAL_Driver/Src/stm32f4xx_hal_can.c.obj
                0x08002318                HAL_CAN_TxMailbox2CompleteCallback
 .text.HAL_CAN_TxMailbox0AbortCallback
                0x0800231a        0x2 CMakeFiles/Gimbal_Board.elf.dir/Drivers/STM32F4xx_HAL_Driver/Src/stm32f4xx_hal_can.c.obj
                0x0800231a                HAL_CAN_TxMailbox0AbortCallback
 .text.HAL_CAN_TxMailbox1AbortCallback
                0x0800231c        0x2 CMakeFiles/Gimbal_Board.elf.dir/Drivers/STM32F4xx_HAL_Driver/Src/stm32f4xx_hal_can.c.obj
                0x0800231c                HAL_CAN_TxMailbox1AbortCallback
 .text.HAL_CAN_TxMailbox2AbortCallback
                0x0800231e        0x2 CMakeFiles/Gimbal_Board.elf.dir/Drivers/STM32F4xx_HAL_Driver/Src/stm32f4xx_hal_can.c.obj
                0x0800231e                HAL_CAN_TxMailbox2AbortCallback
 .text.HAL_CAN_RxFifo0FullCallback
                0x08002320        0x2 CMakeFiles/Gimbal_Board.elf.dir/Drivers/STM32F4xx_HAL_Driver/Src/stm32f4xx_hal_can.c.obj
                0x08002320                HAL_CAN_RxFifo0FullCallback
 .text.HAL_CAN_RxFifo1MsgPendingCallback
                0x08002322        0x2 CMakeFiles/Gimbal_Board.elf.dir/Drivers/STM32F4xx_HAL_Driver/Src/stm32f4xx_hal_can.c.obj
                0x08002322                HAL_CAN_RxFifo1MsgPendingCallback
 .text.HAL_CAN_RxFifo1FullCallback
                0x08002324        0x2 CMakeFiles/Gimbal_Board.elf.dir/Drivers/STM32F4xx_HAL_Driver/Src/stm32f4xx_hal_can.c.obj
                0x08002324                HAL_CAN_RxFifo1FullCallback
 .text.HAL_CAN_SleepCallback
                0x08002326        0x2 CMakeFiles/Gimbal_Board.elf.dir/Drivers/STM32F4xx_HAL_Driver/Src/stm32f4xx_hal_can.c.obj
                0x08002326                HAL_CAN_SleepCallback
 .text.HAL_CAN_WakeUpFromRxMsgCallback
                0x08002328        0x2 CMakeFiles/Gimbal_Board.elf.dir/Drivers/STM32F4xx_HAL_Driver/Src/stm32f4xx_hal_can.c.obj
                0x08002328                HAL_CAN_WakeUpFromRxMsgCallback
 .text.HAL_CAN_ErrorCallback
                0x0800232a        0x2 CMakeFiles/Gimbal_Board.elf.dir/Drivers/STM32F4xx_HAL_Driver/Src/stm32f4xx_hal_can.c.obj
                0x0800232a                HAL_CAN_ErrorCallback
 .text.HAL_CAN_IRQHandler
                0x0800232c      0x24a CMakeFiles/Gimbal_Board.elf.dir/Drivers/STM32F4xx_HAL_Driver/Src/stm32f4xx_hal_can.c.obj
                0x0800232c                HAL_CAN_IRQHandler
 *fill*         0x08002576        0x2 
 .text.HAL_NVIC_SetPriorityGrouping
                0x08002578       0x24 CMakeFiles/Gimbal_Board.elf.dir/Drivers/STM32F4xx_HAL_Driver/Src/stm32f4xx_hal_cortex.c.obj
                0x08002578                HAL_NVIC_SetPriorityGrouping
 .text.HAL_NVIC_SetPriority
                0x0800259c       0x68 CMakeFiles/Gimbal_Board.elf.dir/Drivers/STM32F4xx_HAL_Driver/Src/stm32f4xx_hal_cortex.c.obj
                0x0800259c                HAL_NVIC_SetPriority
 .text.HAL_NVIC_EnableIRQ
                0x08002604       0x1c CMakeFiles/Gimbal_Board.elf.dir/Drivers/STM32F4xx_HAL_Driver/Src/stm32f4xx_hal_cortex.c.obj
                0x08002604                HAL_NVIC_EnableIRQ
 .text.HAL_SYSTICK_Config
                0x08002620       0x2c CMakeFiles/Gimbal_Board.elf.dir/Drivers/STM32F4xx_HAL_Driver/Src/stm32f4xx_hal_cortex.c.obj
                0x08002620                HAL_SYSTICK_Config
 .text.HAL_CRC_Init
                0x0800264c       0x22 CMakeFiles/Gimbal_Board.elf.dir/Drivers/STM32F4xx_HAL_Driver/Src/stm32f4xx_hal_crc.c.obj
                0x0800264c                HAL_CRC_Init
 *fill*         0x0800266e        0x2 
 .text.DMA_CalcBaseAndBitshift
                0x08002670       0x44 CMakeFiles/Gimbal_Board.elf.dir/Drivers/STM32F4xx_HAL_Driver/Src/stm32f4xx_hal_dma.c.obj
 .text.DMA_CheckFifoParam
                0x080026b4       0x8e CMakeFiles/Gimbal_Board.elf.dir/Drivers/STM32F4xx_HAL_Driver/Src/stm32f4xx_hal_dma.c.obj
 *fill*         0x08002742        0x2 
 .text.HAL_DMA_Init
                0x08002744       0xcc CMakeFiles/Gimbal_Board.elf.dir/Drivers/STM32F4xx_HAL_Driver/Src/stm32f4xx_hal_dma.c.obj
                0x08002744                HAL_DMA_Init
 .text.HAL_DMA_IRQHandler
                0x08002810      0x1dc CMakeFiles/Gimbal_Board.elf.dir/Drivers/STM32F4xx_HAL_Driver/Src/stm32f4xx_hal_dma.c.obj
                0x08002810                HAL_DMA_IRQHandler
 .text.HAL_GPIO_Init
                0x080029ec      0x1cc CMakeFiles/Gimbal_Board.elf.dir/Drivers/STM32F4xx_HAL_Driver/Src/stm32f4xx_hal_gpio.c.obj
                0x080029ec                HAL_GPIO_Init
 .text.HAL_GPIO_WritePin
                0x08002bb8        0xc CMakeFiles/Gimbal_Board.elf.dir/Drivers/STM32F4xx_HAL_Driver/Src/stm32f4xx_hal_gpio.c.obj
                0x08002bb8                HAL_GPIO_WritePin
 .text.HAL_GPIO_EXTI_Callback
                0x08002bc4        0x2 CMakeFiles/Gimbal_Board.elf.dir/Drivers/STM32F4xx_HAL_Driver/Src/stm32f4xx_hal_gpio.c.obj
                0x08002bc4                HAL_GPIO_EXTI_Callback
 *fill*         0x08002bc6        0x2 
 .text.HAL_GPIO_EXTI_IRQHandler
                0x08002bc8       0x1c CMakeFiles/Gimbal_Board.elf.dir/Drivers/STM32F4xx_HAL_Driver/Src/stm32f4xx_hal_gpio.c.obj
                0x08002bc8                HAL_GPIO_EXTI_IRQHandler
 .text.HAL_I2C_Init
                0x08002be4      0x1a8 CMakeFiles/Gimbal_Board.elf.dir/Drivers/STM32F4xx_HAL_Driver/Src/stm32f4xx_hal_i2c.c.obj
                0x08002be4                HAL_I2C_Init
 .text.PCD_WriteEmptyTxFifo
                0x08002d8c       0xd2 CMakeFiles/Gimbal_Board.elf.dir/Drivers/STM32F4xx_HAL_Driver/Src/stm32f4xx_hal_pcd.c.obj
 *fill*         0x08002e5e        0x2 
 .text.PCD_EP_OutXfrComplete_int
                0x08002e60       0xf8 CMakeFiles/Gimbal_Board.elf.dir/Drivers/STM32F4xx_HAL_Driver/Src/stm32f4xx_hal_pcd.c.obj
 .text.PCD_EP_OutSetupPacket_int
                0x08002f58       0x6c CMakeFiles/Gimbal_Board.elf.dir/Drivers/STM32F4xx_HAL_Driver/Src/stm32f4xx_hal_pcd.c.obj
 .text.HAL_PCD_IRQHandler
                0x08002fc4      0x498 CMakeFiles/Gimbal_Board.elf.dir/Drivers/STM32F4xx_HAL_Driver/Src/stm32f4xx_hal_pcd.c.obj
                0x08002fc4                HAL_PCD_IRQHandler
 .text.HAL_PCD_SetAddress
                0x0800345c       0x28 CMakeFiles/Gimbal_Board.elf.dir/Drivers/STM32F4xx_HAL_Driver/Src/stm32f4xx_hal_pcd.c.obj
                0x0800345c                HAL_PCD_SetAddress
 .text.HAL_PCD_EP_Open
                0x08003484       0x86 CMakeFiles/Gimbal_Board.elf.dir/Drivers/STM32F4xx_HAL_Driver/Src/stm32f4xx_hal_pcd.c.obj
                0x08003484                HAL_PCD_EP_Open
 .text.HAL_PCD_EP_Receive
                0x0800350a       0x5e CMakeFiles/Gimbal_Board.elf.dir/Drivers/STM32F4xx_HAL_Driver/Src/stm32f4xx_hal_pcd.c.obj
                0x0800350a                HAL_PCD_EP_Receive
 .text.HAL_PCD_EP_Transmit
                0x08003568       0x56 CMakeFiles/Gimbal_Board.elf.dir/Drivers/STM32F4xx_HAL_Driver/Src/stm32f4xx_hal_pcd.c.obj
                0x08003568                HAL_PCD_EP_Transmit
 .text.HAL_PCD_EP_SetStall
                0x080035be       0x88 CMakeFiles/Gimbal_Board.elf.dir/Drivers/STM32F4xx_HAL_Driver/Src/stm32f4xx_hal_pcd.c.obj
                0x080035be                HAL_PCD_EP_SetStall
 .text.HAL_PCD_EP_ClrStall
                0x08003646       0x76 CMakeFiles/Gimbal_Board.elf.dir/Drivers/STM32F4xx_HAL_Driver/Src/stm32f4xx_hal_pcd.c.obj
                0x08003646                HAL_PCD_EP_ClrStall
 .text.HAL_PCDEx_LPM_Callback
                0x080036bc        0x2 CMakeFiles/Gimbal_Board.elf.dir/Drivers/STM32F4xx_HAL_Driver/Src/stm32f4xx_hal_pcd_ex.c.obj
                0x080036bc                HAL_PCDEx_LPM_Callback
 *fill*         0x080036be        0x2 
 .text.HAL_RCC_OscConfig
                0x080036c0      0x398 CMakeFiles/Gimbal_Board.elf.dir/Drivers/STM32F4xx_HAL_Driver/Src/stm32f4xx_hal_rcc.c.obj
                0x080036c0                HAL_RCC_OscConfig
 .text.HAL_RCC_GetSysClockFreq
                0x08003a58       0xa0 CMakeFiles/Gimbal_Board.elf.dir/Drivers/STM32F4xx_HAL_Driver/Src/stm32f4xx_hal_rcc.c.obj
                0x08003a58                HAL_RCC_GetSysClockFreq
 .text.HAL_RCC_ClockConfig
                0x08003af8      0x15c CMakeFiles/Gimbal_Board.elf.dir/Drivers/STM32F4xx_HAL_Driver/Src/stm32f4xx_hal_rcc.c.obj
                0x08003af8                HAL_RCC_ClockConfig
 .text.HAL_RCC_GetHCLKFreq
                0x08003c54        0xc CMakeFiles/Gimbal_Board.elf.dir/Drivers/STM32F4xx_HAL_Driver/Src/stm32f4xx_hal_rcc.c.obj
                0x08003c54                HAL_RCC_GetHCLKFreq
 .text.HAL_RCC_GetPCLK1Freq
                0x08003c60       0x20 CMakeFiles/Gimbal_Board.elf.dir/Drivers/STM32F4xx_HAL_Driver/Src/stm32f4xx_hal_rcc.c.obj
                0x08003c60                HAL_RCC_GetPCLK1Freq
 .text.HAL_RCC_GetPCLK2Freq
                0x08003c80       0x20 CMakeFiles/Gimbal_Board.elf.dir/Drivers/STM32F4xx_HAL_Driver/Src/stm32f4xx_hal_rcc.c.obj
                0x08003c80                HAL_RCC_GetPCLK2Freq
 .text.HAL_RCCEx_PeriphCLKConfig
                0x08003ca0      0x154 CMakeFiles/Gimbal_Board.elf.dir/Drivers/STM32F4xx_HAL_Driver/Src/stm32f4xx_hal_rcc_ex.c.obj
                0x08003ca0                HAL_RCCEx_PeriphCLKConfig
 .text.HAL_RNG_Init
                0x08003df4       0x2e CMakeFiles/Gimbal_Board.elf.dir/Drivers/STM32F4xx_HAL_Driver/Src/stm32f4xx_hal_rng.c.obj
                0x08003df4                HAL_RNG_Init
 .text.HAL_RTC_WaitForSynchro
                0x08003e22       0x32 CMakeFiles/Gimbal_Board.elf.dir/Drivers/STM32F4xx_HAL_Driver/Src/stm32f4xx_hal_rtc.c.obj
                0x08003e22                HAL_RTC_WaitForSynchro
 .text.RTC_EnterInitMode
                0x08003e54       0x3c CMakeFiles/Gimbal_Board.elf.dir/Drivers/STM32F4xx_HAL_Driver/Src/stm32f4xx_hal_rtc.c.obj
                0x08003e54                RTC_EnterInitMode
 .text.HAL_RTC_Init
                0x08003e90       0xc4 CMakeFiles/Gimbal_Board.elf.dir/Drivers/STM32F4xx_HAL_Driver/Src/stm32f4xx_hal_rtc.c.obj
                0x08003e90                HAL_RTC_Init
 .text.HAL_SPI_Init
                0x08003f54       0x80 CMakeFiles/Gimbal_Board.elf.dir/Drivers/STM32F4xx_HAL_Driver/Src/stm32f4xx_hal_spi.c.obj
                0x08003f54                HAL_SPI_Init
 .text.TIM_OC1_SetConfig
                0x08003fd4       0x68 CMakeFiles/Gimbal_Board.elf.dir/Drivers/STM32F4xx_HAL_Driver/Src/stm32f4xx_hal_tim.c.obj
 .text.TIM_OC3_SetConfig
                0x0800403c       0x70 CMakeFiles/Gimbal_Board.elf.dir/Drivers/STM32F4xx_HAL_Driver/Src/stm32f4xx_hal_tim.c.obj
 .text.TIM_OC4_SetConfig
                0x080040ac       0x50 CMakeFiles/Gimbal_Board.elf.dir/Drivers/STM32F4xx_HAL_Driver/Src/stm32f4xx_hal_tim.c.obj
 .text.TIM_TI1_ConfigInputStage
                0x080040fc       0x24 CMakeFiles/Gimbal_Board.elf.dir/Drivers/STM32F4xx_HAL_Driver/Src/stm32f4xx_hal_tim.c.obj
 .text.TIM_TI2_ConfigInputStage
                0x08004120       0x26 CMakeFiles/Gimbal_Board.elf.dir/Drivers/STM32F4xx_HAL_Driver/Src/stm32f4xx_hal_tim.c.obj
 .text.TIM_ITRx_SetConfig
                0x08004146       0x10 CMakeFiles/Gimbal_Board.elf.dir/Drivers/STM32F4xx_HAL_Driver/Src/stm32f4xx_hal_tim.c.obj
 .text.HAL_TIM_PWM_MspInit
                0x08004156        0x2 CMakeFiles/Gimbal_Board.elf.dir/Drivers/STM32F4xx_HAL_Driver/Src/stm32f4xx_hal_tim.c.obj
                0x08004156                HAL_TIM_PWM_MspInit
 .text.TIM_Base_SetConfig
                0x08004158       0xc8 CMakeFiles/Gimbal_Board.elf.dir/Drivers/STM32F4xx_HAL_Driver/Src/stm32f4xx_hal_tim.c.obj
                0x08004158                TIM_Base_SetConfig
 .text.HAL_TIM_Base_Init
                0x08004220       0x34 CMakeFiles/Gimbal_Board.elf.dir/Drivers/STM32F4xx_HAL_Driver/Src/stm32f4xx_hal_tim.c.obj
                0x08004220                HAL_TIM_Base_Init
 .text.HAL_TIM_PWM_Init
                0x08004254       0x34 CMakeFiles/Gimbal_Board.elf.dir/Drivers/STM32F4xx_HAL_Driver/Src/stm32f4xx_hal_tim.c.obj
                0x08004254                HAL_TIM_PWM_Init
 .text.TIM_OC2_SetConfig
                0x08004288       0x70 CMakeFiles/Gimbal_Board.elf.dir/Drivers/STM32F4xx_HAL_Driver/Src/stm32f4xx_hal_tim.c.obj
                0x08004288                TIM_OC2_SetConfig
 .text.HAL_TIM_PWM_ConfigChannel
                0x080042f8       0xdc CMakeFiles/Gimbal_Board.elf.dir/Drivers/STM32F4xx_HAL_Driver/Src/stm32f4xx_hal_tim.c.obj
                0x080042f8                HAL_TIM_PWM_ConfigChannel
 .text.TIM_ETR_SetConfig
                0x080043d4       0x18 CMakeFiles/Gimbal_Board.elf.dir/Drivers/STM32F4xx_HAL_Driver/Src/stm32f4xx_hal_tim.c.obj
                0x080043d4                TIM_ETR_SetConfig
 .text.HAL_TIM_ConfigClockSource
                0x080043ec       0xda CMakeFiles/Gimbal_Board.elf.dir/Drivers/STM32F4xx_HAL_Driver/Src/stm32f4xx_hal_tim.c.obj
                0x080043ec                HAL_TIM_ConfigClockSource
 .text.HAL_TIMEx_MasterConfigSynchronization
                0x080044c6       0x46 CMakeFiles/Gimbal_Board.elf.dir/Drivers/STM32F4xx_HAL_Driver/Src/stm32f4xx_hal_tim_ex.c.obj
                0x080044c6                HAL_TIMEx_MasterConfigSynchronization
 .text.HAL_TIMEx_ConfigBreakDeadTime
                0x0800450c       0x52 CMakeFiles/Gimbal_Board.elf.dir/Drivers/STM32F4xx_HAL_Driver/Src/stm32f4xx_hal_tim_ex.c.obj
                0x0800450c                HAL_TIMEx_ConfigBreakDeadTime
 *fill*         0x0800455e        0x2 
 .text.UART_SetConfig
                0x08004560      0x334 CMakeFiles/Gimbal_Board.elf.dir/Drivers/STM32F4xx_HAL_Driver/Src/stm32f4xx_hal_uart.c.obj
 .text.HAL_UART_Init
                0x08004894       0x5e CMakeFiles/Gimbal_Board.elf.dir/Drivers/STM32F4xx_HAL_Driver/Src/stm32f4xx_hal_uart.c.obj
                0x08004894                HAL_UART_Init
 *fill*         0x080048f2        0x2 
 .text.USB_SetTurnaroundTime
                0x080048f4       0xe4 CMakeFiles/Gimbal_Board.elf.dir/Drivers/STM32F4xx_HAL_Driver/Src/stm32f4xx_ll_usb.c.obj
                0x080048f4                USB_SetTurnaroundTime
 .text.USB_FlushTxFifo
                0x080049d8       0x28 CMakeFiles/Gimbal_Board.elf.dir/Drivers/STM32F4xx_HAL_Driver/Src/stm32f4xx_ll_usb.c.obj
                0x080049d8                USB_FlushTxFifo
 .text.USB_GetDevSpeed
                0x08004a00       0x22 CMakeFiles/Gimbal_Board.elf.dir/Drivers/STM32F4xx_HAL_Driver/Src/stm32f4xx_ll_usb.c.obj
                0x08004a00                USB_GetDevSpeed
 .text.USB_ActivateEndpoint
                0x08004a22       0x94 CMakeFiles/Gimbal_Board.elf.dir/Drivers/STM32F4xx_HAL_Driver/Src/stm32f4xx_ll_usb.c.obj
                0x08004a22                USB_ActivateEndpoint
 .text.USB_EP0StartXfer
                0x08004ab6      0x11c CMakeFiles/Gimbal_Board.elf.dir/Drivers/STM32F4xx_HAL_Driver/Src/stm32f4xx_ll_usb.c.obj
                0x08004ab6                USB_EP0StartXfer
 .text.USB_WritePacket
                0x08004bd2       0x28 CMakeFiles/Gimbal_Board.elf.dir/Drivers/STM32F4xx_HAL_Driver/Src/stm32f4xx_ll_usb.c.obj
                0x08004bd2                USB_WritePacket
 *fill*         0x08004bfa        0x2 
 .text.USB_EPStartXfer
                0x08004bfc      0x218 CMakeFiles/Gimbal_Board.elf.dir/Drivers/STM32F4xx_HAL_Driver/Src/stm32f4xx_ll_usb.c.obj
                0x08004bfc                USB_EPStartXfer
 .text.USB_ReadPacket
                0x08004e14       0x22 CMakeFiles/Gimbal_Board.elf.dir/Drivers/STM32F4xx_HAL_Driver/Src/stm32f4xx_ll_usb.c.obj
                0x08004e14                USB_ReadPacket
 .text.USB_EPSetStall
                0x08004e36       0x5a CMakeFiles/Gimbal_Board.elf.dir/Drivers/STM32F4xx_HAL_Driver/Src/stm32f4xx_ll_usb.c.obj
                0x08004e36                USB_EPSetStall
 .text.USB_EPClearStall
                0x08004e90       0x5c CMakeFiles/Gimbal_Board.elf.dir/Drivers/STM32F4xx_HAL_Driver/Src/stm32f4xx_ll_usb.c.obj
                0x08004e90                USB_EPClearStall
 .text.USB_SetDevAddress
                0x08004eec       0x20 CMakeFiles/Gimbal_Board.elf.dir/Drivers/STM32F4xx_HAL_Driver/Src/stm32f4xx_ll_usb.c.obj
                0x08004eec                USB_SetDevAddress
 .text.USB_ReadInterrupts
                0x08004f0c        0x8 CMakeFiles/Gimbal_Board.elf.dir/Drivers/STM32F4xx_HAL_Driver/Src/stm32f4xx_ll_usb.c.obj
                0x08004f0c                USB_ReadInterrupts
 .text.USB_ReadDevAllOutEpInterrupt
                0x08004f14       0x10 CMakeFiles/Gimbal_Board.elf.dir/Drivers/STM32F4xx_HAL_Driver/Src/stm32f4xx_ll_usb.c.obj
                0x08004f14                USB_ReadDevAllOutEpInterrupt
 .text.USB_ReadDevAllInEpInterrupt
                0x08004f24       0x10 CMakeFiles/Gimbal_Board.elf.dir/Drivers/STM32F4xx_HAL_Driver/Src/stm32f4xx_ll_usb.c.obj
                0x08004f24                USB_ReadDevAllInEpInterrupt
 .text.USB_ReadDevOutEPInterrupt
                0x08004f34       0x12 CMakeFiles/Gimbal_Board.elf.dir/Drivers/STM32F4xx_HAL_Driver/Src/stm32f4xx_ll_usb.c.obj
                0x08004f34                USB_ReadDevOutEPInterrupt
 .text.USB_ReadDevInEPInterrupt
                0x08004f46       0x28 CMakeFiles/Gimbal_Board.elf.dir/Drivers/STM32F4xx_HAL_Driver/Src/stm32f4xx_ll_usb.c.obj
                0x08004f46                USB_ReadDevInEPInterrupt
 .text.USB_GetMode
                0x08004f6e        0x8 CMakeFiles/Gimbal_Board.elf.dir/Drivers/STM32F4xx_HAL_Driver/Src/stm32f4xx_ll_usb.c.obj
                0x08004f6e                USB_GetMode
 .text.USB_ActivateSetup
                0x08004f76       0x38 CMakeFiles/Gimbal_Board.elf.dir/Drivers/STM32F4xx_HAL_Driver/Src/stm32f4xx_ll_usb.c.obj
                0x08004f76                USB_ActivateSetup
 *fill*         0x08004fae        0x2 
 .text.USB_EP0_OutStart
                0x08004fb0       0x60 CMakeFiles/Gimbal_Board.elf.dir/Drivers/STM32F4xx_HAL_Driver/Src/stm32f4xx_ll_usb.c.obj
                0x08004fb0                USB_EP0_OutStart
 .text.USBD_SetClassConfig
                0x08005010       0x18 CMakeFiles/Gimbal_Board.elf.dir/Middlewares/ST/STM32_USB_Device_Library/Core/Src/usbd_core.c.obj
                0x08005010                USBD_SetClassConfig
 .text.USBD_ClrClassConfig
                0x08005028        0xe CMakeFiles/Gimbal_Board.elf.dir/Middlewares/ST/STM32_USB_Device_Library/Core/Src/usbd_core.c.obj
                0x08005028                USBD_ClrClassConfig
 .text.USBD_LL_SetupStage
                0x08005036       0x5a CMakeFiles/Gimbal_Board.elf.dir/Middlewares/ST/STM32_USB_Device_Library/Core/Src/usbd_core.c.obj
                0x08005036                USBD_LL_SetupStage
 .text.USBD_LL_DataOutStage
                0x08005090       0x8c CMakeFiles/Gimbal_Board.elf.dir/Middlewares/ST/STM32_USB_Device_Library/Core/Src/usbd_core.c.obj
                0x08005090                USBD_LL_DataOutStage
 .text.USBD_LL_DataInStage
                0x0800511c       0xd0 CMakeFiles/Gimbal_Board.elf.dir/Middlewares/ST/STM32_USB_Device_Library/Core/Src/usbd_core.c.obj
                0x0800511c                USBD_LL_DataInStage
 .text.USBD_LL_Reset
                0x080051ec       0x50 CMakeFiles/Gimbal_Board.elf.dir/Middlewares/ST/STM32_USB_Device_Library/Core/Src/usbd_core.c.obj
                0x080051ec                USBD_LL_Reset
 .text.USBD_LL_SetSpeed
                0x0800523c        0x6 CMakeFiles/Gimbal_Board.elf.dir/Middlewares/ST/STM32_USB_Device_Library/Core/Src/usbd_core.c.obj
                0x0800523c                USBD_LL_SetSpeed
 .text.USBD_LL_Suspend
                0x08005242       0x12 CMakeFiles/Gimbal_Board.elf.dir/Middlewares/ST/STM32_USB_Device_Library/Core/Src/usbd_core.c.obj
                0x08005242                USBD_LL_Suspend
 .text.USBD_LL_Resume
                0x08005254        0xc CMakeFiles/Gimbal_Board.elf.dir/Middlewares/ST/STM32_USB_Device_Library/Core/Src/usbd_core.c.obj
                0x08005254                USBD_LL_Resume
 .text.USBD_LL_SOF
                0x08005260       0x1c CMakeFiles/Gimbal_Board.elf.dir/Middlewares/ST/STM32_USB_Device_Library/Core/Src/usbd_core.c.obj
                0x08005260                USBD_LL_SOF
 .text.USBD_LL_IsoINIncomplete
                0x0800527c        0x4 CMakeFiles/Gimbal_Board.elf.dir/Middlewares/ST/STM32_USB_Device_Library/Core/Src/usbd_core.c.obj
                0x0800527c                USBD_LL_IsoINIncomplete
 .text.USBD_LL_IsoOUTIncomplete
                0x08005280        0x4 CMakeFiles/Gimbal_Board.elf.dir/Middlewares/ST/STM32_USB_Device_Library/Core/Src/usbd_core.c.obj
                0x08005280                USBD_LL_IsoOUTIncomplete
 .text.USBD_LL_DevConnected
                0x08005284        0x4 CMakeFiles/Gimbal_Board.elf.dir/Middlewares/ST/STM32_USB_Device_Library/Core/Src/usbd_core.c.obj
                0x08005284                USBD_LL_DevConnected
 .text.USBD_LL_DevDisconnected
                0x08005288       0x16 CMakeFiles/Gimbal_Board.elf.dir/Middlewares/ST/STM32_USB_Device_Library/Core/Src/usbd_core.c.obj
                0x08005288                USBD_LL_DevDisconnected
 .text.USBD_SetFeature
                0x0800529e       0x14 CMakeFiles/Gimbal_Board.elf.dir/Middlewares/ST/STM32_USB_Device_Library/Core/Src/usbd_ctlreq.c.obj
 .text.USBD_ParseSetupRequest
                0x080052b2       0x28 CMakeFiles/Gimbal_Board.elf.dir/Middlewares/ST/STM32_USB_Device_Library/Core/Src/usbd_ctlreq.c.obj
                0x080052b2                USBD_ParseSetupRequest
 .text.USBD_CtlError
                0x080052da       0x14 CMakeFiles/Gimbal_Board.elf.dir/Middlewares/ST/STM32_USB_Device_Library/Core/Src/usbd_ctlreq.c.obj
                0x080052da                USBD_CtlError
 .text.USBD_GetDescriptor
                0x080052ee      0x140 CMakeFiles/Gimbal_Board.elf.dir/Middlewares/ST/STM32_USB_Device_Library/Core/Src/usbd_ctlreq.c.obj
 .text.USBD_SetAddress
                0x0800542e       0x4e CMakeFiles/Gimbal_Board.elf.dir/Middlewares/ST/STM32_USB_Device_Library/Core/Src/usbd_ctlreq.c.obj
 .text.USBD_SetConfig
                0x0800547c       0xb0 CMakeFiles/Gimbal_Board.elf.dir/Middlewares/ST/STM32_USB_Device_Library/Core/Src/usbd_ctlreq.c.obj
 .text.USBD_GetConfig
                0x0800552c       0x3e CMakeFiles/Gimbal_Board.elf.dir/Middlewares/ST/STM32_USB_Device_Library/Core/Src/usbd_ctlreq.c.obj
 .text.USBD_GetStatus
                0x0800556a       0x38 CMakeFiles/Gimbal_Board.elf.dir/Middlewares/ST/STM32_USB_Device_Library/Core/Src/usbd_ctlreq.c.obj
 .text.USBD_ClrFeature
                0x080055a2       0x26 CMakeFiles/Gimbal_Board.elf.dir/Middlewares/ST/STM32_USB_Device_Library/Core/Src/usbd_ctlreq.c.obj
 .text.USBD_StdDevReq
                0x080055c8       0x68 CMakeFiles/Gimbal_Board.elf.dir/Middlewares/ST/STM32_USB_Device_Library/Core/Src/usbd_ctlreq.c.obj
                0x080055c8                USBD_StdDevReq
 .text.USBD_StdItfReq
                0x08005630       0x60 CMakeFiles/Gimbal_Board.elf.dir/Middlewares/ST/STM32_USB_Device_Library/Core/Src/usbd_ctlreq.c.obj
                0x08005630                USBD_StdItfReq
 .text.USBD_StdEPReq
                0x08005690      0x1de CMakeFiles/Gimbal_Board.elf.dir/Middlewares/ST/STM32_USB_Device_Library/Core/Src/usbd_ctlreq.c.obj
                0x08005690                USBD_StdEPReq
 .text.USBD_CtlSendData
                0x0800586e       0x1a CMakeFiles/Gimbal_Board.elf.dir/Middlewares/ST/STM32_USB_Device_Library/Core/Src/usbd_ioreq.c.obj
                0x0800586e                USBD_CtlSendData
 .text.USBD_CtlContinueSendData
                0x08005888       0x10 CMakeFiles/Gimbal_Board.elf.dir/Middlewares/ST/STM32_USB_Device_Library/Core/Src/usbd_ioreq.c.obj
                0x08005888                USBD_CtlContinueSendData
 .text.USBD_CtlContinueRx
                0x08005898       0x10 CMakeFiles/Gimbal_Board.elf.dir/Middlewares/ST/STM32_USB_Device_Library/Core/Src/usbd_ioreq.c.obj
                0x08005898                USBD_CtlContinueRx
 .text.USBD_CtlSendStatus
                0x080058a8       0x16 CMakeFiles/Gimbal_Board.elf.dir/Middlewares/ST/STM32_USB_Device_Library/Core/Src/usbd_ioreq.c.obj
                0x080058a8                USBD_CtlSendStatus
 .text.USBD_CtlReceiveStatus
                0x080058be       0x16 CMakeFiles/Gimbal_Board.elf.dir/Middlewares/ST/STM32_USB_Device_Library/Core/Src/usbd_ioreq.c.obj
                0x080058be                USBD_CtlReceiveStatus
 .text.makeFreeRtosPriority
                0x080058d4        0xc CMakeFiles/Gimbal_Board.elf.dir/Middlewares/Third_Party/FreeRTOS/Source/CMSIS_RTOS/cmsis_os.c.obj
 .text.osKernelStart
                0x080058e0        0xa CMakeFiles/Gimbal_Board.elf.dir/Middlewares/Third_Party/FreeRTOS/Source/CMSIS_RTOS/cmsis_os.c.obj
                0x080058e0                osKernelStart
 .text.osThreadCreate
                0x080058ea       0x6a CMakeFiles/Gimbal_Board.elf.dir/Middlewares/Third_Party/FreeRTOS/Source/CMSIS_RTOS/cmsis_os.c.obj
                0x080058ea                osThreadCreate
 .text.osThreadTerminate
                0x08005954        0xa CMakeFiles/Gimbal_Board.elf.dir/Middlewares/Third_Party/FreeRTOS/Source/CMSIS_RTOS/cmsis_os.c.obj
                0x08005954                osThreadTerminate
 .text.vListInitialise
                0x0800595e       0x16 CMakeFiles/Gimbal_Board.elf.dir/Middlewares/Third_Party/FreeRTOS/Source/list.c.obj
                0x0800595e                vListInitialise
 .text.vListInitialiseItem
                0x08005974        0x6 CMakeFiles/Gimbal_Board.elf.dir/Middlewares/Third_Party/FreeRTOS/Source/list.c.obj
                0x08005974                vListInitialiseItem
 .text.vListInsertEnd
                0x0800597a       0x16 CMakeFiles/Gimbal_Board.elf.dir/Middlewares/Third_Party/FreeRTOS/Source/list.c.obj
                0x0800597a                vListInsertEnd
 .text.vListInsert
                0x08005990       0x32 CMakeFiles/Gimbal_Board.elf.dir/Middlewares/Third_Party/FreeRTOS/Source/list.c.obj
                0x08005990                vListInsert
 .text.uxListRemove
                0x080059c2       0x26 CMakeFiles/Gimbal_Board.elf.dir/Middlewares/Third_Party/FreeRTOS/Source/list.c.obj
                0x080059c2                uxListRemove
 .text.prvTaskExitError
                0x080059e8       0x40 CMakeFiles/Gimbal_Board.elf.dir/Middlewares/Third_Party/FreeRTOS/Source/portable/GCC/ARM_CM4F/port.c.obj
 .text.prvPortStartFirstTask
                0x08005a28       0x28 CMakeFiles/Gimbal_Board.elf.dir/Middlewares/Third_Party/FreeRTOS/Source/portable/GCC/ARM_CM4F/port.c.obj
 .text.vPortEnableVFP
                0x08005a50       0x14 CMakeFiles/Gimbal_Board.elf.dir/Middlewares/Third_Party/FreeRTOS/Source/portable/GCC/ARM_CM4F/port.c.obj
 .text.pxPortInitialiseStack
                0x08005a64       0x2c CMakeFiles/Gimbal_Board.elf.dir/Middlewares/Third_Party/FreeRTOS/Source/portable/GCC/ARM_CM4F/port.c.obj
                0x08005a64                pxPortInitialiseStack
 .text.SVC_Handler
                0x08005a90       0x24 CMakeFiles/Gimbal_Board.elf.dir/Middlewares/Third_Party/FreeRTOS/Source/portable/GCC/ARM_CM4F/port.c.obj
                0x08005a90                SVC_Handler
 .text.vPortEnterCritical
                0x08005ab4       0x44 CMakeFiles/Gimbal_Board.elf.dir/Middlewares/Third_Party/FreeRTOS/Source/portable/GCC/ARM_CM4F/port.c.obj
                0x08005ab4                vPortEnterCritical
 .text.vPortExitCritical
                0x08005af8       0x2c CMakeFiles/Gimbal_Board.elf.dir/Middlewares/Third_Party/FreeRTOS/Source/portable/GCC/ARM_CM4F/port.c.obj
                0x08005af8                vPortExitCritical
 *fill*         0x08005b24        0xc 
 .text.PendSV_Handler
                0x08005b30       0x64 CMakeFiles/Gimbal_Board.elf.dir/Middlewares/Third_Party/FreeRTOS/Source/portable/GCC/ARM_CM4F/port.c.obj
                0x08005b30                PendSV_Handler
 .text.xPortSysTickHandler
                0x08005b94       0x2c CMakeFiles/Gimbal_Board.elf.dir/Middlewares/Third_Party/FreeRTOS/Source/portable/GCC/ARM_CM4F/port.c.obj
                0x08005b94                xPortSysTickHandler
 .text.vPortSetupTimerInterrupt
                0x08005bc0       0x38 CMakeFiles/Gimbal_Board.elf.dir/Middlewares/Third_Party/FreeRTOS/Source/portable/GCC/ARM_CM4F/port.c.obj
                0x08005bc0                vPortSetupTimerInterrupt
 .text.xPortStartScheduler
                0x08005bf8      0x110 CMakeFiles/Gimbal_Board.elf.dir/Middlewares/Third_Party/FreeRTOS/Source/portable/GCC/ARM_CM4F/port.c.obj
                0x08005bf8                xPortStartScheduler
 .text.vPortValidateInterruptPriority
                0x08005d08       0x5c CMakeFiles/Gimbal_Board.elf.dir/Middlewares/Third_Party/FreeRTOS/Source/portable/GCC/ARM_CM4F/port.c.obj
                0x08005d08                vPortValidateInterruptPriority
 .text.prvHeapInit
                0x08005d64       0x64 CMakeFiles/Gimbal_Board.elf.dir/Middlewares/Third_Party/FreeRTOS/Source/portable/MemMang/heap_4.c.obj
 .text.prvInsertBlockIntoFreeList
                0x08005dc8       0x58 CMakeFiles/Gimbal_Board.elf.dir/Middlewares/Third_Party/FreeRTOS/Source/portable/MemMang/heap_4.c.obj
 .text.pvPortMalloc
                0x08005e20       0xf0 CMakeFiles/Gimbal_Board.elf.dir/Middlewares/Third_Party/FreeRTOS/Source/portable/MemMang/heap_4.c.obj
                0x08005e20                pvPortMalloc
 .text.vPortFree
                0x08005f10       0x70 CMakeFiles/Gimbal_Board.elf.dir/Middlewares/Third_Party/FreeRTOS/Source/portable/MemMang/heap_4.c.obj
                0x08005f10                vPortFree
 .text.prvIsQueueFull
                0x08005f80       0x1e CMakeFiles/Gimbal_Board.elf.dir/Middlewares/Third_Party/FreeRTOS/Source/queue.c.obj
 .text.prvIsQueueEmpty
                0x08005f9e       0x1a CMakeFiles/Gimbal_Board.elf.dir/Middlewares/Third_Party/FreeRTOS/Source/queue.c.obj
 .text.prvCopyDataToQueue
                0x08005fb8       0x76 CMakeFiles/Gimbal_Board.elf.dir/Middlewares/Third_Party/FreeRTOS/Source/queue.c.obj
 .text.prvCopyDataFromQueue
                0x0800602e       0x24 CMakeFiles/Gimbal_Board.elf.dir/Middlewares/Third_Party/FreeRTOS/Source/queue.c.obj
 .text.prvUnlockQueue
                0x08006052       0x6e CMakeFiles/Gimbal_Board.elf.dir/Middlewares/Third_Party/FreeRTOS/Source/queue.c.obj
 .text.xQueueGenericReset
                0x080060c0       0x84 CMakeFiles/Gimbal_Board.elf.dir/Middlewares/Third_Party/FreeRTOS/Source/queue.c.obj
                0x080060c0                xQueueGenericReset
 .text.prvInitialiseNewQueue
                0x08006144       0x1c CMakeFiles/Gimbal_Board.elf.dir/Middlewares/Third_Party/FreeRTOS/Source/queue.c.obj
 .text.xQueueGenericCreateStatic
                0x08006160       0x92 CMakeFiles/Gimbal_Board.elf.dir/Middlewares/Third_Party/FreeRTOS/Source/queue.c.obj
                0x08006160                xQueueGenericCreateStatic
 *fill*         0x080061f2        0x2 
 .text.xQueueGenericSend
                0x080061f4      0x180 CMakeFiles/Gimbal_Board.elf.dir/Middlewares/Third_Party/FreeRTOS/Source/queue.c.obj
                0x080061f4                xQueueGenericSend
 .text.xQueueGenericSendFromISR
                0x08006374       0xce CMakeFiles/Gimbal_Board.elf.dir/Middlewares/Third_Party/FreeRTOS/Source/queue.c.obj
                0x08006374                xQueueGenericSendFromISR
 *fill*         0x08006442        0x2 
 .text.xQueueReceive
                0x08006444      0x15c CMakeFiles/Gimbal_Board.elf.dir/Middlewares/Third_Party/FreeRTOS/Source/queue.c.obj
                0x08006444                xQueueReceive
 .text.vQueueAddToRegistry
                0x080065a0       0x28 CMakeFiles/Gimbal_Board.elf.dir/Middlewares/Third_Party/FreeRTOS/Source/queue.c.obj
                0x080065a0                vQueueAddToRegistry
 .text.vQueueWaitForMessageRestricted
                0x080065c8       0x52 CMakeFiles/Gimbal_Board.elf.dir/Middlewares/Third_Party/FreeRTOS/Source/queue.c.obj
                0x080065c8                vQueueWaitForMessageRestricted
 *fill*         0x0800661a        0x2 
 .text.prvResetNextTaskUnblockTime
                0x0800661c       0x2c CMakeFiles/Gimbal_Board.elf.dir/Middlewares/Third_Party/FreeRTOS/Source/tasks.c.obj
 .text.prvInitialiseNewTask
                0x08006648       0x94 CMakeFiles/Gimbal_Board.elf.dir/Middlewares/Third_Party/FreeRTOS/Source/tasks.c.obj
 .text.prvInitialiseTaskLists
                0x080066dc       0x68 CMakeFiles/Gimbal_Board.elf.dir/Middlewares/Third_Party/FreeRTOS/Source/tasks.c.obj
 .text.prvAddNewTaskToReadyList
                0x08006744       0xa8 CMakeFiles/Gimbal_Board.elf.dir/Middlewares/Third_Party/FreeRTOS/Source/tasks.c.obj
 .text.prvDeleteTCB
                0x080067ec       0x38 CMakeFiles/Gimbal_Board.elf.dir/Middlewares/Third_Party/FreeRTOS/Source/tasks.c.obj
 .text.prvCheckTasksWaitingTermination
                0x08006824       0x4c CMakeFiles/Gimbal_Board.elf.dir/Middlewares/Third_Party/FreeRTOS/Source/tasks.c.obj
 .text.prvIdleTask
                0x08006870       0x28 CMakeFiles/Gimbal_Board.elf.dir/Middlewares/Third_Party/FreeRTOS/Source/tasks.c.obj
 .text.prvAddCurrentTaskToDelayedList
                0x08006898       0xa0 CMakeFiles/Gimbal_Board.elf.dir/Middlewares/Third_Party/FreeRTOS/Source/tasks.c.obj
 .text.xTaskCreateStatic
                0x08006938       0x72 CMakeFiles/Gimbal_Board.elf.dir/Middlewares/Third_Party/FreeRTOS/Source/tasks.c.obj
                0x08006938                xTaskCreateStatic
 .text.xTaskCreate
                0x080069aa       0x68 CMakeFiles/Gimbal_Board.elf.dir/Middlewares/Third_Party/FreeRTOS/Source/tasks.c.obj
                0x080069aa                xTaskCreate
 *fill*         0x08006a12        0x2 
 .text.vTaskDelete
                0x08006a14       0xe0 CMakeFiles/Gimbal_Board.elf.dir/Middlewares/Third_Party/FreeRTOS/Source/tasks.c.obj
                0x08006a14                vTaskDelete
 .text.vTaskStartScheduler
                0x08006af4       0x94 CMakeFiles/Gimbal_Board.elf.dir/Middlewares/Third_Party/FreeRTOS/Source/tasks.c.obj
                0x08006af4                vTaskStartScheduler
 .text.vTaskSuspendAll
                0x08006b88       0x10 CMakeFiles/Gimbal_Board.elf.dir/Middlewares/Third_Party/FreeRTOS/Source/tasks.c.obj
                0x08006b88                vTaskSuspendAll
 .text.xTaskGetTickCount
                0x08006b98        0xc CMakeFiles/Gimbal_Board.elf.dir/Middlewares/Third_Party/FreeRTOS/Source/tasks.c.obj
                0x08006b98                xTaskGetTickCount
 .text.xTaskIncrementTick
                0x08006ba4      0x118 CMakeFiles/Gimbal_Board.elf.dir/Middlewares/Third_Party/FreeRTOS/Source/tasks.c.obj
                0x08006ba4                xTaskIncrementTick
 .text.xTaskResumeAll
                0x08006cbc       0xf8 CMakeFiles/Gimbal_Board.elf.dir/Middlewares/Third_Party/FreeRTOS/Source/tasks.c.obj
                0x08006cbc                xTaskResumeAll
 .text.vTaskDelay
                0x08006db4       0x4c CMakeFiles/Gimbal_Board.elf.dir/Middlewares/Third_Party/FreeRTOS/Source/tasks.c.obj
                0x08006db4                vTaskDelay
 .text.vTaskSwitchContext
                0x08006e00       0x98 CMakeFiles/Gimbal_Board.elf.dir/Middlewares/Third_Party/FreeRTOS/Source/tasks.c.obj
                0x08006e00                vTaskSwitchContext
 .text.vTaskPlaceOnEventList
                0x08006e98       0x30 CMakeFiles/Gimbal_Board.elf.dir/Middlewares/Third_Party/FreeRTOS/Source/tasks.c.obj
                0x08006e98                vTaskPlaceOnEventList
 .text.vTaskPlaceOnEventListRestricted
                0x08006ec8       0x38 CMakeFiles/Gimbal_Board.elf.dir/Middlewares/Third_Party/FreeRTOS/Source/tasks.c.obj
                0x08006ec8                vTaskPlaceOnEventListRestricted
 .text.xTaskRemoveFromEventList
                0x08006f00       0x8c CMakeFiles/Gimbal_Board.elf.dir/Middlewares/Third_Party/FreeRTOS/Source/tasks.c.obj
                0x08006f00                xTaskRemoveFromEventList
 .text.vTaskInternalSetTimeOutState
                0x08006f8c       0x18 CMakeFiles/Gimbal_Board.elf.dir/Middlewares/Third_Party/FreeRTOS/Source/tasks.c.obj
                0x08006f8c                vTaskInternalSetTimeOutState
 .text.xTaskCheckForTimeOut
                0x08006fa4       0xa0 CMakeFiles/Gimbal_Board.elf.dir/Middlewares/Third_Party/FreeRTOS/Source/tasks.c.obj
                0x08006fa4                xTaskCheckForTimeOut
 .text.vTaskMissedYield
                0x08007044        0xc CMakeFiles/Gimbal_Board.elf.dir/Middlewares/Third_Party/FreeRTOS/Source/tasks.c.obj
                0x08007044                vTaskMissedYield
 .text.xTaskGetSchedulerState
                0x08007050       0x20 CMakeFiles/Gimbal_Board.elf.dir/Middlewares/Third_Party/FreeRTOS/Source/tasks.c.obj
                0x08007050                xTaskGetSchedulerState
 .text.xTaskPriorityDisinherit
                0x08007070       0xb4 CMakeFiles/Gimbal_Board.elf.dir/Middlewares/Third_Party/FreeRTOS/Source/tasks.c.obj
                0x08007070                xTaskPriorityDisinherit
 .text.prvGetNextExpireTime
                0x08007124       0x20 CMakeFiles/Gimbal_Board.elf.dir/Middlewares/Third_Party/FreeRTOS/Source/timers.c.obj
 .text.prvInsertTimerInActiveList
                0x08007144       0x48 CMakeFiles/Gimbal_Board.elf.dir/Middlewares/Third_Party/FreeRTOS/Source/timers.c.obj
 .text.prvCheckForValidListAndQueue
                0x0800718c       0x70 CMakeFiles/Gimbal_Board.elf.dir/Middlewares/Third_Party/FreeRTOS/Source/timers.c.obj
 .text.xTimerCreateTimerTask
                0x080071fc       0x64 CMakeFiles/Gimbal_Board.elf.dir/Middlewares/Third_Party/FreeRTOS/Source/timers.c.obj
                0x080071fc                xTimerCreateTimerTask
 .text.xTimerGenericCommand
                0x08007260       0x6c CMakeFiles/Gimbal_Board.elf.dir/Middlewares/Third_Party/FreeRTOS/Source/timers.c.obj
                0x08007260                xTimerGenericCommand
 .text.prvSwitchTimerLists
                0x080072cc       0x78 CMakeFiles/Gimbal_Board.elf.dir/Middlewares/Third_Party/FreeRTOS/Source/timers.c.obj
 .text.prvSampleTimeNow
                0x08007344       0x2c CMakeFiles/Gimbal_Board.elf.dir/Middlewares/Third_Party/FreeRTOS/Source/timers.c.obj
 .text.prvProcessExpiredTimer
                0x08007370       0x60 CMakeFiles/Gimbal_Board.elf.dir/Middlewares/Third_Party/FreeRTOS/Source/timers.c.obj
 .text.prvProcessTimerOrBlockTask
                0x080073d0       0x74 CMakeFiles/Gimbal_Board.elf.dir/Middlewares/Third_Party/FreeRTOS/Source/timers.c.obj
 .text.prvProcessReceivedCommands
                0x08007444       0xf8 CMakeFiles/Gimbal_Board.elf.dir/Middlewares/Third_Party/FreeRTOS/Source/timers.c.obj
 .text.prvTimerTask
                0x0800753c       0x16 CMakeFiles/Gimbal_Board.elf.dir/Middlewares/Third_Party/FreeRTOS/Source/timers.c.obj
 *fill*         0x08007552        0x2 
 .text.MX_ADC1_Init
                0x08007554       0x70 CMakeFiles/Gimbal_Board.elf.dir/Src/adc.c.obj
                0x08007554                MX_ADC1_Init
 .text.MX_ADC3_Init
                0x080075c4       0x70 CMakeFiles/Gimbal_Board.elf.dir/Src/adc.c.obj
                0x080075c4                MX_ADC3_Init
 .text.HAL_ADC_MspInit
                0x08007634       0x90 CMakeFiles/Gimbal_Board.elf.dir/Src/adc.c.obj
                0x08007634                HAL_ADC_MspInit
 .text.MX_CAN1_Init
                0x080076c4       0x40 CMakeFiles/Gimbal_Board.elf.dir/Src/can.c.obj
                0x080076c4                MX_CAN1_Init
 .text.MX_CAN2_Init
                0x08007704       0x40 CMakeFiles/Gimbal_Board.elf.dir/Src/can.c.obj
                0x08007704                MX_CAN2_Init
 .text.HAL_CAN_MspInit
                0x08007744      0x124 CMakeFiles/Gimbal_Board.elf.dir/Src/can.c.obj
                0x08007744                HAL_CAN_MspInit
 .text.MX_CRC_Init
                0x08007868       0x20 CMakeFiles/Gimbal_Board.elf.dir/Src/crc.c.obj
                0x08007868                MX_CRC_Init
 .text.HAL_CRC_MspInit
                0x08007888       0x30 CMakeFiles/Gimbal_Board.elf.dir/Src/crc.c.obj
                0x08007888                HAL_CRC_MspInit
 .text.MX_DMA_Init
                0x080078b8       0xa8 CMakeFiles/Gimbal_Board.elf.dir/Src/dma.c.obj
                0x080078b8                MX_DMA_Init
 .text.start_task
                0x08007960       0x18 CMakeFiles/Gimbal_Board.elf.dir/Src/freertos.c.obj
                0x08007960                start_task
 .text.vApplicationGetIdleTaskMemory
                0x08007978       0x18 CMakeFiles/Gimbal_Board.elf.dir/Src/freertos.c.obj
                0x08007978                vApplicationGetIdleTaskMemory
 .text.vApplicationGetTimerTaskMemory
                0x08007990       0x18 CMakeFiles/Gimbal_Board.elf.dir/Src/freertos.c.obj
                0x08007990                vApplicationGetTimerTaskMemory
 .text.MX_FREERTOS_Init
                0x080079a8       0x2c CMakeFiles/Gimbal_Board.elf.dir/Src/freertos.c.obj
                0x080079a8                MX_FREERTOS_Init
 .text.MX_GPIO_Init
                0x080079d4      0x200 CMakeFiles/Gimbal_Board.elf.dir/Src/gpio.c.obj
                0x080079d4                MX_GPIO_Init
 .text.MX_I2C1_Init
                0x08007bd4       0x3c CMakeFiles/Gimbal_Board.elf.dir/Src/i2c.c.obj
                0x08007bd4                MX_I2C1_Init
 .text.MX_I2C2_Init
                0x08007c10       0x3c CMakeFiles/Gimbal_Board.elf.dir/Src/i2c.c.obj
                0x08007c10                MX_I2C2_Init
 .text.MX_I2C3_Init
                0x08007c4c       0x3c CMakeFiles/Gimbal_Board.elf.dir/Src/i2c.c.obj
                0x08007c4c                MX_I2C3_Init
 .text.HAL_I2C_MspInit
                0x08007c88      0x1a4 CMakeFiles/Gimbal_Board.elf.dir/Src/i2c.c.obj
                0x08007c88                HAL_I2C_MspInit
 .text.SystemClock_Config
                0x08007e2c       0xb0 CMakeFiles/Gimbal_Board.elf.dir/Src/main.c.obj
                0x08007e2c                SystemClock_Config
 .text.main     0x08007edc       0x70 CMakeFiles/Gimbal_Board.elf.dir/Src/main.c.obj
                0x08007edc                main
 .text.Error_Handler
                0x08007f4c        0x2 CMakeFiles/Gimbal_Board.elf.dir/Src/main.c.obj
                0x08007f4c                Error_Handler
 *fill*         0x08007f4e        0x2 
 .text.MX_RNG_Init
                0x08007f50       0x20 CMakeFiles/Gimbal_Board.elf.dir/Src/rng.c.obj
                0x08007f50                MX_RNG_Init
 .text.HAL_RNG_MspInit
                0x08007f70       0x30 CMakeFiles/Gimbal_Board.elf.dir/Src/rng.c.obj
                0x08007f70                HAL_RNG_MspInit
 .text.MX_RTC_Init
                0x08007fa0       0x34 CMakeFiles/Gimbal_Board.elf.dir/Src/rtc.c.obj
                0x08007fa0                MX_RTC_Init
 .text.HAL_RTC_MspInit
                0x08007fd4       0x1c CMakeFiles/Gimbal_Board.elf.dir/Src/rtc.c.obj
                0x08007fd4                HAL_RTC_MspInit
 .text.MX_SPI1_Init
                0x08007ff0       0x48 CMakeFiles/Gimbal_Board.elf.dir/Src/spi.c.obj
                0x08007ff0                MX_SPI1_Init
 .text.MX_SPI2_Init
                0x08008038       0x48 CMakeFiles/Gimbal_Board.elf.dir/Src/spi.c.obj
                0x08008038                MX_SPI2_Init
 .text.HAL_SPI_MspInit
                0x08008080      0x188 CMakeFiles/Gimbal_Board.elf.dir/Src/spi.c.obj
                0x08008080                HAL_SPI_MspInit
 .text.HAL_MspInit
                0x08008208       0x44 CMakeFiles/Gimbal_Board.elf.dir/Src/stm32f4xx_hal_msp.c.obj
                0x08008208                HAL_MspInit
 .text.NMI_Handler
                0x0800824c        0x2 CMakeFiles/Gimbal_Board.elf.dir/Src/stm32f4xx_it.c.obj
                0x0800824c                NMI_Handler
 .text.HardFault_Handler
                0x0800824e        0x2 CMakeFiles/Gimbal_Board.elf.dir/Src/stm32f4xx_it.c.obj
                0x0800824e                HardFault_Handler
 .text.MemManage_Handler
                0x08008250        0x2 CMakeFiles/Gimbal_Board.elf.dir/Src/stm32f4xx_it.c.obj
                0x08008250                MemManage_Handler
 .text.BusFault_Handler
                0x08008252        0x2 CMakeFiles/Gimbal_Board.elf.dir/Src/stm32f4xx_it.c.obj
                0x08008252                BusFault_Handler
 .text.UsageFault_Handler
                0x08008254        0x2 CMakeFiles/Gimbal_Board.elf.dir/Src/stm32f4xx_it.c.obj
                0x08008254                UsageFault_Handler
 .text.DebugMon_Handler
                0x08008256        0x2 CMakeFiles/Gimbal_Board.elf.dir/Src/stm32f4xx_it.c.obj
                0x08008256                DebugMon_Handler
 .text.SysTick_Handler
                0x08008258       0x16 CMakeFiles/Gimbal_Board.elf.dir/Src/stm32f4xx_it.c.obj
                0x08008258                SysTick_Handler
 .text.EXTI0_IRQHandler
                0x0800826e        0xa CMakeFiles/Gimbal_Board.elf.dir/Src/stm32f4xx_it.c.obj
                0x0800826e                EXTI0_IRQHandler
 .text.EXTI3_IRQHandler
                0x08008278        0xa CMakeFiles/Gimbal_Board.elf.dir/Src/stm32f4xx_it.c.obj
                0x08008278                EXTI3_IRQHandler
 .text.EXTI4_IRQHandler
                0x08008282        0xa CMakeFiles/Gimbal_Board.elf.dir/Src/stm32f4xx_it.c.obj
                0x08008282                EXTI4_IRQHandler
 .text.CAN1_RX0_IRQHandler
                0x0800828c       0x10 CMakeFiles/Gimbal_Board.elf.dir/Src/stm32f4xx_it.c.obj
                0x0800828c                CAN1_RX0_IRQHandler
 .text.EXTI9_5_IRQHandler
                0x0800829c        0xa CMakeFiles/Gimbal_Board.elf.dir/Src/stm32f4xx_it.c.obj
                0x0800829c                EXTI9_5_IRQHandler
 *fill*         0x080082a6        0x2 
 .text.DMA2_Stream1_IRQHandler
                0x080082a8       0x10 CMakeFiles/Gimbal_Board.elf.dir/Src/stm32f4xx_it.c.obj
                0x080082a8                DMA2_Stream1_IRQHandler
 .text.CAN2_RX0_IRQHandler
                0x080082b8       0x10 CMakeFiles/Gimbal_Board.elf.dir/Src/stm32f4xx_it.c.obj
                0x080082b8                CAN2_RX0_IRQHandler
 .text.OTG_FS_IRQHandler
                0x080082c8       0x10 CMakeFiles/Gimbal_Board.elf.dir/Src/stm32f4xx_it.c.obj
                0x080082c8                OTG_FS_IRQHandler
 .text.DMA2_Stream6_IRQHandler
                0x080082d8       0x10 CMakeFiles/Gimbal_Board.elf.dir/Src/stm32f4xx_it.c.obj
                0x080082d8                DMA2_Stream6_IRQHandler
 .text.DMA2_Stream7_IRQHandler
                0x080082e8       0x10 CMakeFiles/Gimbal_Board.elf.dir/Src/stm32f4xx_it.c.obj
                0x080082e8                DMA2_Stream7_IRQHandler
 .text._getpid  0x080082f8        0x4 CMakeFiles/Gimbal_Board.elf.dir/Src/syscalls.c.obj
                0x080082f8                _getpid
 .text._kill    0x080082fc       0x10 CMakeFiles/Gimbal_Board.elf.dir/Src/syscalls.c.obj
                0x080082fc                _kill
 .text._exit    0x0800830c        0xc CMakeFiles/Gimbal_Board.elf.dir/Src/syscalls.c.obj
                0x0800830c                _exit
 .text.SystemInit
                0x08008318       0x4c CMakeFiles/Gimbal_Board.elf.dir/Src/system_stm32f4xx.c.obj
                0x08008318                SystemInit
 .text.HAL_TIM_Base_MspInit
                0x08008364       0xe4 CMakeFiles/Gimbal_Board.elf.dir/Src/tim.c.obj
                0x08008364                HAL_TIM_Base_MspInit
 .text.HAL_TIM_MspPostInit
                0x08008448      0x1d0 CMakeFiles/Gimbal_Board.elf.dir/Src/tim.c.obj
                0x08008448                HAL_TIM_MspPostInit
 .text.MX_TIM1_Init
                0x08008618      0x124 CMakeFiles/Gimbal_Board.elf.dir/Src/tim.c.obj
                0x08008618                MX_TIM1_Init
 .text.MX_TIM3_Init
                0x0800873c       0xac CMakeFiles/Gimbal_Board.elf.dir/Src/tim.c.obj
                0x0800873c                MX_TIM3_Init
 .text.MX_TIM4_Init
                0x080087e8       0xb0 CMakeFiles/Gimbal_Board.elf.dir/Src/tim.c.obj
                0x080087e8                MX_TIM4_Init
 .text.MX_TIM5_Init
                0x08008898       0xd4 CMakeFiles/Gimbal_Board.elf.dir/Src/tim.c.obj
                0x08008898                MX_TIM5_Init
 .text.MX_TIM8_Init
                0x0800896c      0x100 CMakeFiles/Gimbal_Board.elf.dir/Src/tim.c.obj
                0x0800896c                MX_TIM8_Init
 .text.MX_TIM10_Init
                0x08008a6c       0x74 CMakeFiles/Gimbal_Board.elf.dir/Src/tim.c.obj
                0x08008a6c                MX_TIM10_Init
 .text.MX_USART1_UART_Init
                0x08008ae0       0x34 CMakeFiles/Gimbal_Board.elf.dir/Src/usart.c.obj
                0x08008ae0                MX_USART1_UART_Init
 .text.MX_USART3_UART_Init
                0x08008b14       0x3c CMakeFiles/Gimbal_Board.elf.dir/Src/usart.c.obj
                0x08008b14                MX_USART3_UART_Init
 .text.MX_USART6_UART_Init
                0x08008b50       0x34 CMakeFiles/Gimbal_Board.elf.dir/Src/usart.c.obj
                0x08008b50                MX_USART6_UART_Init
 .text.HAL_UART_MspInit
                0x08008b84      0x288 CMakeFiles/Gimbal_Board.elf.dir/Src/usart.c.obj
                0x08008b84                HAL_UART_MspInit
 .text.HAL_PCD_SetupStageCallback
                0x08008e0c       0x10 CMakeFiles/Gimbal_Board.elf.dir/Src/usbd_conf.c.obj
                0x08008e0c                HAL_PCD_SetupStageCallback
 .text.HAL_PCD_DataOutStageCallback
                0x08008e1c       0x18 CMakeFiles/Gimbal_Board.elf.dir/Src/usbd_conf.c.obj
                0x08008e1c                HAL_PCD_DataOutStageCallback
 .text.HAL_PCD_DataInStageCallback
                0x08008e34       0x16 CMakeFiles/Gimbal_Board.elf.dir/Src/usbd_conf.c.obj
                0x08008e34                HAL_PCD_DataInStageCallback
 .text.HAL_PCD_SOFCallback
                0x08008e4a        0xc CMakeFiles/Gimbal_Board.elf.dir/Src/usbd_conf.c.obj
                0x08008e4a                HAL_PCD_SOFCallback
 .text.HAL_PCD_ResetCallback
                0x08008e56       0x2c CMakeFiles/Gimbal_Board.elf.dir/Src/usbd_conf.c.obj
                0x08008e56                HAL_PCD_ResetCallback
 *fill*         0x08008e82        0x2 
 .text.HAL_PCD_SuspendCallback
                0x08008e84       0x30 CMakeFiles/Gimbal_Board.elf.dir/Src/usbd_conf.c.obj
                0x08008e84                HAL_PCD_SuspendCallback
 .text.HAL_PCD_ResumeCallback
                0x08008eb4        0xc CMakeFiles/Gimbal_Board.elf.dir/Src/usbd_conf.c.obj
                0x08008eb4                HAL_PCD_ResumeCallback
 .text.HAL_PCD_ISOOUTIncompleteCallback
                0x08008ec0        0xc CMakeFiles/Gimbal_Board.elf.dir/Src/usbd_conf.c.obj
                0x08008ec0                HAL_PCD_ISOOUTIncompleteCallback
 .text.HAL_PCD_ISOINIncompleteCallback
                0x08008ecc        0xc CMakeFiles/Gimbal_Board.elf.dir/Src/usbd_conf.c.obj
                0x08008ecc                HAL_PCD_ISOINIncompleteCallback
 .text.HAL_PCD_ConnectCallback
                0x08008ed8        0xc CMakeFiles/Gimbal_Board.elf.dir/Src/usbd_conf.c.obj
                0x08008ed8                HAL_PCD_ConnectCallback
 .text.HAL_PCD_DisconnectCallback
                0x08008ee4        0xc CMakeFiles/Gimbal_Board.elf.dir/Src/usbd_conf.c.obj
                0x08008ee4                HAL_PCD_DisconnectCallback
 .text.USBD_LL_IsStallEP
                0x08008ef0       0x2e CMakeFiles/Gimbal_Board.elf.dir/Src/usbd_conf.c.obj
                0x08008ef0                USBD_LL_IsStallEP
 .text.USBD_Get_USB_Status
                0x08008f1e       0x14 CMakeFiles/Gimbal_Board.elf.dir/Src/usbd_conf.c.obj
                0x08008f1e                USBD_Get_USB_Status
 .text.USBD_LL_OpenEP
                0x08008f32       0x16 CMakeFiles/Gimbal_Board.elf.dir/Src/usbd_conf.c.obj
                0x08008f32                USBD_LL_OpenEP
 .text.USBD_LL_StallEP
                0x08008f48       0x10 CMakeFiles/Gimbal_Board.elf.dir/Src/usbd_conf.c.obj
                0x08008f48                USBD_LL_StallEP
 .text.USBD_LL_ClearStallEP
                0x08008f58       0x10 CMakeFiles/Gimbal_Board.elf.dir/Src/usbd_conf.c.obj
                0x08008f58                USBD_LL_ClearStallEP
 .text.USBD_LL_SetUSBAddress
                0x08008f68       0x10 CMakeFiles/Gimbal_Board.elf.dir/Src/usbd_conf.c.obj
                0x08008f68                USBD_LL_SetUSBAddress
 .text.USBD_LL_Transmit
                0x08008f78       0x10 CMakeFiles/Gimbal_Board.elf.dir/Src/usbd_conf.c.obj
                0x08008f78                USBD_LL_Transmit
 .text.USBD_LL_PrepareReceive
                0x08008f88       0x10 CMakeFiles/Gimbal_Board.elf.dir/Src/usbd_conf.c.obj
                0x08008f88                USBD_LL_PrepareReceive
 .text.DMA1_Stream7_IRQHandler
                0x08008f98       0x70 CMakeFiles/Gimbal_Board.elf.dir/hardware/bsp_i2c.c.obj
                0x08008f98                DMA1_Stream7_IRQHandler
 .text._ZN8M_Gimbal25motor_ecd_to_angle_changeEtt
                0x08009008       0x34 CMakeFiles/Gimbal_Board.elf.dir/module/M_Gimbal.cpp.obj
                0x08009008                M_Gimbal::motor_ecd_to_angle_change(unsigned short, unsigned short)
 .text._ZN8M_Gimbal15feedback_updateEv
                0x0800903c       0xb4 CMakeFiles/Gimbal_Board.elf.dir/module/M_Gimbal.cpp.obj
                0x0800903c                M_Gimbal::feedback_update()
 .text._ZN8M_Gimbal4initEv
                0x080090f0      0x11c CMakeFiles/Gimbal_Board.elf.dir/module/M_Gimbal.cpp.obj
                0x080090f0                M_Gimbal::init()
 .text._ZN10CAN_Gimbal30get_gimbal_motor_measure_pointEh
                0x0800920c       0x10 CMakeFiles/Gimbal_Board.elf.dir/module/can.cpp.obj
                0x0800920c                CAN_Gimbal::get_gimbal_motor_measure_point(unsigned char)
 .text.HAL_CAN_RxFifo0MsgPendingCallback
                0x0800921c       0x3c CMakeFiles/Gimbal_Board.elf.dir/module/can.cpp.obj
                0x0800921c                HAL_CAN_RxFifo0MsgPendingCallback
 .text._ZN13motor_measure17get_motor_measureEPKh
                0x08009258       0x28 CMakeFiles/Gimbal_Board.elf.dir/module/motor_measure.cpp.obj
                0x08009258                motor_measure::get_motor_measure(unsigned char const*)
 .text._ZN3pid8PID_initEhPKfff
                0x08009280       0x24 CMakeFiles/Gimbal_Board.elf.dir/module/pid.cpp.obj
                0x08009280                pid::PID_init(unsigned char, float const*, float, float)
 .text._ZN14remote_control7RC_InitEPhS0_t
                0x080092a4       0x68 CMakeFiles/Gimbal_Board.elf.dir/module/remote_control.cpp.obj
                0x080092a4                remote_control::RC_Init(unsigned char*, unsigned char*, unsigned short)
 .text._ZN14remote_control19remote_control_initEv
                0x0800930c       0x14 CMakeFiles/Gimbal_Board.elf.dir/module/remote_control.cpp.obj
                0x0800930c                remote_control::remote_control_init()
 .text._ZN14remote_control24get_remote_control_pointEv
                0x08009320        0x8 CMakeFiles/Gimbal_Board.elf.dir/module/remote_control.cpp.obj
                0x08009320                remote_control::get_remote_control_point()
 .text.Reset_Handler
                0x08009328       0x50 CMakeFiles/Gimbal_Board.elf.dir/startup/startup_stm32f407xx.s.obj
                0x08009328                Reset_Handler
 .text.Default_Handler
                0x08009378        0x2 CMakeFiles/Gimbal_Board.elf.dir/startup/startup_stm32f407xx.s.obj
                0x08009378                RTC_Alarm_IRQHandler
                0x08009378                HASH_RNG_IRQHandler
                0x08009378                EXTI2_IRQHandler
                0x08009378                TIM8_CC_IRQHandler
                0x08009378                TIM1_CC_IRQHandler
                0x08009378                DMA2_Stream5_IRQHandler
                0x08009378                DMA1_Stream5_IRQHandler
                0x08009378                PVD_IRQHandler
                0x08009378                SDIO_IRQHandler
                0x08009378                TAMP_STAMP_IRQHandler
                0x08009378                CAN2_RX1_IRQHandler
                0x08009378                TIM8_TRG_COM_TIM14_IRQHandler
                0x08009378                TIM1_UP_TIM10_IRQHandler
                0x08009378                TIM8_UP_TIM13_IRQHandler
                0x08009378                I2C3_ER_IRQHandler
                0x08009378                I2C2_EV_IRQHandler
                0x08009378                DMA1_Stream2_IRQHandler
                0x08009378                FPU_IRQHandler
                0x08009378                OTG_HS_WKUP_IRQHandler
                0x08009378                CAN2_SCE_IRQHandler
                0x08009378                DMA2_Stream2_IRQHandler
                0x08009378                SPI1_IRQHandler
                0x08009378                TIM6_DAC_IRQHandler
                0x08009378                TIM1_BRK_TIM9_IRQHandler
                0x08009378                DCMI_IRQHandler
                0x08009378                DMA2_Stream3_IRQHandler
                0x08009378                USART6_IRQHandler
                0x08009378                USART3_IRQHandler
                0x08009378                CAN1_RX1_IRQHandler
                0x08009378                UART5_IRQHandler
                0x08009378                DMA2_Stream0_IRQHandler
                0x08009378                TIM4_IRQHandler
                0x08009378                I2C1_EV_IRQHandler
                0x08009378                DMA1_Stream6_IRQHandler
                0x08009378                DMA1_Stream1_IRQHandler
                0x08009378                UART4_IRQHandler
                0x08009378                TIM3_IRQHandler
                0x08009378                RCC_IRQHandler
                0x08009378                TIM8_BRK_TIM12_IRQHandler
                0x08009378                Default_Handler
                0x08009378                EXTI15_10_IRQHandler
                0x08009378                ADC_IRQHandler
                0x08009378                TIM7_IRQHandler
                0x08009378                CAN2_TX_IRQHandler
                0x08009378                TIM5_IRQHandler
                0x08009378                I2C3_EV_IRQHandler
                0x08009378                RTC_WKUP_IRQHandler
                0x08009378                ETH_WKUP_IRQHandler
                0x08009378                SPI2_IRQHandler
                0x08009378                OTG_HS_EP1_IN_IRQHandler
                0x08009378                DMA1_Stream0_IRQHandler
                0x08009378                CAN1_TX_IRQHandler
                0x08009378                FSMC_IRQHandler
                0x08009378                ETH_IRQHandler
                0x08009378                OTG_HS_EP1_OUT_IRQHandler
                0x08009378                WWDG_IRQHandler
                0x08009378                TIM2_IRQHandler
                0x08009378                OTG_FS_WKUP_IRQHandler
                0x08009378                TIM1_TRG_COM_TIM11_IRQHandler
                0x08009378                OTG_HS_IRQHandler
                0x08009378                EXTI1_IRQHandler
                0x08009378                USART2_IRQHandler
                0x08009378                I2C2_ER_IRQHandler
                0x08009378                CAN1_SCE_IRQHandler
                0x08009378                FLASH_IRQHandler
                0x08009378                DMA2_Stream4_IRQHandler
                0x08009378                USART1_IRQHandler
                0x08009378                SPI3_IRQHandler
                0x08009378                DMA1_Stream4_IRQHandler
                0x08009378                I2C1_ER_IRQHandler
                0x08009378                DMA1_Stream3_IRQHandler
 *fill*         0x0800937a        0x6 
 .text.cos      0x08009380       0xa8 e:/cubemx/gcc-arm-none-eabi/bin/../lib/gcc/arm-none-eabi/9.2.1/../../../../arm-none-eabi/lib/thumb/v7e-m+fp/hard\libm.a(lib_a-s_cos.o)
                0x08009380                cos
 .text.sin      0x08009428       0xb0 e:/cubemx/gcc-arm-none-eabi/bin/../lib/gcc/arm-none-eabi/9.2.1/../../../../arm-none-eabi/lib/thumb/v7e-m+fp/hard\libm.a(lib_a-s_sin.o)
                0x08009428                sin
 .text.__ieee754_rem_pio2
                0x080094d8      0x46c e:/cubemx/gcc-arm-none-eabi/bin/../lib/gcc/arm-none-eabi/9.2.1/../../../../arm-none-eabi/lib/thumb/v7e-m+fp/hard\libm.a(lib_a-e_rem_pio2.o)
                0x080094d8                __ieee754_rem_pio2
 *fill*         0x08009944        0x4 
 .text.__kernel_cos
                0x08009948      0x27c e:/cubemx/gcc-arm-none-eabi/bin/../lib/gcc/arm-none-eabi/9.2.1/../../../../arm-none-eabi/lib/thumb/v7e-m+fp/hard\libm.a(lib_a-k_cos.o)
                0x08009948                __kernel_cos
 *fill*         0x08009bc4        0x4 
 .text.__kernel_rem_pio2
                0x08009bc8      0x850 e:/cubemx/gcc-arm-none-eabi/bin/../lib/gcc/arm-none-eabi/9.2.1/../../../../arm-none-eabi/lib/thumb/v7e-m+fp/hard\libm.a(lib_a-k_rem_pio2.o)
                0x08009bc8                __kernel_rem_pio2
 .text.__kernel_sin
                0x0800a418      0x17c e:/cubemx/gcc-arm-none-eabi/bin/../lib/gcc/arm-none-eabi/9.2.1/../../../../arm-none-eabi/lib/thumb/v7e-m+fp/hard\libm.a(lib_a-k_sin.o)
                0x0800a418                __kernel_sin
 .text.fabs     0x0800a594       0x14 e:/cubemx/gcc-arm-none-eabi/bin/../lib/gcc/arm-none-eabi/9.2.1/../../../../arm-none-eabi/lib/thumb/v7e-m+fp/hard\libm.a(lib_a-s_fabs.o)
                0x0800a594                fabs
 .text.floor    0x0800a5a8      0x108 e:/cubemx/gcc-arm-none-eabi/bin/../lib/gcc/arm-none-eabi/9.2.1/../../../../arm-none-eabi/lib/thumb/v7e-m+fp/hard\libm.a(lib_a-s_floor.o)
                0x0800a5a8                floor
 .text.scalbn   0x0800a6b0      0x124 e:/cubemx/gcc-arm-none-eabi/bin/../lib/gcc/arm-none-eabi/9.2.1/../../../../arm-none-eabi/lib/thumb/v7e-m+fp/hard\libm.a(lib_a-s_scalbn.o)
                0x0800a6b0                scalbn
 .text.abort    0x0800a7d4       0x10 e:/cubemx/gcc-arm-none-eabi/bin/../lib/gcc/arm-none-eabi/9.2.1/../../../../arm-none-eabi/lib/thumb/v7e-m+fp/hard\libg.a(lib_a-abort.o)
                0x0800a7d4                abort
 .text.__errno  0x0800a7e4        0xc e:/cubemx/gcc-arm-none-eabi/bin/../lib/gcc/arm-none-eabi/9.2.1/../../../../arm-none-eabi/lib/thumb/v7e-m+fp/hard\libg.a(lib_a-errno.o)
                0x0800a7e4                __errno
 .text.__libc_init_array
                0x0800a7f0       0x48 e:/cubemx/gcc-arm-none-eabi/bin/../lib/gcc/arm-none-eabi/9.2.1/../../../../arm-none-eabi/lib/thumb/v7e-m+fp/hard\libg.a(lib_a-init.o)
                0x0800a7f0                __libc_init_array
 .text.memset   0x0800a838       0xa0 e:/cubemx/gcc-arm-none-eabi/bin/../lib/gcc/arm-none-eabi/9.2.1/../../../../arm-none-eabi/lib/thumb/v7e-m+fp/hard\libg.a(lib_a-memset.o)
                0x0800a838                memset
 .text._raise_r
                0x0800a8d8       0x58 e:/cubemx/gcc-arm-none-eabi/bin/../lib/gcc/arm-none-eabi/9.2.1/../../../../arm-none-eabi/lib/thumb/v7e-m+fp/hard\libg.a(lib_a-signal.o)
                0x0800a8d8                _raise_r
 .text.raise    0x0800a930       0x10 e:/cubemx/gcc-arm-none-eabi/bin/../lib/gcc/arm-none-eabi/9.2.1/../../../../arm-none-eabi/lib/thumb/v7e-m+fp/hard\libg.a(lib_a-signal.o)
                0x0800a930                raise
 .text._kill_r  0x0800a940       0x2c e:/cubemx/gcc-arm-none-eabi/bin/../lib/gcc/arm-none-eabi/9.2.1/../../../../arm-none-eabi/lib/thumb/v7e-m+fp/hard\libg.a(lib_a-signalr.o)
                0x0800a940                _kill_r
 .text._getpid_r
                0x0800a96c        0x4 e:/cubemx/gcc-arm-none-eabi/bin/../lib/gcc/arm-none-eabi/9.2.1/../../../../arm-none-eabi/lib/thumb/v7e-m+fp/hard\libg.a(lib_a-signalr.o)
                0x0800a96c                _getpid_r
 .text.startup.register_fini
                0x0800a970       0x14 e:/cubemx/gcc-arm-none-eabi/bin/../lib/gcc/arm-none-eabi/9.2.1/../../../../arm-none-eabi/lib/thumb/v7e-m+fp/hard\libg.a(lib_a-__call_atexit.o)
 .text.atexit   0x0800a984        0xc e:/cubemx/gcc-arm-none-eabi/bin/../lib/gcc/arm-none-eabi/9.2.1/../../../../arm-none-eabi/lib/thumb/v7e-m+fp/hard\libg.a(lib_a-atexit.o)
                0x0800a984                atexit
 .text.__libc_fini_array
                0x0800a990       0x2c e:/cubemx/gcc-arm-none-eabi/bin/../lib/gcc/arm-none-eabi/9.2.1/../../../../arm-none-eabi/lib/thumb/v7e-m+fp/hard\libg.a(lib_a-fini.o)
                0x0800a990                __libc_fini_array
 .text.__retarget_lock_acquire_recursive
                0x0800a9bc        0x4 e:/cubemx/gcc-arm-none-eabi/bin/../lib/gcc/arm-none-eabi/9.2.1/../../../../arm-none-eabi/lib/thumb/v7e-m+fp/hard\libg.a(lib_a-lock.o)
                0x0800a9bc                __retarget_lock_acquire_recursive
 .text.__retarget_lock_release_recursive
                0x0800a9c0        0x4 e:/cubemx/gcc-arm-none-eabi/bin/../lib/gcc/arm-none-eabi/9.2.1/../../../../arm-none-eabi/lib/thumb/v7e-m+fp/hard\libg.a(lib_a-lock.o)
                0x0800a9c0                __retarget_lock_release_recursive
 .text.__register_exitproc
                0x0800a9c4       0x8c e:/cubemx/gcc-arm-none-eabi/bin/../lib/gcc/arm-none-eabi/9.2.1/../../../../arm-none-eabi/lib/thumb/v7e-m+fp/hard\libg.a(lib_a-__atexit.o)
                0x0800a9c4                __register_exitproc
 *(.glue_7)
 .glue_7        0x0800aa50        0x0 linker stubs
 *(.glue_7t)
 .glue_7t       0x0800aa50        0x0 linker stubs
 *(.eh_frame)
 .eh_frame      0x0800aa50        0x0 e:/cubemx/gcc-arm-none-eabi/bin/../lib/gcc/arm-none-eabi/9.2.1/thumb/v7e-m+fp/hard/crtbegin.o
 *(.init)
 .init          0x0800aa50        0x4 e:/cubemx/gcc-arm-none-eabi/bin/../lib/gcc/arm-none-eabi/9.2.1/thumb/v7e-m+fp/hard/crti.o
                0x0800aa50                _init
 .init          0x0800aa54        0x8 e:/cubemx/gcc-arm-none-eabi/bin/../lib/gcc/arm-none-eabi/9.2.1/thumb/v7e-m+fp/hard/crtn.o
 *(.fini)
 .fini          0x0800aa5c        0x4 e:/cubemx/gcc-arm-none-eabi/bin/../lib/gcc/arm-none-eabi/9.2.1/thumb/v7e-m+fp/hard/crti.o
                0x0800aa5c                _fini
 .fini          0x0800aa60        0x8 e:/cubemx/gcc-arm-none-eabi/bin/../lib/gcc/arm-none-eabi/9.2.1/thumb/v7e-m+fp/hard/crtn.o
                0x0800aa68                . = ALIGN (0x4)
                0x0800aa68                _etext = .

.vfp11_veneer   0x0800aa68        0x0
 .vfp11_veneer  0x0800aa68        0x0 linker stubs

.v4_bx          0x0800aa68        0x0
 .v4_bx         0x0800aa68        0x0 linker stubs

.iplt           0x0800aa68        0x0
 .iplt          0x0800aa68        0x0 e:/cubemx/gcc-arm-none-eabi/bin/../lib/gcc/arm-none-eabi/9.2.1/thumb/v7e-m+fp/hard/crtbegin.o

.rodata         0x0800aa68      0x294
                0x0800aa68                . = ALIGN (0x4)
 *(.rodata)
 .rodata        0x0800aa68       0x1c CMakeFiles/Gimbal_Board.elf.dir/Src/freertos.c.obj
 *(.rodata*)
 .rodata.Task_start.str1.4
                0x0800aa84        0xc CMakeFiles/Gimbal_Board.elf.dir/Application/System_Config.cpp.obj
 .rodata.flagBitshiftOffset.9530
                0x0800aa90        0x8 CMakeFiles/Gimbal_Board.elf.dir/Drivers/STM32F4xx_HAL_Driver/Src/stm32f4xx_hal_dma.c.obj
 .rodata.vTaskStartScheduler.str1.4
                0x0800aa98        0x5 CMakeFiles/Gimbal_Board.elf.dir/Middlewares/Third_Party/FreeRTOS/Source/tasks.c.obj
 *fill*         0x0800aa9d        0x3 
 .rodata.prvCheckForValidListAndQueue.str1.4
                0x0800aaa0        0x5 CMakeFiles/Gimbal_Board.elf.dir/Middlewares/Third_Party/FreeRTOS/Source/timers.c.obj
 *fill*         0x0800aaa5        0x3 
 .rodata.xTimerCreateTimerTask.str1.4
                0x0800aaa8        0x8 CMakeFiles/Gimbal_Board.elf.dir/Middlewares/Third_Party/FreeRTOS/Source/timers.c.obj
 .rodata.str1.4
                0x0800aab0        0xa CMakeFiles/Gimbal_Board.elf.dir/Src/freertos.c.obj
 *fill*         0x0800aaba        0x2 
 .rodata.AHBPrescTable
                0x0800aabc       0x10 CMakeFiles/Gimbal_Board.elf.dir/Src/system_stm32f4xx.c.obj
                0x0800aabc                AHBPrescTable
 .rodata.APBPrescTable
                0x0800aacc        0x8 CMakeFiles/Gimbal_Board.elf.dir/Src/system_stm32f4xx.c.obj
                0x0800aacc                APBPrescTable
 .rodata._ZZN8M_Gimbal4initEvE13Yaw_angle_pid
                0x0800aad4        0xc CMakeFiles/Gimbal_Board.elf.dir/module/M_Gimbal.cpp.obj
 .rodata._ZZN8M_Gimbal4initEvE13Yaw_speed_pid
                0x0800aae0        0xc CMakeFiles/Gimbal_Board.elf.dir/module/M_Gimbal.cpp.obj
 .rodata._ZZN8M_Gimbal4initEvE14Yaw_encode_pid
                0x0800aaec        0xc CMakeFiles/Gimbal_Board.elf.dir/module/M_Gimbal.cpp.obj
 .rodata._ZZN8M_Gimbal4initEvE15Pitch_angle_pid
                0x0800aaf8        0xc CMakeFiles/Gimbal_Board.elf.dir/module/M_Gimbal.cpp.obj
 .rodata._ZZN8M_Gimbal4initEvE15Pitch_speed_pid
                0x0800ab04        0xc CMakeFiles/Gimbal_Board.elf.dir/module/M_Gimbal.cpp.obj
 .rodata._ZZN8M_Gimbal4initEvE16Pitch_encode_pid
                0x0800ab10        0xc CMakeFiles/Gimbal_Board.elf.dir/module/M_Gimbal.cpp.obj
 .rodata.npio2_hw
                0x0800ab1c       0x80 e:/cubemx/gcc-arm-none-eabi/bin/../lib/gcc/arm-none-eabi/9.2.1/../../../../arm-none-eabi/lib/thumb/v7e-m+fp/hard\libm.a(lib_a-e_rem_pio2.o)
 .rodata.two_over_pi
                0x0800ab9c      0x108 e:/cubemx/gcc-arm-none-eabi/bin/../lib/gcc/arm-none-eabi/9.2.1/../../../../arm-none-eabi/lib/thumb/v7e-m+fp/hard\libm.a(lib_a-e_rem_pio2.o)
 *fill*         0x0800aca4        0x4 
 .rodata.PIo2   0x0800aca8       0x40 e:/cubemx/gcc-arm-none-eabi/bin/../lib/gcc/arm-none-eabi/9.2.1/../../../../arm-none-eabi/lib/thumb/v7e-m+fp/hard\libm.a(lib_a-k_rem_pio2.o)
 .rodata.init_jk
                0x0800ace8       0x10 e:/cubemx/gcc-arm-none-eabi/bin/../lib/gcc/arm-none-eabi/9.2.1/../../../../arm-none-eabi/lib/thumb/v7e-m+fp/hard\libm.a(lib_a-k_rem_pio2.o)
 .rodata._global_impure_ptr
                0x0800acf8        0x4 e:/cubemx/gcc-arm-none-eabi/bin/../lib/gcc/arm-none-eabi/9.2.1/../../../../arm-none-eabi/lib/thumb/v7e-m+fp/hard\libg.a(lib_a-impure.o)
                0x0800acf8                _global_impure_ptr
                0x0800acfc                . = ALIGN (0x4)

.ARM.extab      0x0800acfc       0x3c
 *(.ARM.extab* .gnu.linkonce.armextab.*)
 .ARM.extab.text.Task_init
                0x0800acfc        0xc CMakeFiles/Gimbal_Board.elf.dir/Application/System_Config.cpp.obj
 .ARM.extab.text._Z11gimbal_taskPv
                0x0800ad08        0xc CMakeFiles/Gimbal_Board.elf.dir/Application/gimbal_task.cpp.obj
 .ARM.extab.text._ZN8M_Gimbal4initEv
                0x0800ad14        0xc CMakeFiles/Gimbal_Board.elf.dir/module/M_Gimbal.cpp.obj
 .ARM.extab     0x0800ad20       0x18 e:/cubemx/gcc-arm-none-eabi/bin/../lib/gcc/arm-none-eabi/9.2.1/thumb/v7e-m+fp/hard\libgcc.a(pr-support.o)

.ARM            0x0800ad38       0xf8
                0x0800ad38                __exidx_start = .
 *(.ARM.exidx*)
 .ARM.exidx.text.Task_init
                0x0800adf0        0x8 CMakeFiles/Gimbal_Board.elf.dir/Application/System_Config.cpp.obj
 .ARM.exidx.text.Task_start
                0x0800adf8        0x8 CMakeFiles/Gimbal_Board.elf.dir/Application/System_Config.cpp.obj
 .ARM.exidx.text._Z11gimbal_taskPv
                0x0800ae00       0x10 CMakeFiles/Gimbal_Board.elf.dir/Application/gimbal_task.cpp.obj
                                  0x8 (size before relaxing)
 .ARM.exidx.text._ZN8M_Gimbal25motor_ecd_to_angle_changeEtt
                0x0800ae10        0x0 CMakeFiles/Gimbal_Board.elf.dir/module/M_Gimbal.cpp.obj
                                  0x8 (size before relaxing)
 .ARM.exidx.text._ZN8M_Gimbal15feedback_updateEv
                0x0800ae10        0x0 CMakeFiles/Gimbal_Board.elf.dir/module/M_Gimbal.cpp.obj
                                  0x8 (size before relaxing)
 .ARM.exidx.text._ZN8M_Gimbal4initEv
                0x0800ae10        0x8 CMakeFiles/Gimbal_Board.elf.dir/module/M_Gimbal.cpp.obj
 .ARM.exidx.text._ZN10CAN_Gimbal30get_gimbal_motor_measure_pointEh
                0x0800ae18        0x8 CMakeFiles/Gimbal_Board.elf.dir/module/can.cpp.obj
 .ARM.exidx.text.HAL_CAN_RxFifo0MsgPendingCallback
                0x0800ae20        0x8 CMakeFiles/Gimbal_Board.elf.dir/module/can.cpp.obj
 .ARM.exidx.text._ZN13motor_measure17get_motor_measureEPKh
                0x0800ae28        0x8 CMakeFiles/Gimbal_Board.elf.dir/module/motor_measure.cpp.obj
 .ARM.exidx.text._ZN3pid8PID_initEhPKfff
                0x0800ae30        0x0 CMakeFiles/Gimbal_Board.elf.dir/module/pid.cpp.obj
                                  0x8 (size before relaxing)
 .ARM.exidx.text._ZN14remote_control7RC_InitEPhS0_t
                0x0800ae30        0x0 CMakeFiles/Gimbal_Board.elf.dir/module/remote_control.cpp.obj
                                  0x8 (size before relaxing)
 .ARM.exidx.text._ZN14remote_control19remote_control_initEv
                0x0800ae30        0x0 CMakeFiles/Gimbal_Board.elf.dir/module/remote_control.cpp.obj
                                  0x8 (size before relaxing)
 .ARM.exidx.text._ZN14remote_control24get_remote_control_pointEv
                0x0800ae30        0x0 CMakeFiles/Gimbal_Board.elf.dir/module/remote_control.cpp.obj
                                  0x8 (size before relaxing)
 .ARM.exidx     0x0800ad38        0x8 e:/cubemx/gcc-arm-none-eabi/bin/../lib/gcc/arm-none-eabi/9.2.1/thumb/v7e-m+fp/hard\libgcc.a(_udivmoddi4.o)
 .ARM.exidx     0x0800ad40       0x78 e:/cubemx/gcc-arm-none-eabi/bin/../lib/gcc/arm-none-eabi/9.2.1/thumb/v7e-m+fp/hard\libgcc.a(unwind-arm.o)
                                 0xd8 (size before relaxing)
 .ARM.exidx     0x0800adb8       0x38 e:/cubemx/gcc-arm-none-eabi/bin/../lib/gcc/arm-none-eabi/9.2.1/thumb/v7e-m+fp/hard\libgcc.a(pr-support.o)
                0x0800ae30                __exidx_end = .

.rel.dyn        0x0800ae30        0x0
 .rel.iplt      0x0800ae30        0x0 e:/cubemx/gcc-arm-none-eabi/bin/../lib/gcc/arm-none-eabi/9.2.1/thumb/v7e-m+fp/hard/crtbegin.o

.preinit_array  0x0800ae30        0x0
                0x0800ae30                PROVIDE (__preinit_array_start = .)
 *(.preinit_array*)
                0x0800ae30                PROVIDE (__preinit_array_end = .)

.init_array     0x0800ae30        0x8
                0x0800ae30                PROVIDE (__init_array_start = .)
 *(SORT_BY_NAME(.init_array.*))
 .init_array.00000
                0x0800ae30        0x4 e:/cubemx/gcc-arm-none-eabi/bin/../lib/gcc/arm-none-eabi/9.2.1/../../../../arm-none-eabi/lib/thumb/v7e-m+fp/hard\libg.a(lib_a-__call_atexit.o)
 *(.init_array*)
 .init_array    0x0800ae34        0x4 e:/cubemx/gcc-arm-none-eabi/bin/../lib/gcc/arm-none-eabi/9.2.1/thumb/v7e-m+fp/hard/crtbegin.o
                0x0800ae38                PROVIDE (__init_array_end = .)

.fini_array     0x0800ae38        0x4
                0x0800ae38                PROVIDE (__fini_array_start = .)
 *(SORT_BY_NAME(.fini_array.*))
 *(.fini_array*)